Archive member included to satisfy reference by file (symbol)

c:/program files/programy_praca/stm32cubeide_1.9.0/stm32cubeide/plugins/com.st.stm32cube.ide.mcu.externaltools.gnu-tools-for-stm32.10.3-2021.10.win32_1.0.0.202111181127/tools/bin/../lib/gcc/arm-none-eabi/10.3.1/../../../../arm-none-eabi/lib/thumb/v7e-m+fp/hard\libstdc++_nano.a(del_ops.o)
                              ./Core/Src/CButton.o (operator delete(void*, unsigned int))
c:/program files/programy_praca/stm32cubeide_1.9.0/stm32cubeide/plugins/com.st.stm32cube.ide.mcu.externaltools.gnu-tools-for-stm32.10.3-2021.10.win32_1.0.0.202111181127/tools/bin/../lib/gcc/arm-none-eabi/10.3.1/../../../../arm-none-eabi/lib/thumb/v7e-m+fp/hard\libstdc++_nano.a(del_op.o)
                              c:/program files/programy_praca/stm32cubeide_1.9.0/stm32cubeide/plugins/com.st.stm32cube.ide.mcu.externaltools.gnu-tools-for-stm32.10.3-2021.10.win32_1.0.0.202111181127/tools/bin/../lib/gcc/arm-none-eabi/10.3.1/../../../../arm-none-eabi/lib/thumb/v7e-m+fp/hard\libstdc++_nano.a(del_ops.o) (operator delete(void*))
c:/program files/programy_praca/stm32cubeide_1.9.0/stm32cubeide/plugins/com.st.stm32cube.ide.mcu.externaltools.gnu-tools-for-stm32.10.3-2021.10.win32_1.0.0.202111181127/tools/bin/../lib/gcc/arm-none-eabi/10.3.1/../../../../arm-none-eabi/lib/thumb/v7e-m+fp/hard\libc_nano.a(lib_a-errno.o)
                              ./Core/Src/syscalls.o (__errno)
c:/program files/programy_praca/stm32cubeide_1.9.0/stm32cubeide/plugins/com.st.stm32cube.ide.mcu.externaltools.gnu-tools-for-stm32.10.3-2021.10.win32_1.0.0.202111181127/tools/bin/../lib/gcc/arm-none-eabi/10.3.1/../../../../arm-none-eabi/lib/thumb/v7e-m+fp/hard\libc_nano.a(lib_a-exit.o)
                              c:/program files/programy_praca/stm32cubeide_1.9.0/stm32cubeide/plugins/com.st.stm32cube.ide.mcu.externaltools.gnu-tools-for-stm32.10.3-2021.10.win32_1.0.0.202111181127/tools/bin/../lib/gcc/arm-none-eabi/10.3.1/../../../../arm-none-eabi/lib/thumb/v7e-m+fp/hard/crt0.o (exit)
c:/program files/programy_praca/stm32cubeide_1.9.0/stm32cubeide/plugins/com.st.stm32cube.ide.mcu.externaltools.gnu-tools-for-stm32.10.3-2021.10.win32_1.0.0.202111181127/tools/bin/../lib/gcc/arm-none-eabi/10.3.1/../../../../arm-none-eabi/lib/thumb/v7e-m+fp/hard\libc_nano.a(lib_a-impure.o)
                              c:/program files/programy_praca/stm32cubeide_1.9.0/stm32cubeide/plugins/com.st.stm32cube.ide.mcu.externaltools.gnu-tools-for-stm32.10.3-2021.10.win32_1.0.0.202111181127/tools/bin/../lib/gcc/arm-none-eabi/10.3.1/../../../../arm-none-eabi/lib/thumb/v7e-m+fp/hard\libc_nano.a(lib_a-exit.o) (_global_impure_ptr)
c:/program files/programy_praca/stm32cubeide_1.9.0/stm32cubeide/plugins/com.st.stm32cube.ide.mcu.externaltools.gnu-tools-for-stm32.10.3-2021.10.win32_1.0.0.202111181127/tools/bin/../lib/gcc/arm-none-eabi/10.3.1/../../../../arm-none-eabi/lib/thumb/v7e-m+fp/hard\libc_nano.a(lib_a-init.o)
                              c:/program files/programy_praca/stm32cubeide_1.9.0/stm32cubeide/plugins/com.st.stm32cube.ide.mcu.externaltools.gnu-tools-for-stm32.10.3-2021.10.win32_1.0.0.202111181127/tools/bin/../lib/gcc/arm-none-eabi/10.3.1/../../../../arm-none-eabi/lib/thumb/v7e-m+fp/hard/crt0.o (__libc_init_array)
c:/program files/programy_praca/stm32cubeide_1.9.0/stm32cubeide/plugins/com.st.stm32cube.ide.mcu.externaltools.gnu-tools-for-stm32.10.3-2021.10.win32_1.0.0.202111181127/tools/bin/../lib/gcc/arm-none-eabi/10.3.1/../../../../arm-none-eabi/lib/thumb/v7e-m+fp/hard\libc_nano.a(lib_a-malloc.o)
                              c:/program files/programy_praca/stm32cubeide_1.9.0/stm32cubeide/plugins/com.st.stm32cube.ide.mcu.externaltools.gnu-tools-for-stm32.10.3-2021.10.win32_1.0.0.202111181127/tools/bin/../lib/gcc/arm-none-eabi/10.3.1/../../../../arm-none-eabi/lib/thumb/v7e-m+fp/hard\libstdc++_nano.a(del_op.o) (free)
c:/program files/programy_praca/stm32cubeide_1.9.0/stm32cubeide/plugins/com.st.stm32cube.ide.mcu.externaltools.gnu-tools-for-stm32.10.3-2021.10.win32_1.0.0.202111181127/tools/bin/../lib/gcc/arm-none-eabi/10.3.1/../../../../arm-none-eabi/lib/thumb/v7e-m+fp/hard\libc_nano.a(lib_a-memset.o)
                              c:/program files/programy_praca/stm32cubeide_1.9.0/stm32cubeide/plugins/com.st.stm32cube.ide.mcu.externaltools.gnu-tools-for-stm32.10.3-2021.10.win32_1.0.0.202111181127/tools/bin/../lib/gcc/arm-none-eabi/10.3.1/../../../../arm-none-eabi/lib/thumb/v7e-m+fp/hard/crt0.o (memset)
c:/program files/programy_praca/stm32cubeide_1.9.0/stm32cubeide/plugins/com.st.stm32cube.ide.mcu.externaltools.gnu-tools-for-stm32.10.3-2021.10.win32_1.0.0.202111181127/tools/bin/../lib/gcc/arm-none-eabi/10.3.1/../../../../arm-none-eabi/lib/thumb/v7e-m+fp/hard\libc_nano.a(lib_a-nano-freer.o)
[...]
Memory Configuration

Name             Origin             Length             Attributes
CCMRAM           0x0000000010000000 0x0000000000004000 xrw
RAM              0x0000000020000000 0x0000000000010000 xrw
FLASH            0x0000000008000000 0x0000000000080000 xr
*default*        0x0000000000000000 0xffffffffffffffff

Linker script and memory map

LOAD c:/program files/programy_praca/stm32cubeide_1.9.0/stm32cubeide/plugins/com.st.stm32cube.ide.mcu.externaltools.gnu-tools-for-stm32.10.3-2021.10.win32_1.0.0.202111181127/tools/bin/../lib/gcc/arm-none-eabi/10.3.1/thumb/v7e-m+fp/hard/crti.o
LOAD c:/program files/programy_praca/stm32cubeide_1.9.0/stm32cubeide/plugins/com.st.stm32cube.ide.mcu.externaltools.gnu-tools-for-stm32.10.3-2021.10.win32_1.0.0.202111181127/tools/bin/../lib/gcc/arm-none-eabi/10.3.1/thumb/v7e-m+fp/hard/crtbegin.o
LOAD c:/program files/programy_praca/stm32cubeide_1.9.0/stm32cubeide/plugins/com.st.stm32cube.ide.mcu.externaltools.gnu-tools-for-stm32.10.3-2021.10.win32_1.0.0.202111181127/tools/bin/../lib/gcc/arm-none-eabi/10.3.1/../../../../arm-none-eabi/lib/thumb/v7e-m+fp/hard/crt0.o
LOAD ./Core/Src/CButton.o
LOAD ./Core/Src/CCompleteParser.o
LOAD ./Core/Src/CControlLedByUart.o
LOAD ./Core/Src/CDriver.o
LOAD ./Core/Src/CHelper.o
LOAD ./Core/Src/CLed.o
LOAD ./Core/Src/CParser.o
LOAD ./Core/Src/CStateMachineLed.o
LOAD ./Core/Src/CUartDriver.o
LOAD ./Core/Src/main.o
LOAD ./Core/Src/stm32f3xx_hal_msp.o
LOAD ./Core/Src/stm32f3xx_it.o
LOAD ./Core/Src/syscalls.o
LOAD ./Core/Src/sysmem.o
LOAD ./Core/Src/system_stm32f3xx.o
LOAD ./Core/Startup/startup_stm32f303retx.o
LOAD ./Drivers/STM32F3xx_HAL_Driver/Src/stm32f3xx_hal.o
LOAD ./Drivers/STM32F3xx_HAL_Driver/Src/stm32f3xx_hal_cortex.o
LOAD ./Drivers/STM32F3xx_HAL_Driver/Src/stm32f3xx_hal_dma.o
LOAD ./Drivers/STM32F3xx_HAL_Driver/Src/stm32f3xx_hal_exti.o
LOAD ./Drivers/STM32F3xx_HAL_Driver/Src/stm32f3xx_hal_flash.o
LOAD ./Drivers/STM32F3xx_HAL_Driver/Src/stm32f3xx_hal_flash_ex.o
LOAD ./Drivers/STM32F3xx_HAL_Driver/Src/stm32f3xx_hal_gpio.o
LOAD ./Drivers/STM32F3xx_HAL_Driver/Src/stm32f3xx_hal_i2c.o
LOAD ./Drivers/STM32F3xx_HAL_Driver/Src/stm32f3xx_hal_i2c_ex.o
LOAD ./Drivers/STM32F3xx_HAL_Driver/Src/stm32f3xx_hal_pwr.o
LOAD ./Drivers/STM32F3xx_HAL_Driver/Src/stm32f3xx_hal_pwr_ex.o
LOAD ./Drivers/STM32F3xx_HAL_Driver/Src/stm32f3xx_hal_rcc.o
LOAD ./Drivers/STM32F3xx_HAL_Driver/Src/stm32f3xx_hal_rcc_ex.o
LOAD ./Drivers/STM32F3xx_HAL_Driver/Src/stm32f3xx_hal_tim.o
LOAD ./Drivers/STM32F3xx_HAL_Driver/Src/stm32f3xx_hal_tim_ex.o
LOAD ./Drivers/STM32F3xx_HAL_Driver/Src/stm32f3xx_hal_uart.o
LOAD ./Drivers/STM32F3xx_HAL_Driver/Src/stm32f3xx_hal_uart_ex.o
START GROUP
LOAD c:/program files/programy_praca/stm32cubeide_1.9.0/stm32cubeide/plugins/com.st.stm32cube.ide.mcu.externaltools.gnu-tools-for-stm32.10.3-2021.10.win32_1.0.0.202111181127/tools/bin/../lib/gcc/arm-none-eabi/10.3.1/../../../../arm-none-eabi/lib/thumb/v7e-m+fp/hard\libstdc++_nano.a
LOAD c:/program files/programy_praca/stm32cubeide_1.9.0/stm32cubeide/plugins/com.st.stm32cube.ide.mcu.externaltools.gnu-tools-for-stm32.10.3-2021.10.win32_1.0.0.202111181127/tools/bin/../lib/gcc/arm-none-eabi/10.3.1/../../../../arm-none-eabi/lib/thumb/v7e-m+fp/hard\libsupc++_nano.a
END GROUP
LOAD c:/program files/programy_praca/stm32cubeide_1.9.0/stm32cubeide/plugins/com.st.stm32cube.ide.mcu.externaltools.gnu-tools-for-stm32.10.3-2021.10.win32_1.0.0.202111181127/tools/bin/../lib/gcc/arm-none-eabi/10.3.1/../../../../arm-none-eabi/lib/thumb/v7e-m+fp/hard\libstdc++_nano.a
LOAD c:/program files/programy_praca/stm32cubeide_1.9.0/stm32cubeide/plugins/com.st.stm32cube.ide.mcu.externaltools.gnu-tools-for-stm32.10.3-2021.10.win32_1.0.0.202111181127/tools/bin/../lib/gcc/arm-none-eabi/10.3.1/../../../../arm-none-eabi/lib/thumb/v7e-m+fp/hard\libm.a
LOAD c:/program files/programy_praca/stm32cubeide_1.9.0/stm32cubeide/plugins/com.st.stm32cube.ide.mcu.externaltools.gnu-tools-for-stm32.10.3-2021.10.win32_1.0.0.202111181127/tools/bin/../lib/gcc/arm-none-eabi/10.3.1/../../../../arm-none-eabi/lib/thumb/v7e-m+fp/hard\libc_nano.a
START GROUP
LOAD c:/program files/programy_praca/stm32cubeide_1.9.0/stm32cubeide/plugins/com.st.stm32cube.ide.mcu.externaltools.gnu-tools-for-stm32.10.3-2021.10.win32_1.0.0.202111181127/tools/bin/../lib/gcc/arm-none-eabi/10.3.1/thumb/v7e-m+fp/hard\libgcc.a
LOAD c:/program files/programy_praca/stm32cubeide_1.9.0/stm32cubeide/plugins/com.st.stm32cube.ide.mcu.externaltools.gnu-tools-for-stm32.10.3-2021.10.win32_1.0.0.202111181127/tools/bin/../lib/gcc/arm-none-eabi/10.3.1/../../../../arm-none-eabi/lib/thumb/v7e-m+fp/hard\libc_nano.a
END GROUP
START GROUP
LOAD c:/program files/programy_praca/stm32cubeide_1.9.0/stm32cubeide/plugins/com.st.stm32cube.ide.mcu.externaltools.gnu-tools-for-stm32.10.3-2021.10.win32_1.0.0.202111181127/tools/bin/../lib/gcc/arm-none-eabi/10.3.1/thumb/v7e-m+fp/hard\libgcc.a
LOAD c:/program files/programy_praca/stm32cubeide_1.9.0/stm32cubeide/plugins/com.st.stm32cube.ide.mcu.externaltools.gnu-tools-for-stm32.10.3-2021.10.win32_1.0.0.202111181127/tools/bin/../lib/gcc/arm-none-eabi/10.3.1/../../../../arm-none-eabi/lib/thumb/v7e-m+fp/hard\libc_nano.a
LOAD c:/program files/programy_praca/stm32cubeide_1.9.0/stm32cubeide/plugins/com.st.stm32cube.ide.mcu.externaltools.gnu-tools-for-stm32.10.3-2021.10.win32_1.0.0.202111181127/tools/bin/../lib/gcc/arm-none-eabi/10.3.1/../../../../arm-none-eabi/lib/thumb/v7e-m+fp/hard\libnosys.a
END GROUP
START GROUP
LOAD c:/program files/programy_praca/stm32cubeide_1.9.0/stm32cubeide/plugins/com.st.stm32cube.ide.mcu.externaltools.gnu-tools-for-stm32.10.3-2021.10.win32_1.0.0.202111181127/tools/bin/../lib/gcc/arm-none-eabi/10.3.1/thumb/v7e-m+fp/hard\libgcc.a
LOAD c:/program files/programy_praca/stm32cubeide_1.9.0/stm32cubeide/plugins/com.st.stm32cube.ide.mcu.externaltools.gnu-tools-for-stm32.10.3-2021.10.win32_1.0.0.202111181127/tools/bin/../lib/gcc/arm-none-eabi/10.3.1/../../../../arm-none-eabi/lib/thumb/v7e-m+fp/hard\libc_nano.a
LOAD c:/program files/programy_praca/stm32cubeide_1.9.0/stm32cubeide/plugins/com.st.stm32cube.ide.mcu.externaltools.gnu-tools-for-stm32.10.3-2021.10.win32_1.0.0.202111181127/tools/bin/../lib/gcc/arm-none-eabi/10.3.1/../../../../arm-none-eabi/lib/thumb/v7e-m+fp/hard\libnosys.a
END GROUP
LOAD c:/program files/programy_praca/stm32cubeide_1.9.0/stm32cubeide/plugins/com.st.stm32cube.ide.mcu.externaltools.gnu-tools-for-stm32.10.3-2021.10.win32_1.0.0.202111181127/tools/bin/../lib/gcc/arm-none-eabi/10.3.1/thumb/v7e-m+fp/hard/crtend.o
LOAD c:/program files/programy_praca/stm32cubeide_1.9.0/stm32cubeide/plugins/com.st.stm32cube.ide.mcu.externaltools.gnu-tools-for-stm32.10.3-2021.10.win32_1.0.0.202111181127/tools/bin/../lib/gcc/arm-none-eabi/10.3.1/thumb/v7e-m+fp/hard/crtn.o
                0x0000000020010000                _estack = (ORIGIN (RAM) + LENGTH (RAM))
                0x0000000000000200                _Min_Heap_Size = 0x200
                0x0000000000000400                _Min_Stack_Size = 0x400

.isr_vector     0x0000000008000000      0x194
                0x0000000008000000                . = ALIGN (0x4)
 *(.isr_vector)
 .isr_vector    0x0000000008000000      0x194 ./Core/Startup/startup_stm32f303retx.o
                0x0000000008000000                g_pfnVectors
                0x0000000008000194                . = ALIGN (0x4)

.text           0x0000000008000194     0x43c8
                0x0000000008000194                . = ALIGN (0x4)
 *(.text)
 .text          0x0000000008000194       0x40 c:/program files/programy_praca/stm32cubeide_1.9.0/stm32cubeide/plugins/com.st.stm32cube.ide.mcu.externaltools.gnu-tools-for-stm32.10.3-2021.10.win32_1.0.0.202111181127/tools/bin/../lib/gcc/arm-none-eabi/10.3.1/thumb/v7e-m+fp/hard/crtbegin.o
 .text          0x00000000080001d4       0x14 c:/program files/programy_praca/stm32cubeide_1.9.0/stm32cubeide/plugins/com.st.stm32cube.ide.mcu.externaltools.gnu-tools-for-stm32.10.3-2021.10.win32_1.0.0.202111181127/tools/bin/../lib/gcc/arm-none-eabi/10.3.1/../../../../arm-none-eabi/lib/thumb/v7e-m+fp/hard\libc_nano.a(lib_a-strcmp.o)
                0x00000000080001d4                strcmp
 *(.text*)
 .text._ZN7CButtonC2Ev
                0x00000000080001e8       0x20 ./Core/Src/CButton.o
                0x00000000080001e8                CButton::CButton()
                0x00000000080001e8                CButton::CButton()
 .text._ZN7CButtonD2Ev
                0x0000000008000208       0x20 ./Core/Src/CButton.o
                0x0000000008000208                CButton::~CButton()
                0x0000000008000208                CButton::~CButton()
 .text._ZN7CButtonD0Ev
                0x0000000008000228       0x20 ./Core/Src/CButton.o
                0x0000000008000228                CButton::~CButton()
 .text._ZN15CCompleteParserC2Ev
                0x0000000008000248       0x20 ./Core/Src/CCompleteParser.o
                0x0000000008000248                CCompleteParser::CCompleteParser()
                0x0000000008000248                CCompleteParser::CCompleteParser()
 .text._ZN15CCompleteParserD2Ev
                0x0000000008000268       0x20 ./Core/Src/CCompleteParser.o
                0x0000000008000268                CCompleteParser::~CCompleteParser()
                0x0000000008000268                CCompleteParser::~CCompleteParser()
 .text._ZN15CCompleteParserD0Ev
                0x0000000008000288       0x20 ./Core/Src/CCompleteParser.o
                0x0000000008000288                CCompleteParser::~CCompleteParser()
 .text._ZN15CCompleteParser4initEP11CUartDriverP4CLedS3_S3_
                0x00000000080002a8       0x32 ./Core/Src/CCompleteParser.o
                0x00000000080002a8                CCompleteParser::init(CUartDriver*, CLed*, CLed*, CLed*)
 *fill*         0x00000000080002da        0x2 
 .text._ZN17CControlLedByUart9SCommandsC2Ev
                0x00000000080002dc       0x3c ./Core/Src/CControlLedByUart.o
                0x00000000080002dc                CControlLedByUart::SCommands::SCommands()
                0x00000000080002dc                CControlLedByUart::SCommands::SCommands()
 .text._ZN17CControlLedByUartC2Ev
                0x0000000008000318       0x28 ./Core/Src/CControlLedByUart.o
                0x0000000008000318                CControlLedByUart::CControlLedByUart()
                0x0000000008000318                CControlLedByUart::CControlLedByUart()
 .text._ZN17CControlLedByUartD2Ev
                0x0000000008000340       0x20 ./Core/Src/CControlLedByUart.o
                0x0000000008000340                CControlLedByUart::~CControlLedByUart()
                0x0000000008000340                CControlLedByUart::~CControlLedByUart()
 .text._ZN17CControlLedByUartD0Ev
                0x0000000008000360       0x20 ./Core/Src/CControlLedByUart.o
                0x0000000008000360                CControlLedByUart::~CControlLedByUart()
 .text._ZN17CControlLedByUart4initEP11CUartDriverP4CLed
                0x0000000008000380       0x24 ./Core/Src/CControlLedByUart.o
                0x0000000008000380                CControlLedByUart::init(CUartDriver*, CLed*)
 .text._ZN17CControlLedByUart6updateEv
                0x00000000080003a4       0x52 ./Core/Src/CControlLedByUart.o
                0x00000000080003a4                CControlLedByUart::update()
 .text._ZN7CDriverC2Ev
                0x00000000080003f6       0x16 ./Core/Src/CDriver.o
                0x00000000080003f6                CDriver::CDriver()
                0x00000000080003f6                CDriver::CDriver()
 .text._ZN7CDriverD2Ev
                0x000000000800040c       0x16 ./Core/Src/CDriver.o
                0x000000000800040c                CDriver::~CDriver()
                0x000000000800040c                CDriver::~CDriver()
 *fill*         0x0000000008000422        0x2 
 .text._ZN7CDriver4initEv
                0x0000000008000424       0x88 ./Core/Src/CDriver.o
                0x0000000008000424                CDriver::init()
 .text._ZN7CDriver6updateEv
                0x00000000080004ac       0x44 ./Core/Src/CDriver.o
                0x00000000080004ac                CDriver::update()
 .text._Z41__static_initialization_and_destruction_0ii
                0x00000000080004f0       0xc4 ./Core/Src/CDriver.o
 .text._GLOBAL__sub_I__ZN7CDriver12driverBufferE
                0x00000000080005b4       0x10 ./Core/Src/CDriver.o
 .text._GLOBAL__sub_D__ZN7CDriver12driverBufferE
                0x00000000080005c4       0x10 ./Core/Src/CDriver.o
 .text._ZN11CUartDriver7getUartEv
                0x00000000080005d4       0x18 ./Core/Src/CHelper.o
                0x00000000080005d4                CUartDriver::getUart()
 .text._ZN7CHelper4initEv
                0x00000000080005ec       0x14 ./Core/Src/CHelper.o
                0x00000000080005ec                CHelper::init()
 .text.HAL_UART_TxCpltCallback
                0x0000000008000600       0x20 ./Core/Src/CHelper.o
                0x0000000008000600                HAL_UART_TxCpltCallback
 .text.HAL_UART_RxCpltCallback
                0x0000000008000620       0x34 ./Core/Src/CHelper.o
                0x0000000008000620                HAL_UART_RxCpltCallback
 .text._ZN7CHelper12MX_GPIO_InitEv
                0x0000000008000654      0x11c ./Core/Src/CHelper.o
                0x0000000008000654                CHelper::MX_GPIO_Init()
 .text._ZN7CHelper12MX_NVIC_InitEv
                0x0000000008000770       0x28 ./Core/Src/CHelper.o
                0x0000000008000770                CHelper::MX_NVIC_Init()
 .text._ZN7CHelper18SystemClock_ConfigEv
                0x0000000008000798       0xda ./Core/Src/CHelper.o
                0x0000000008000798                CHelper::SystemClock_Config()
 .text._ZN7CHelper13Error_HandlerEv
                0x0000000008000872        0xa ./Core/Src/CHelper.o
                0x0000000008000872                CHelper::Error_Handler()
 .text._ZN4CLedC2Ev
                0x000000000800087c       0x20 ./Core/Src/CLed.o
                0x000000000800087c                CLed::CLed()
                0x000000000800087c                CLed::CLed()
 .text._ZN4CLedD2Ev
                0x000000000800089c       0x20 ./Core/Src/CLed.o
                0x000000000800089c                CLed::~CLed()
                0x000000000800089c                CLed::~CLed()
 .text._ZN4CLedD0Ev
                0x00000000080008bc       0x20 ./Core/Src/CLed.o
                0x00000000080008bc                CLed::~CLed()
 .text._ZN4CLed4initEP12GPIO_TypeDeftNS_9LedStatesE
                0x00000000080008dc       0x42 ./Core/Src/CLed.o
                0x00000000080008dc                CLed::init(GPIO_TypeDef*, unsigned short, CLed::LedStates)
 .text._ZN4CLed6updateEv
                0x000000000800091e       0x7a ./Core/Src/CLed.o
                0x000000000800091e                CLed::update()
 .text._ZN4CLed9togglePinEv
                0x0000000008000998       0x20 ./Core/Src/CLed.o
                0x0000000008000998                CLed::togglePin()
 .text._ZN4CLed9turnOnLedEv
                0x00000000080009b8       0x20 ./Core/Src/CLed.o
                0x00000000080009b8                CLed::turnOnLed()
 .text._ZN4CLed10turnOffLedEv
                0x00000000080009d8       0x20 ./Core/Src/CLed.o
                0x00000000080009d8                CLed::turnOffLed()
 .text._ZN16CStateMachineLedC2Ev
                0x00000000080009f8       0x20 ./Core/Src/CStateMachineLed.o
                0x00000000080009f8                CStateMachineLed::CStateMachineLed()
                0x00000000080009f8                CStateMachineLed::CStateMachineLed()
 .text._ZN16CStateMachineLedD2Ev
                0x0000000008000a18       0x20 ./Core/Src/CStateMachineLed.o
                0x0000000008000a18                CStateMachineLed::~CStateMachineLed()
                0x0000000008000a18                CStateMachineLed::~CStateMachineLed()
 .text._ZN16CStateMachineLedD0Ev
                0x0000000008000a38       0x20 ./Core/Src/CStateMachineLed.o
                0x0000000008000a38                CStateMachineLed::~CStateMachineLed()
 .text._ZN11CUartDriverC2Ev
                0x0000000008000a58       0x20 ./Core/Src/CUartDriver.o
                0x0000000008000a58                CUartDriver::CUartDriver()
                0x0000000008000a58                CUartDriver::CUartDriver()
 .text._ZN11CUartDriverD2Ev
                0x0000000008000a78       0x20 ./Core/Src/CUartDriver.o
                0x0000000008000a78                CUartDriver::~CUartDriver()
                0x0000000008000a78                CUartDriver::~CUartDriver()
 .text._ZN11CUartDriverD0Ev
                0x0000000008000a98       0x20 ./Core/Src/CUartDriver.o
                0x0000000008000a98                CUartDriver::~CUartDriver()
 .text._ZN11CUartDriver4initEv
                0x0000000008000ab8       0x78 ./Core/Src/CUartDriver.o
                0x0000000008000ab8                CUartDriver::init()
 .text._ZN11CUartDriver13irqRxCompleteEv
                0x0000000008000b30       0x4e ./Core/Src/CUartDriver.o
                0x0000000008000b30                CUartDriver::irqRxComplete()
 .text._ZN11CUartDriver20turnOnReceivingIfOffEv
                0x0000000008000b7e       0x40 ./Core/Src/CUartDriver.o
                0x0000000008000b7e                CUartDriver::turnOnReceivingIfOff()
 .text._ZN11CUartDriver9isEndLineEh
                0x0000000008000bbe       0x30 ./Core/Src/CUartDriver.o
                0x0000000008000bbe                CUartDriver::isEndLine(unsigned char)
 .text._ZN11CUartDriver21writeToReceivedBufferEv
                0x0000000008000bee       0x68 ./Core/Src/CUartDriver.o
                0x0000000008000bee                CUartDriver::writeToReceivedBuffer()
 .text._ZN11CUartDriver7parsingEPKc
                0x0000000008000c56       0x2a ./Core/Src/CUartDriver.o
                0x0000000008000c56                CUartDriver::parsing(char const*)
 .text._ZN11CUartDriver13writeToBufferEh
                0x0000000008000c80       0x5c ./Core/Src/CUartDriver.o
                0x0000000008000c80                CUartDriver::writeToBuffer(unsigned char)
 .text._ZN11CUartDriver14readFromBufferEPh
                0x0000000008000cdc       0x5c ./Core/Src/CUartDriver.o
                0x0000000008000cdc                CUartDriver::readFromBuffer(unsigned char*)
 .text._ZN11CUartDriver13Error_HandlerEv
                0x0000000008000d38        0xa ./Core/Src/CUartDriver.o
                0x0000000008000d38                CUartDriver::Error_Handler()
 *fill*         0x0000000008000d42        0x2 
 .text.main     0x0000000008000d44       0x20 ./Core/Src/main.o
                0x0000000008000d44                main
 .text._Z41__static_initialization_and_destruction_0ii
                0x0000000008000d64       0x44 ./Core/Src/main.o
 .text._GLOBAL__sub_I_m_driver
                0x0000000008000da8       0x10 ./Core/Src/main.o
 .text._GLOBAL__sub_D_m_driver
                0x0000000008000db8       0x10 ./Core/Src/main.o
 .text.HAL_MspInit
                0x0000000008000dc8       0x48 ./Core/Src/stm32f3xx_hal_msp.o
                0x0000000008000dc8                HAL_MspInit
 .text.HAL_UART_MspInit
                0x0000000008000e10       0x84 ./Core/Src/stm32f3xx_hal_msp.o
                0x0000000008000e10                HAL_UART_MspInit
 .text.NMI_Handler
                0x0000000008000e94        0x6 ./Core/Src/stm32f3xx_it.o
                0x0000000008000e94                NMI_Handler
 .text.HardFault_Handler
                0x0000000008000e9a        0x6 ./Core/Src/stm32f3xx_it.o
                0x0000000008000e9a                HardFault_Handler
 .text.MemManage_Handler
                0x0000000008000ea0        0x6 ./Core/Src/stm32f3xx_it.o
                0x0000000008000ea0                MemManage_Handler
 .text.BusFault_Handler
                0x0000000008000ea6        0x6 ./Core/Src/stm32f3xx_it.o
                0x0000000008000ea6                BusFault_Handler
 .text.UsageFault_Handler
                0x0000000008000eac        0x6 ./Core/Src/stm32f3xx_it.o
                0x0000000008000eac                UsageFault_Handler
 .text.SVC_Handler
                0x0000000008000eb2        0xe ./Core/Src/stm32f3xx_it.o
                0x0000000008000eb2                SVC_Handler
 .text.DebugMon_Handler
                0x0000000008000ec0        0xe ./Core/Src/stm32f3xx_it.o
                0x0000000008000ec0                DebugMon_Handler
 .text.PendSV_Handler
                0x0000000008000ece        0xe ./Core/Src/stm32f3xx_it.o
                0x0000000008000ece                PendSV_Handler
 .text.SysTick_Handler
                0x0000000008000edc        0xc ./Core/Src/stm32f3xx_it.o
                0x0000000008000edc                SysTick_Handler
 .text.EXTI0_IRQHandler
                0x0000000008000ee8        0xe ./Core/Src/stm32f3xx_it.o
                0x0000000008000ee8                EXTI0_IRQHandler
 *fill*         0x0000000008000ef6        0x2 
 .text.USART2_IRQHandler
                0x0000000008000ef8       0x1c ./Core/Src/stm32f3xx_it.o
                0x0000000008000ef8                USART2_IRQHandler
 .text.EXTI15_10_IRQHandler
                0x0000000008000f14       0x10 ./Core/Src/stm32f3xx_it.o
                0x0000000008000f14                EXTI15_10_IRQHandler
 .text.SystemInit
                0x0000000008000f24       0x24 ./Core/Src/system_stm32f3xx.o
                0x0000000008000f24                SystemInit
 .text.Reset_Handler
                0x0000000008000f48       0x50 ./Core/Startup/startup_stm32f303retx.o
                0x0000000008000f48                Reset_Handler
 .text.Default_Handler
                0x0000000008000f98        0x2 ./Core/Startup/startup_stm32f303retx.o
                0x0000000008000f98                RTC_Alarm_IRQHandler
                0x0000000008000f98                TIM8_TRG_COM_IRQHandler
                0x0000000008000f98                TIM8_CC_IRQHandler
                0x0000000008000f98                SPI4_IRQHandler
                0x0000000008000f98                TIM1_CC_IRQHandler
                0x0000000008000f98                USB_HP_IRQHandler
                0x0000000008000f98                PVD_IRQHandler
                0x0000000008000f98                TAMP_STAMP_IRQHandler
                0x0000000008000f98                EXTI3_IRQHandler
                0x0000000008000f98                I2C3_ER_IRQHandler
                0x0000000008000f98                USB_HP_CAN_TX_IRQHandler
                0x0000000008000f98                I2C2_EV_IRQHandler
                0x0000000008000f98                FPU_IRQHandler
                0x0000000008000f98                TIM1_UP_TIM16_IRQHandler
                0x0000000008000f98                ADC1_2_IRQHandler
                0x0000000008000f98                SPI1_IRQHandler
                0x0000000008000f98                CAN_SCE_IRQHandler
                0x0000000008000f98                TIM6_DAC_IRQHandler
                0x0000000008000f98                TIM8_UP_IRQHandler
                0x0000000008000f98                DMA2_Channel2_IRQHandler
                0x0000000008000f98                DMA1_Channel4_IRQHandler
                0x0000000008000f98                TIM20_TRG_COM_IRQHandler
                0x0000000008000f98                USART3_IRQHandler
                0x0000000008000f98                DMA1_Channel7_IRQHandler
                0x0000000008000f98                UART5_IRQHandler
                0x0000000008000f98                ADC3_IRQHandler
                0x0000000008000f98                TIM4_IRQHandler
                0x0000000008000f98                CAN_RX1_IRQHandler
                0x0000000008000f98                DMA2_Channel1_IRQHandler
                0x0000000008000f98                I2C1_EV_IRQHandler
                0x0000000008000f98                DMA1_Channel6_IRQHandler
                0x0000000008000f98                UART4_IRQHandler
                0x0000000008000f98                DMA2_Channel4_IRQHandler
                0x0000000008000f98                TIM3_IRQHandler
                0x0000000008000f98                RCC_IRQHandler
                0x0000000008000f98                TIM20_UP_IRQHandler
                0x0000000008000f98                DMA1_Channel1_IRQHandler
                0x0000000008000f98                Default_Handler
                0x0000000008000f98                USBWakeUp_RMP_IRQHandler
                0x0000000008000f98                TIM7_IRQHandler
                0x0000000008000f98                I2C3_EV_IRQHandler
                0x0000000008000f98                EXTI9_5_IRQHandler
                0x0000000008000f98                RTC_WKUP_IRQHandler
                0x0000000008000f98                SPI2_IRQHandler
                0x0000000008000f98                USB_LP_CAN_RX0_IRQHandler
                0x0000000008000f98                DMA2_Channel5_IRQHandler
                0x0000000008000f98                DMA1_Channel5_IRQHandler
                0x0000000008000f98                USB_LP_IRQHandler
                0x0000000008000f98                EXTI4_IRQHandler
                0x0000000008000f98                TIM1_TRG_COM_TIM17_IRQHandler
                0x0000000008000f98                DMA1_Channel3_IRQHandler
                0x0000000008000f98                ADC4_IRQHandler
                0x0000000008000f98                WWDG_IRQHandler
                0x0000000008000f98                TIM2_IRQHandler
                0x0000000008000f98                COMP7_IRQHandler
                0x0000000008000f98                COMP1_2_3_IRQHandler
                0x0000000008000f98                EXTI1_IRQHandler
                0x0000000008000f98                COMP4_5_6_IRQHandler
                0x0000000008000f98                TIM20_BRK_IRQHandler
                0x0000000008000f98                I2C2_ER_IRQHandler
                0x0000000008000f98                DMA1_Channel2_IRQHandler
                0x0000000008000f98                TIM8_BRK_IRQHandler
                0x0000000008000f98                FLASH_IRQHandler
                0x0000000008000f98                TIM20_CC_IRQHandler
                0x0000000008000f98                USART1_IRQHandler
                0x0000000008000f98                SPI3_IRQHandler
                0x0000000008000f98                I2C1_ER_IRQHandler
                0x0000000008000f98                FMC_IRQHandler
                0x0000000008000f98                USBWakeUp_IRQHandler
                0x0000000008000f98                DMA2_Channel3_IRQHandler
                0x0000000008000f98                EXTI2_TSC_IRQHandler
                0x0000000008000f98                TIM1_BRK_TIM15_IRQHandler
 *fill*         0x0000000008000f9a        0x2 
 .text.HAL_Init
                0x0000000008000f9c       0x2c ./Drivers/STM32F3xx_HAL_Driver/Src/stm32f3xx_hal.o
                0x0000000008000f9c                HAL_Init
 .text.HAL_InitTick
                0x0000000008000fc8       0x60 ./Drivers/STM32F3xx_HAL_Driver/Src/stm32f3xx_hal.o
                0x0000000008000fc8                HAL_InitTick
 .text.HAL_IncTick
                0x0000000008001028       0x28 ./Drivers/STM32F3xx_HAL_Driver/Src/stm32f3xx_hal.o
                0x0000000008001028                HAL_IncTick
 .text.HAL_GetTick
                0x0000000008001050       0x18 ./Drivers/STM32F3xx_HAL_Driver/Src/stm32f3xx_hal.o
                0x0000000008001050                HAL_GetTick
 .text.__NVIC_SetPriorityGrouping
                0x0000000008001068       0x48 ./Drivers/STM32F3xx_HAL_Driver/Src/stm32f3xx_hal_cortex.o
 .text.__NVIC_GetPriorityGrouping
                0x00000000080010b0       0x1c ./Drivers/STM32F3xx_HAL_Driver/Src/stm32f3xx_hal_cortex.o
 .text.__NVIC_EnableIRQ
                0x00000000080010cc       0x3c ./Drivers/STM32F3xx_HAL_Driver/Src/stm32f3xx_hal_cortex.o
 .text.__NVIC_SetPriority
                0x0000000008001108       0x54 ./Drivers/STM32F3xx_HAL_Driver/Src/stm32f3xx_hal_cortex.o
 .text.NVIC_EncodePriority
                0x000000000800115c       0x66 ./Drivers/STM32F3xx_HAL_Driver/Src/stm32f3xx_hal_cortex.o
 *fill*         0x00000000080011c2        0x2 
 .text.SysTick_Config
                0x00000000080011c4       0x44 ./Drivers/STM32F3xx_HAL_Driver/Src/stm32f3xx_hal_cortex.o
 .text.HAL_NVIC_SetPriorityGrouping
                0x0000000008001208       0x16 ./Drivers/STM32F3xx_HAL_Driver/Src/stm32f3xx_hal_cortex.o
                0x0000000008001208                HAL_NVIC_SetPriorityGrouping
 .text.HAL_NVIC_SetPriority
                0x000000000800121e       0x38 ./Drivers/STM32F3xx_HAL_Driver/Src/stm32f3xx_hal_cortex.o
                0x000000000800121e                HAL_NVIC_SetPriority
 .text.HAL_NVIC_EnableIRQ
                0x0000000008001256       0x1c ./Drivers/STM32F3xx_HAL_Driver/Src/stm32f3xx_hal_cortex.o
                0x0000000008001256                HAL_NVIC_EnableIRQ
 .text.HAL_SYSTICK_Config
                0x0000000008001272       0x18 ./Drivers/STM32F3xx_HAL_Driver/Src/stm32f3xx_hal_cortex.o
                0x0000000008001272                HAL_SYSTICK_Config
 .text.HAL_DMA_Abort
                0x000000000800128a       0x72 ./Drivers/STM32F3xx_HAL_Driver/Src/stm32f3xx_hal_dma.o
                0x000000000800128a                HAL_DMA_Abort
 .text.HAL_DMA_Abort_IT
                0x00000000080012fc       0x7c ./Drivers/STM32F3xx_HAL_Driver/Src/stm32f3xx_hal_dma.o
                0x00000000080012fc                HAL_DMA_Abort_IT
 .text.HAL_GPIO_Init
                0x0000000008001378      0x314 ./Drivers/STM32F3xx_HAL_Driver/Src/stm32f3xx_hal_gpio.o
                0x0000000008001378                HAL_GPIO_Init
 .text.HAL_GPIO_WritePin
                0x000000000800168c       0x30 ./Drivers/STM32F3xx_HAL_Driver/Src/stm32f3xx_hal_gpio.o
                0x000000000800168c                HAL_GPIO_WritePin
 .text.HAL_GPIO_TogglePin
                0x00000000080016bc       0x34 ./Drivers/STM32F3xx_HAL_Driver/Src/stm32f3xx_hal_gpio.o
                0x00000000080016bc                HAL_GPIO_TogglePin
 .text.HAL_GPIO_EXTI_IRQHandler
                0x00000000080016f0       0x30 ./Drivers/STM32F3xx_HAL_Driver/Src/stm32f3xx_hal_gpio.o
                0x00000000080016f0                HAL_GPIO_EXTI_IRQHandler
 .text.HAL_GPIO_EXTI_Callback
                0x0000000008001720       0x16 ./Drivers/STM32F3xx_HAL_Driver/Src/stm32f3xx_hal_gpio.o
                0x0000000008001720                HAL_GPIO_EXTI_Callback
 *fill*         0x0000000008001736        0x2 
 .text.HAL_RCC_OscConfig
                0x0000000008001738     0x10a8 ./Drivers/STM32F3xx_HAL_Driver/Src/stm32f3xx_hal_rcc.o
                0x0000000008001738                HAL_RCC_OscConfig
 .text.HAL_RCC_ClockConfig
                0x00000000080027e0      0x2f8 ./Drivers/STM32F3xx_HAL_Driver/Src/stm32f3xx_hal_rcc.o
                0x00000000080027e0                HAL_RCC_ClockConfig
 .text.HAL_RCC_GetSysClockFreq
                0x0000000008002ad8       0xd4 ./Drivers/STM32F3xx_HAL_Driver/Src/stm32f3xx_hal_rcc.o
                0x0000000008002ad8                HAL_RCC_GetSysClockFreq
 .text.HAL_RCC_GetHCLKFreq
                0x0000000008002bac       0x18 ./Drivers/STM32F3xx_HAL_Driver/Src/stm32f3xx_hal_rcc.o
                0x0000000008002bac                HAL_RCC_GetHCLKFreq
 .text.HAL_RCC_GetPCLK1Freq
                0x0000000008002bc4       0x44 ./Drivers/STM32F3xx_HAL_Driver/Src/stm32f3xx_hal_rcc.o
                0x0000000008002bc4                HAL_RCC_GetPCLK1Freq
 .text.HAL_RCC_GetPCLK2Freq
                0x0000000008002c08       0x44 ./Drivers/STM32F3xx_HAL_Driver/Src/stm32f3xx_hal_rcc.o
                0x0000000008002c08                HAL_RCC_GetPCLK2Freq
 .text.HAL_RCCEx_PeriphCLKConfig
                0x0000000008002c4c      0x43c ./Drivers/STM32F3xx_HAL_Driver/Src/stm32f3xx_hal_rcc_ex.o
                0x0000000008002c4c                HAL_RCCEx_PeriphCLKConfig
 .text.HAL_UART_Init
                0x0000000008003088       0x9c ./Drivers/STM32F3xx_HAL_Driver/Src/stm32f3xx_hal_uart.o
                0x0000000008003088                HAL_UART_Init
 .text.HAL_UART_Receive_IT
                0x0000000008003124       0x9c ./Drivers/STM32F3xx_HAL_Driver/Src/stm32f3xx_hal_uart.o
                0x0000000008003124                HAL_UART_Receive_IT
 .text.HAL_UART_IRQHandler
                0x00000000080031c0      0x5bc ./Drivers/STM32F3xx_HAL_Driver/Src/stm32f3xx_hal_uart.o
                0x00000000080031c0                HAL_UART_IRQHandler
 .text.HAL_UART_ErrorCallback
                0x000000000800377c       0x14 ./Drivers/STM32F3xx_HAL_Driver/Src/stm32f3xx_hal_uart.o
                0x000000000800377c                HAL_UART_ErrorCallback
 .text.HAL_UARTEx_RxEventCallback
                0x0000000008003790       0x18 ./Drivers/STM32F3xx_HAL_Driver/Src/stm32f3xx_hal_uart.o
                0x0000000008003790                HAL_UARTEx_RxEventCallback
 .text.UART_SetConfig
                0x00000000080037a8      0x3ac ./Drivers/STM32F3xx_HAL_Driver/Src/stm32f3xx_hal_uart.o
                0x00000000080037a8                UART_SetConfig
 .text.UART_AdvFeatureConfig
                0x0000000008003b54      0x144 ./Drivers/STM32F3xx_HAL_Driver/Src/stm32f3xx_hal_uart.o
                0x0000000008003b54                UART_AdvFeatureConfig
 .text.UART_CheckIdleState
                0x0000000008003c98       0x92 ./Drivers/STM32F3xx_HAL_Driver/Src/stm32f3xx_hal_uart.o
                0x0000000008003c98                UART_CheckIdleState
 .text.UART_WaitOnFlagUntilTimeout
                0x0000000008003d2a      0x188 ./Drivers/STM32F3xx_HAL_Driver/Src/stm32f3xx_hal_uart.o
                0x0000000008003d2a                UART_WaitOnFlagUntilTimeout
 *fill*         0x0000000008003eb2        0x2 
 .text.UART_Start_Receive_IT
                0x0000000008003eb4      0x158 ./Drivers/STM32F3xx_HAL_Driver/Src/stm32f3xx_hal_uart.o
                0x0000000008003eb4                UART_Start_Receive_IT
 .text.UART_EndRxTransfer
                0x000000000800400c       0xc6 ./Drivers/STM32F3xx_HAL_Driver/Src/stm32f3xx_hal_uart.o
 .text.UART_DMAAbortOnError
                0x00000000080040d2       0x2c ./Drivers/STM32F3xx_HAL_Driver/Src/stm32f3xx_hal_uart.o
 .text.UART_EndTransmit_IT
                0x00000000080040fe       0x54 ./Drivers/STM32F3xx_HAL_Driver/Src/stm32f3xx_hal_uart.o
 .text.UART_RxISR_8BIT
                0x0000000008004152      0x15c ./Drivers/STM32F3xx_HAL_Driver/Src/stm32f3xx_hal_uart.o
 .text.UART_RxISR_16BIT
                0x00000000080042ae      0x15c ./Drivers/STM32F3xx_HAL_Driver/Src/stm32f3xx_hal_uart.o
 .text.HAL_UARTEx_WakeupCallback
                0x000000000800440a       0x14 ./Drivers/STM32F3xx_HAL_Driver/Src/stm32f3xx_hal_uart_ex.o
                0x000000000800440a                HAL_UARTEx_WakeupCallback
 .text._ZdlPvj  0x000000000800441e        0x4 c:/program files/programy_praca/stm32cubeide_1.9.0/stm32cubeide/plugins/com.st.stm32cube.ide.mcu.externaltools.gnu-tools-for-stm32.10.3-2021.10.win32_1.0.0.202111181127/tools/bin/../lib/gcc/arm-none-eabi/10.3.1/../../../../arm-none-eabi/lib/thumb/v7e-m+fp/hard\libstdc++_nano.a(del_ops.o)
                0x000000000800441e                operator delete(void*, unsigned int)
 .text._ZdlPv   0x0000000008004422        0x4 c:/program files/programy_praca/stm32cubeide_1.9.0/stm32cubeide/plugins/com.st.stm32cube.ide.mcu.externaltools.gnu-tools-for-stm32.10.3-2021.10.win32_1.0.0.202111181127/tools/bin/../lib/gcc/arm-none-eabi/10.3.1/../../../../arm-none-eabi/lib/thumb/v7e-m+fp/hard\libstdc++_nano.a(del_op.o)
                0x0000000008004422                operator delete(void*)
 *fill*         0x0000000008004426        0x2 
 .text.__libc_init_array
                0x0000000008004428       0x48 c:/program files/programy_praca/stm32cubeide_1.9.0/stm32cubeide/plugins/com.st.stm32cube.ide.mcu.externaltools.gnu-tools-for-stm32.10.3-2021.10.win32_1.0.0.202111181127/tools/bin/../lib/gcc/arm-none-eabi/10.3.1/../../../../arm-none-eabi/lib/thumb/v7e-m+fp/hard\libc_nano.a(lib_a-init.o)
                0x0000000008004428                __libc_init_array
 .text.free     0x0000000008004470       0x10 c:/program files/programy_praca/stm32cubeide_1.9.0/stm32cubeide/plugins/com.st.stm32cube.ide.mcu.externaltools.gnu-tools-for-stm32.10.3-2021.10.win32_1.0.0.202111181127/tools/bin/../lib/gcc/arm-none-eabi/10.3.1/../../../../arm-none-eabi/lib/thumb/v7e-m+fp/hard\libc_nano.a(lib_a-malloc.o)
                0x0000000008004470                free
 .text.memset   0x0000000008004480       0x10 c:/program files/programy_praca/stm32cubeide_1.9.0/stm32cubeide/plugins/com.st.stm32cube.ide.mcu.externaltools.gnu-tools-for-stm32.10.3-2021.10.win32_1.0.0.202111181127/tools/bin/../lib/gcc/arm-none-eabi/10.3.1/../../../../arm-none-eabi/lib/thumb/v7e-m+fp/hard\libc_nano.a(lib_a-memset.o)
                0x0000000008004480                memset
 .text._free_r  0x0000000008004490       0x98 c:/program files/programy_praca/stm32cubeide_1.9.0/stm32cubeide/plugins/com.st.stm32cube.ide.mcu.externaltools.gnu-tools-for-stm32.10.3-2021.10.win32_1.0.0.202111181127/tools/bin/../lib/gcc/arm-none-eabi/10.3.1/../../../../arm-none-eabi/lib/thumb/v7e-m+fp/hard\libc_nano.a(lib_a-nano-freer.o)
                0x0000000008004490                _free_r
 .text.__malloc_lock
                0x0000000008004528        0xc c:/program files/programy_praca/stm32cubeide_1.9.0/stm32cubeide/plugins/com.st.stm32cube.ide.mcu.externaltools.gnu-tools-for-stm32.10.3-2021.10.win32_1.0.0.202111181127/tools/bin/../lib/gcc/arm-none-eabi/10.3.1/../../../../arm-none-eabi/lib/thumb/v7e-m+fp/hard\libc_nano.a(lib_a-mlock.o)
                0x0000000008004528                __malloc_lock
 .text.__malloc_unlock
                0x0000000008004534        0xc c:/program files/programy_praca/stm32cubeide_1.9.0/stm32cubeide/plugins/com.st.stm32cube.ide.mcu.externaltools.gnu-tools-for-stm32.10.3-2021.10.win32_1.0.0.202111181127/tools/bin/../lib/gcc/arm-none-eabi/10.3.1/../../../../arm-none-eabi/lib/thumb/v7e-m+fp/hard\libc_nano.a(lib_a-mlock.o)
                0x0000000008004534                __malloc_unlock
 .text.__retarget_lock_acquire_recursive
                0x0000000008004540        0x2 c:/program files/programy_praca/stm32cubeide_1.9.0/stm32cubeide/plugins/com.st.stm32cube.ide.mcu.externaltools.gnu-tools-for-stm32.10.3-2021.10.win32_1.0.0.202111181127/tools/bin/../lib/gcc/arm-none-eabi/10.3.1/../../../../arm-none-eabi/lib/thumb/v7e-m+fp/hard\libc_nano.a(lib_a-lock.o)
                0x0000000008004540                __retarget_lock_acquire_recursive
 .text.__retarget_lock_release_recursive
                0x0000000008004542        0x2 c:/program files/programy_praca/stm32cubeide_1.9.0/stm32cubeide/plugins/com.st.stm32cube.ide.mcu.externaltools.gnu-tools-for-stm32.10.3-2021.10.win32_1.0.0.202111181127/tools/bin/../lib/gcc/arm-none-eabi/10.3.1/../../../../arm-none-eabi/lib/thumb/v7e-m+fp/hard\libc_nano.a(lib_a-lock.o)
                0x0000000008004542                __retarget_lock_release_recursive
 *(.glue_7)
 .glue_7        0x0000000008004544        0x0 linker stubs
 *(.glue_7t)
 .glue_7t       0x0000000008004544        0x0 linker stubs
 *(.eh_frame)
 .eh_frame      0x0000000008004544        0x0 c:/program files/programy_praca/stm32cubeide_1.9.0/stm32cubeide/plugins/com.st.stm32cube.ide.mcu.externaltools.gnu-tools-for-stm32.10.3-2021.10.win32_1.0.0.202111181127/tools/bin/../lib/gcc/arm-none-eabi/10.3.1/thumb/v7e-m+fp/hard/crtbegin.o
 *(.init)
 .init          0x0000000008004544        0x4 c:/program files/programy_praca/stm32cubeide_1.9.0/stm32cubeide/plugins/com.st.stm32cube.ide.mcu.externaltools.gnu-tools-for-stm32.10.3-2021.10.win32_1.0.0.202111181127/tools/bin/../lib/gcc/arm-none-eabi/10.3.1/thumb/v7e-m+fp/hard/crti.o
                0x0000000008004544                _init
 .init          0x0000000008004548        0x8 c:/program files/programy_praca/stm32cubeide_1.9.0/stm32cubeide/plugins/com.st.stm32cube.ide.mcu.externaltools.gnu-tools-for-stm32.10.3-2021.10.win32_1.0.0.202111181127/tools/bin/../lib/gcc/arm-none-eabi/10.3.1/thumb/v7e-m+fp/hard/crtn.o
 *(.fini)
 .fini          0x0000000008004550        0x4 c:/program files/programy_praca/stm32cubeide_1.9.0/stm32cubeide/plugins/com.st.stm32cube.ide.mcu.externaltools.gnu-tools-for-stm32.10.3-2021.10.win32_1.0.0.202111181127/tools/bin/../lib/gcc/arm-none-eabi/10.3.1/thumb/v7e-m+fp/hard/crti.o
                0x0000000008004550                _fini
 .fini          0x0000000008004554        0x8 c:/program files/programy_praca/stm32cubeide_1.9.0/stm32cubeide/plugins/com.st.stm32cube.ide.mcu.externaltools.gnu-tools-for-stm32.10.3-2021.10.win32_1.0.0.202111181127/tools/bin/../lib/gcc/arm-none-eabi/10.3.1/thumb/v7e-m+fp/hard/crtn.o
                0x000000000800455c                . = ALIGN (0x4)
                0x000000000800455c                _etext = .

.vfp11_veneer   0x000000000800455c        0x0
 .vfp11_veneer  0x000000000800455c        0x0 linker stubs

.v4_bx          0x000000000800455c        0x0
 .v4_bx         0x000000000800455c        0x0 linker stubs

.iplt           0x000000000800455c        0x0
 .iplt          0x000000000800455c        0x0 c:/program files/programy_praca/stm32cubeide_1.9.0/stm32cubeide/plugins/com.st.stm32cube.ide.mcu.externaltools.gnu-tools-for-stm32.10.3-2021.10.win32_1.0.0.202111181127/tools/bin/../lib/gcc/arm-none-eabi/10.3.1/thumb/v7e-m+fp/hard/crtbegin.o

.rodata         0x000000000800455c       0xa8
                0x000000000800455c                . = ALIGN (0x4)
 *(.rodata)
 .rodata        0x000000000800455c       0x10 ./Core/Src/CControlLedByUart.o
 *(.rodata*)
 .rodata._ZTV7CButton
                0x000000000800456c       0x10 ./Core/Src/CButton.o
                0x000000000800456c                vtable for CButton
 .rodata._ZTV15CCompleteParser
                0x000000000800457c       0x10 ./Core/Src/CCompleteParser.o
                0x000000000800457c                vtable for CCompleteParser
 .rodata._ZTV17CControlLedByUart
                0x000000000800458c       0x10 ./Core/Src/CControlLedByUart.o
                0x000000000800458c                vtable for CControlLedByUart
 .rodata._ZTV4CLed
                0x000000000800459c       0x10 ./Core/Src/CLed.o
                0x000000000800459c                vtable for CLed
 .rodata._ZTV16CStateMachineLed
                0x00000000080045ac       0x10 ./Core/Src/CStateMachineLed.o
                0x00000000080045ac                vtable for CStateMachineLed
 .rodata._ZTV11CUartDriver
                0x00000000080045bc       0x10 ./Core/Src/CUartDriver.o
                0x00000000080045bc                vtable for CUartDriver
 .rodata.AHBPrescTable
                0x00000000080045cc       0x10 ./Core/Src/system_stm32f3xx.o
                0x00000000080045cc                AHBPrescTable
 .rodata.APBPrescTable
                0x00000000080045dc        0x8 ./Core/Src/system_stm32f3xx.o
                0x00000000080045dc                APBPrescTable
 .rodata.aPLLMULFactorTable
                0x00000000080045e4       0x10 ./Drivers/STM32F3xx_HAL_Driver/Src/stm32f3xx_hal_rcc.o
                0x00000000080045e4                aPLLMULFactorTable
 .rodata.aPredivFactorTable
                0x00000000080045f4       0x10 ./Drivers/STM32F3xx_HAL_Driver/Src/stm32f3xx_hal_rcc.o
                0x00000000080045f4                aPredivFactorTable
                0x0000000008004604                . = ALIGN (0x4)

.rel.dyn        0x0000000008004604        0x0
 .rel.iplt      0x0000000008004604        0x0 c:/program files/programy_praca/stm32cubeide_1.9.0/stm32cubeide/plugins/com.st.stm32cube.ide.mcu.externaltools.gnu-tools-for-stm32.10.3-2021.10.win32_1.0.0.202111181127/tools/bin/../lib/gcc/arm-none-eabi/10.3.1/thumb/v7e-m+fp/hard/crtbegin.o

.ARM.extab      0x0000000008004604        0x0
                0x0000000008004604                . = ALIGN (0x4)
 *(.ARM.extab* .gnu.linkonce.armextab.*)
                0x0000000008004604                . = ALIGN (0x4)

.ARM            0x0000000008004604        0x0
                0x0000000008004604                . = ALIGN (0x4)
                0x0000000008004604                __exidx_start = .
 *(.ARM.exidx*)
                0x0000000008004604                __exidx_end = .
                0x0000000008004604                . = ALIGN (0x4)

.preinit_array  0x0000000008004604        0x0
                0x0000000008004604                . = ALIGN (0x4)
                0x0000000008004604                PROVIDE (__preinit_array_start = .)
 *(.preinit_array*)
                0x0000000008004604                PROVIDE (__preinit_array_end = .)
                0x0000000008004604                . = ALIGN (0x4)

.init_array     0x0000000008004604        0xc
                0x0000000008004604                . = ALIGN (0x4)
                0x0000000008004604                PROVIDE (__init_array_start = .)
 *(SORT_BY_NAME(.init_array.*))
 *(.init_array*)
 .init_array    0x0000000008004604        0x4 c:/program files/programy_praca/stm32cubeide_1.9.0/stm32cubeide/plugins/com.st.stm32cube.ide.mcu.externaltools.gnu-tools-for-stm32.10.3-2021.10.win32_1.0.0.202111181127/tools/bin/../lib/gcc/arm-none-eabi/10.3.1/thumb/v7e-m+fp/hard/crtbegin.o
 .init_array    0x0000000008004608        0x4 ./Core/Src/CDriver.o
 .init_array    0x000000000800460c        0x4 ./Core/Src/main.o
                0x0000000008004610                PROVIDE (__init_array_end = .)
                0x0000000008004610                . = ALIGN (0x4)

.fini_array     0x0000000008004610        0xc
                0x0000000008004610                . = ALIGN (0x4)
                [!provide]                        PROVIDE (__fini_array_start = .)
 *(SORT_BY_NAME(.fini_array.*))
 *(.fini_array*)
 .fini_array    0x0000000008004610        0x4 c:/program files/programy_praca/stm32cubeide_1.9.0/stm32cubeide/plugins/com.st.stm32cube.ide.mcu.externaltools.gnu-tools-for-stm32.10.3-2021.10.win32_1.0.0.202111181127/tools/bin/../lib/gcc/arm-none-eabi/10.3.1/thumb/v7e-m+fp/hard/crtbegin.o
 .fini_array    0x0000000008004614        0x4 ./Core/Src/CDriver.o
 .fini_array    0x0000000008004618        0x4 ./Core/Src/main.o
                [!provide]                        PROVIDE (__fini_array_end = .)
                0x000000000800461c                . = ALIGN (0x4)
                0x000000000800461c                _sidata = LOADADDR (.data)

.data           0x0000000020000000       0x70 load address 0x000000000800461c
                0x0000000020000000                . = ALIGN (0x4)
                0x0000000020000000                _sdata = .
 *(.data)
 *(.data*)
 .data.SystemCoreClock
                0x0000000020000000        0x4 ./Core/Src/system_stm32f3xx.o
                0x0000000020000000                SystemCoreClock
 .data.uwTickPrio
                0x0000000020000004        0x4 ./Drivers/STM32F3xx_HAL_Driver/Src/stm32f3xx_hal.o
                0x0000000020000004                uwTickPrio
 .data.uwTickFreq
                0x0000000020000008        0x1 ./Drivers/STM32F3xx_HAL_Driver/Src/stm32f3xx_hal.o
                0x0000000020000008                uwTickFreq
 *fill*         0x0000000020000009        0x3 
 .data._impure_ptr
                0x000000002000000c        0x4 c:/program files/programy_praca/stm32cubeide_1.9.0/stm32cubeide/plugins/com.st.stm32cube.ide.mcu.externaltools.gnu-tools-for-stm32.10.3-2021.10.win32_1.0.0.202111181127/tools/bin/../lib/gcc/arm-none-eabi/10.3.1/../../../../arm-none-eabi/lib/thumb/v7e-m+fp/hard\libc_nano.a(lib_a-impure.o)
                0x000000002000000c                _impure_ptr
 .data.impure_data
                0x0000000020000010       0x60 c:/program files/programy_praca/stm32cubeide_1.9.0/stm32cubeide/plugins/com.st.stm32cube.ide.mcu.externaltools.gnu-tools-for-stm32.10.3-2021.10.win32_1.0.0.202111181127/tools/bin/../lib/gcc/arm-none-eabi/10.3.1/../../../../arm-none-eabi/lib/thumb/v7e-m+fp/hard\libc_nano.a(lib_a-impure.o)
 *(.RamFunc)
 *(.RamFunc*)
                0x0000000020000070                . = ALIGN (0x4)
                0x0000000020000070                _edata = .

.igot.plt       0x0000000020000070        0x0 load address 0x000000000800468c
 .igot.plt      0x0000000020000070        0x0 c:/program files/programy_praca/stm32cubeide_1.9.0/stm32cubeide/plugins/com.st.stm32cube.ide.mcu.externaltools.gnu-tools-for-stm32.10.3-2021.10.win32_1.0.0.202111181127/tools/bin/../lib/gcc/arm-none-eabi/10.3.1/thumb/v7e-m+fp/hard/crtbegin.o
                0x0000000020000070                . = ALIGN (0x4)

.bss            0x0000000020000070      0x1c8 load address 0x000000000800468c
                0x0000000020000070                _sbss = .
                0x0000000020000070                __bss_start__ = _sbss
 *(.bss)
 .bss           0x0000000020000070       0x1c c:/program files/programy_praca/stm32cubeide_1.9.0/stm32cubeide/plugins/com.st.stm32cube.ide.mcu.externaltools.gnu-tools-for-stm32.10.3-2021.10.win32_1.0.0.202111181127/tools/bin/../lib/gcc/arm-none-eabi/10.3.1/thumb/v7e-m+fp/hard/crtbegin.o
 *(.bss*)
 .bss._ZN7CDriver12m_uartDriverE
                0x000000002000008c       0xc0 ./Core/Src/CDriver.o
                0x000000002000008c                CDriver::m_uartDriver
 .bss._ZN7CDriver3LD2E
                0x000000002000014c       0x18 ./Core/Src/CDriver.o
                0x000000002000014c                CDriver::LD2
 .bss._ZN7CDriver8m_redLedE
                0x0000000020000164       0x18 ./Core/Src/CDriver.o
                0x0000000020000164                CDriver::m_redLed
 .bss._ZN7CDriver9m_blueLedE
                0x000000002000017c       0x18 ./Core/Src/CDriver.o
                0x000000002000017c                CDriver::m_blueLed
 .bss._ZN7CDriver10m_greenLedE
                0x0000000020000194       0x18 ./Core/Src/CDriver.o
                0x0000000020000194                CDriver::m_greenLed
 .bss._ZN7CDriver12m_blueButtonE
                0x00000000200001ac       0x1c ./Core/Src/CDriver.o
                0x00000000200001ac                CDriver::m_blueButton
 .bss._ZN7CDriver17m_stateMachineLedE
                0x00000000200001c8       0x10 ./Core/Src/CDriver.o
                0x00000000200001c8                CDriver::m_stateMachineLed
 .bss._ZN7CDriver18m_controlLedByUartE
                0x00000000200001d8       0x1c ./Core/Src/CDriver.o
                0x00000000200001d8                CDriver::m_controlLedByUart
 .bss._ZN7CDriver16m_completeParserE
                0x00000000200001f4       0x34 ./Core/Src/CDriver.o
                0x00000000200001f4                CDriver::m_completeParser
 .bss.m_driver  0x0000000020000228        0x1 ./Core/Src/main.o
                0x0000000020000228                m_driver
 *fill*         0x0000000020000229        0x3 
 .bss.uwTick    0x000000002000022c        0x4 ./Drivers/STM32F3xx_HAL_Driver/Src/stm32f3xx_hal.o
                0x000000002000022c                uwTick
 .bss.__malloc_free_list
                0x0000000020000230        0x4 c:/program files/programy_praca/stm32cubeide_1.9.0/stm32cubeide/plugins/com.st.stm32cube.ide.mcu.externaltools.gnu-tools-for-stm32.10.3-2021.10.win32_1.0.0.202111181127/tools/bin/../lib/gcc/arm-none-eabi/10.3.1/../../../../arm-none-eabi/lib/thumb/v7e-m+fp/hard\libc_nano.a(lib_a-nano-mallocr.o)
                0x0000000020000230                __malloc_free_list
 .bss.__lock___malloc_recursive_mutex
                0x0000000020000234        0x1 c:/program files/programy_praca/stm32cubeide_1.9.0/stm32cubeide/plugins/com.st.stm32cube.ide.mcu.externaltools.gnu-tools-for-stm32.10.3-2021.10.win32_1.0.0.202111181127/tools/bin/../lib/gcc/arm-none-eabi/10.3.1/../../../../arm-none-eabi/lib/thumb/v7e-m+fp/hard\libc_nano.a(lib_a-lock.o)
                0x0000000020000234                __lock___malloc_recursive_mutex
 *(COMMON)
                0x0000000020000238                . = ALIGN (0x4)
 *fill*         0x0000000020000235        0x3 
                0x0000000020000238                _ebss = .
                0x0000000020000238                __bss_end__ = _ebss

._user_heap_stack
                0x0000000020000238      0x600 load address 0x000000000800468c
                0x0000000020000238                . = ALIGN (0x8)
                [!provide]                        PROVIDE (end = .)
                0x0000000020000238                PROVIDE (_end = .)
                0x0000000020000438                . = (. + _Min_Heap_Size)
 *fill*         0x0000000020000238      0x200 
                0x0000000020000838                . = (. + _Min_Stack_Size)
 *fill*         0x0000000020000438      0x400 
                0x0000000020000838                . = ALIGN (0x8)

/DISCARD/
 libc.a(*)
 libm.a(*)
 libgcc.a(*)

.ARM.attributes
                0x0000000000000000       0x30
 *(.ARM.attributes)
 .ARM.attributes
                0x0000000000000000       0x1e c:/program files/programy_praca/stm32cubeide_1.9.0/stm32cubeide/plugins/com.st.stm32cube.ide.mcu.externaltools.gnu-tools-for-stm32.10.3-2021.10.win32_1.0.0.202111181127/tools/bin/../lib/gcc/arm-none-eabi/10.3.1/thumb/v7e-m+fp/hard/crti.o
 .ARM.attributes
                0x000000000000001e       0x34 c:/program files/programy_praca/stm32cubeide_1.9.0/stm32cubeide/plugins/com.st.stm32cube.ide.mcu.externaltools.gnu-tools-for-stm32.10.3-2021.10.win32_1.0.0.202111181127/tools/bin/../lib/gcc/arm-none-eabi/10.3.1/thumb/v7e-m+fp/hard/crtbegin.o
 .ARM.attributes
                0x0000000000000052       0x34 ./Core/Src/CButton.o
 .ARM.attributes
                0x0000000000000086       0x34 ./Core/Src/CCompleteParser.o
 .ARM.attributes
                0x00000000000000ba       0x34 ./Core/Src/CControlLedByUart.o
 .ARM.attributes
                0x00000000000000ee       0x34 ./Core/Src/CDriver.o
 .ARM.attributes
                0x0000000000000122       0x34 ./Core/Src/CHelper.o
 .ARM.attributes
                0x0000000000000156       0x34 ./Core/Src/CLed.o
 .ARM.attributes
                0x000000000000018a       0x34 ./Core/Src/CStateMachineLed.o
 .ARM.attributes
                0x00000000000001be       0x34 ./Core/Src/CUartDriver.o
 .ARM.attributes
                0x00000000000001f2       0x34 ./Core/Src/main.o
 .ARM.attributes
                0x0000000000000226       0x34 ./Core/Src/stm32f3xx_hal_msp.o
 .ARM.attributes
                0x000000000000025a       0x34 ./Core/Src/stm32f3xx_it.o
 .ARM.attributes
                0x000000000000028e       0x34 ./Core/Src/system_stm32f3xx.o
 .ARM.attributes
                0x00000000000002c2       0x21 ./Core/Startup/startup_stm32f303retx.o
 .ARM.attributes
                0x00000000000002e3       0x34 ./Drivers/STM32F3xx_HAL_Driver/Src/stm32f3xx_hal.o
 .ARM.attributes
                0x0000000000000317       0x34 ./Drivers/STM32F3xx_HAL_Driver/Src/stm32f3xx_hal_cortex.o
 .ARM.attributes
                0x000000000000034b       0x34 ./Drivers/STM32F3xx_HAL_Driver/Src/stm32f3xx_hal_dma.o
 .ARM.attributes
                0x000000000000037f       0x34 ./Drivers/STM32F3xx_HAL_Driver/Src/stm32f3xx_hal_gpio.o
 .ARM.attributes
                0x00000000000003b3       0x34 ./Drivers/STM32F3xx_HAL_Driver/Src/stm32f3xx_hal_rcc.o
 .ARM.attributes
                0x00000000000003e7       0x34 ./Drivers/STM32F3xx_HAL_Driver/Src/stm32f3xx_hal_rcc_ex.o
 .ARM.attributes
                0x000000000000041b       0x34 ./Drivers/STM32F3xx_HAL_Driver/Src/stm32f3xx_hal_uart.o
 .ARM.attributes
                0x000000000000044f       0x34 ./Drivers/STM32F3xx_HAL_Driver/Src/stm32f3xx_hal_uart_ex.o
 .ARM.attributes
                0x0000000000000483       0x34 c:/program files/programy_praca/stm32cubeide_1.9.0/stm32cubeide/plugins/com.st.stm32cube.ide.mcu.externaltools.gnu-tools-for-stm32.10.3-2021.10.win32_1.0.0.202111181127/tools/bin/../lib/gcc/arm-none-eabi/10.3.1/../../../../arm-none-eabi/lib/thumb/v7e-m+fp/hard\libstdc++_nano.a(del_ops.o)
 .ARM.attributes
                0x00000000000004b7       0x34 c:/program files/programy_praca/stm32cubeide_1.9.0/stm32cubeide/plugins/com.st.stm32cube.ide.mcu.externaltools.gnu-tools-for-stm32.10.3-2021.10.win32_1.0.0.202111181127/tools/bin/../lib/gcc/arm-none-eabi/10.3.1/../../../../arm-none-eabi/lib/thumb/v7e-m+fp/hard\libstdc++_nano.a(del_op.o)
 .ARM.attributes
                0x00000000000004eb       0x34 c:/program files/programy_praca/stm32cubeide_1.9.0/stm32cubeide/plugins/com.st.stm32cube.ide.mcu.externaltools.gnu-tools-for-stm32.10.3-2021.10.win32_1.0.0.202111181127/tools/bin/../lib/gcc/arm-none-eabi/10.3.1/../../../../arm-none-eabi/lib/thumb/v7e-m+fp/hard\libc_nano.a(lib_a-impure.o)
 .ARM.attributes
                0x000000000000051f       0x34 c:/program files/programy_praca/stm32cubeide_1.9.0/stm32cubeide/plugins/com.st.stm32cube.ide.mcu.externaltools.gnu-tools-for-stm32.10.3-2021.10.win32_1.0.0.202111181127/tools/bin/../lib/gcc/arm-none-eabi/10.3.1/../../../../arm-none-eabi/lib/thumb/v7e-m+fp/hard\libc_nano.a(lib_a-init.o)
 .ARM.attributes
                0x0000000000000553       0x34 c:/program files/programy_praca/stm32cubeide_1.9.0/stm32cubeide/plugins/com.st.stm32cube.ide.mcu.externaltools.gnu-tools-for-stm32.10.3-2021.10.win32_1.0.0.202111181127/tools/bin/../lib/gcc/arm-none-eabi/10.3.1/../../../../arm-none-eabi/lib/thumb/v7e-m+fp/hard\libc_nano.a(lib_a-malloc.o)
 .ARM.attributes
                0x0000000000000587       0x34 c:/program files/programy_praca/stm32cubeide_1.9.0/stm32cubeide/plugins/com.st.stm32cube.ide.mcu.externaltools.gnu-tools-for-stm32.10.3-2021.10.win32_1.0.0.202111181127/tools/bin/../lib/gcc/arm-none-eabi/10.3.1/../../../../arm-none-eabi/lib/thumb/v7e-m+fp/hard\libc_nano.a(lib_a-memset.o)
 .ARM.attributes
                0x00000000000005bb       0x34 c:/program files/programy_praca/stm32cubeide_1.9.0/stm32cubeide/plugins/com.st.stm32cube.ide.mcu.externaltools.gnu-tools-for-stm32.10.3-2021.10.win32_1.0.0.202111181127/tools/bin/../lib/gcc/arm-none-eabi/10.3.1/../../../../arm-none-eabi/lib/thumb/v7e-m+fp/hard\libc_nano.a(lib_a-nano-freer.o)
 .ARM.attributes
                0x00000000000005ef       0x34 c:/program files/programy_praca/stm32cubeide_1.9.0/stm32cubeide/plugins/com.st.stm32cube.ide.mcu.externaltools.gnu-tools-for-stm32.10.3-2021.10.win32_1.0.0.202111181127/tools/bin/../lib/gcc/arm-none-eabi/10.3.1/../../../../arm-none-eabi/lib/thumb/v7e-m+fp/hard\libc_nano.a(lib_a-nano-mallocr.o)
 .ARM.attributes
                0x0000000000000623       0x1c c:/program files/programy_praca/stm32cubeide_1.9.0/stm32cubeide/plugins/com.st.stm32cube.ide.mcu.externaltools.gnu-tools-for-stm32.10.3-2021.10.win32_1.0.0.202111181127/tools/bin/../lib/gcc/arm-none-eabi/10.3.1/../../../../arm-none-eabi/lib/thumb/v7e-m+fp/hard\libc_nano.a(lib_a-strcmp.o)
 .ARM.attributes
                0x000000000000063f       0x34 c:/program files/programy_praca/stm32cubeide_1.9.0/stm32cubeide/plugins/com.st.stm32cube.ide.mcu.externaltools.gnu-tools-for-stm32.10.3-2021.10.win32_1.0.0.202111181127/tools/bin/../lib/gcc/arm-none-eabi/10.3.1/../../../../arm-none-eabi/lib/thumb/v7e-m+fp/hard\libc_nano.a(lib_a-mlock.o)
 .ARM.attributes
                0x0000000000000673       0x34 c:/program files/programy_praca/stm32cubeide_1.9.0/stm32cubeide/plugins/com.st.stm32cube.ide.mcu.externaltools.gnu-tools-for-stm32.10.3-2021.10.win32_1.0.0.202111181127/tools/bin/../lib/gcc/arm-none-eabi/10.3.1/../../../../arm-none-eabi/lib/thumb/v7e-m+fp/hard\libc_nano.a(lib_a-lock.o)
 .ARM.attributes
                0x00000000000006a7       0x1e c:/program files/programy_praca/stm32cubeide_1.9.0/stm32cubeide/plugins/com.st.stm32cube.ide.mcu.externaltools.gnu-tools-for-stm32.10.3-2021.10.win32_1.0.0.202111181127/tools/bin/../lib/gcc/arm-none-eabi/10.3.1/thumb/v7e-m+fp/hard/crtn.o
OUTPUT(ProjektSTM32_Przerwania_i_Uart.elf elf32-littlearm)
LOAD linker stubs
LOAD c:/program files/programy_praca/stm32cubeide_1.9.0/stm32cubeide/plugins/com.st.stm32cube.ide.mcu.externaltools.gnu-tools-for-stm32.10.3-2021.10.win32_1.0.0.202111181127/tools/bin/../lib/gcc/arm-none-eabi/10.3.1/../../../../arm-none-eabi/lib/thumb/v7e-m+fp/hard\libc.a
LOAD c:/program files/programy_praca/stm32cubeide_1.9.0/stm32cubeide/plugins/com.st.stm32cube.ide.mcu.externaltools.gnu-tools-for-stm32.10.3-2021.10.win32_1.0.0.202111181127/tools/bin/../lib/gcc/arm-none-eabi/10.3.1/../../../../arm-none-eabi/lib/thumb/v7e-m+fp/hard\libm.a
LOAD c:/program files/programy_praca/stm32cubeide_1.9.0/stm32cubeide/plugins/com.st.stm32cube.ide.mcu.externaltools.gnu-tools-for-stm32.10.3-2021.10.win32_1.0.0.202111181127/tools/bin/../lib/gcc/arm-none-eabi/10.3.1/thumb/v7e-m+fp/hard\libgcc.a

.debug_info     0x0000000000000000     0xe12b
 .debug_info    0x0000000000000000      0x549 ./Core/Src/CButton.o
 .debug_info    0x0000000000000549      0x33f ./Core/Src/CCompleteParser.o
 .debug_info    0x0000000000000888      0x3e1 ./Core/Src/CControlLedByUart.o
 .debug_info    0x0000000000000c69      0x93c ./Core/Src/CDriver.o
 .debug_info    0x00000000000015a5     0x104b ./Core/Src/CHelper.o
 .debug_info    0x00000000000025f0      0x661 ./Core/Src/CLed.o
 .debug_info    0x0000000000002c51      0x393 ./Core/Src/CStateMachineLed.o
 .debug_info    0x0000000000002fe4      0xe7b ./Core/Src/CUartDriver.o
 .debug_info    0x0000000000003e5f      0x32f ./Core/Src/main.o
 .debug_info    0x000000000000418e      0xb60 ./Core/Src/stm32f3xx_hal_msp.o
 .debug_info    0x0000000000004cee      0x7bd ./Core/Src/stm32f3xx_it.o
 .debug_info    0x00000000000054ab      0x416 ./Core/Src/system_stm32f3xx.o
 .debug_info    0x00000000000058c1       0x22 ./Core/Startup/startup_stm32f303retx.o
 .debug_info    0x00000000000058e3      0x837 ./Drivers/STM32F3xx_HAL_Driver/Src/stm32f3xx_hal.o
 .debug_info    0x000000000000611a      0xdb5 ./Drivers/STM32F3xx_HAL_Driver/Src/stm32f3xx_hal_cortex.o
 .debug_info    0x0000000000006ecf      0x757 ./Drivers/STM32F3xx_HAL_Driver/Src/stm32f3xx_hal_dma.o
 .debug_info    0x0000000000007626      0x74e ./Drivers/STM32F3xx_HAL_Driver/Src/stm32f3xx_hal_gpio.o
 .debug_info    0x0000000000007d74     0x1597 ./Drivers/STM32F3xx_HAL_Driver/Src/stm32f3xx_hal_rcc.o
 .debug_info    0x000000000000930b      0x67f ./Drivers/STM32F3xx_HAL_Driver/Src/stm32f3xx_hal_rcc_ex.o
 .debug_info    0x000000000000998a     0x3ad3 ./Drivers/STM32F3xx_HAL_Driver/Src/stm32f3xx_hal_uart.o
 .debug_info    0x000000000000d45d      0xcce ./Drivers/STM32F3xx_HAL_Driver/Src/stm32f3xx_hal_uart_ex.o

.debug_abbrev   0x0000000000000000     0x2df2
 .debug_abbrev  0x0000000000000000      0x29c ./Core/Src/CButton.o
 .debug_abbrev  0x000000000000029c      0x20e ./Core/Src/CCompleteParser.o
 .debug_abbrev  0x00000000000004aa      0x267 ./Core/Src/CControlLedByUart.o
 .debug_abbrev  0x0000000000000711      0x2cb ./Core/Src/CDriver.o
 .debug_abbrev  0x00000000000009dc      0x299 ./Core/Src/CHelper.o
 .debug_abbrev  0x0000000000000c75      0x29e ./Core/Src/CLed.o
 .debug_abbrev  0x0000000000000f13      0x248 ./Core/Src/CStateMachineLed.o
 .debug_abbrev  0x000000000000115b      0x2fd ./Core/Src/CUartDriver.o
 .debug_abbrev  0x0000000000001458      0x1b1 ./Core/Src/main.o
 .debug_abbrev  0x0000000000001609      0x19d ./Core/Src/stm32f3xx_hal_msp.o
 .debug_abbrev  0x00000000000017a6      0x1a2 ./Core/Src/stm32f3xx_it.o
 .debug_abbrev  0x0000000000001948      0x116 ./Core/Src/system_stm32f3xx.o
 .debug_abbrev  0x0000000000001a5e       0x12 ./Core/Startup/startup_stm32f303retx.o
 .debug_abbrev  0x0000000000001a70      0x20e ./Drivers/STM32F3xx_HAL_Driver/Src/stm32f3xx_hal.o
 .debug_abbrev  0x0000000000001c7e      0x316 ./Drivers/STM32F3xx_HAL_Driver/Src/stm32f3xx_hal_cortex.o
 .debug_abbrev  0x0000000000001f94      0x1fe ./Drivers/STM32F3xx_HAL_Driver/Src/stm32f3xx_hal_dma.o
 .debug_abbrev  0x0000000000002192      0x1bb ./Drivers/STM32F3xx_HAL_Driver/Src/stm32f3xx_hal_gpio.o
 .debug_abbrev  0x000000000000234d      0x30c ./Drivers/STM32F3xx_HAL_Driver/Src/stm32f3xx_hal_rcc.o
 .debug_abbrev  0x0000000000002659      0x239 ./Drivers/STM32F3xx_HAL_Driver/Src/stm32f3xx_hal_rcc_ex.o
 .debug_abbrev  0x0000000000002892      0x2bc ./Drivers/STM32F3xx_HAL_Driver/Src/stm32f3xx_hal_uart.o
 .debug_abbrev  0x0000000000002b4e      0x2a4 ./Drivers/STM32F3xx_HAL_Driver/Src/stm32f3xx_hal_uart_ex.o

.debug_aranges  0x0000000000000000      0xa40
 .debug_aranges
                0x0000000000000000       0x58 ./Core/Src/CButton.o
 .debug_aranges
                0x0000000000000058       0x40 ./Core/Src/CCompleteParser.o
 .debug_aranges
                0x0000000000000098       0x48 ./Core/Src/CControlLedByUart.o
 .debug_aranges
                0x00000000000000e0       0x50 ./Core/Src/CDriver.o
 .debug_aranges
                0x0000000000000130       0x58 ./Core/Src/CHelper.o
 .debug_aranges
                0x0000000000000188       0x78 ./Core/Src/CLed.o
 .debug_aranges
                0x0000000000000200       0x40 ./Core/Src/CStateMachineLed.o
 .debug_aranges
                0x0000000000000240       0xa0 ./Core/Src/CUartDriver.o
 .debug_aranges
                0x00000000000002e0       0x38 ./Core/Src/main.o
 .debug_aranges
                0x0000000000000318       0x30 ./Core/Src/stm32f3xx_hal_msp.o
 .debug_aranges
                0x0000000000000348       0x80 ./Core/Src/stm32f3xx_it.o
 .debug_aranges
                0x00000000000003c8       0x28 ./Core/Src/system_stm32f3xx.o
 .debug_aranges
                0x00000000000003f0       0x28 ./Core/Startup/startup_stm32f303retx.o
 .debug_aranges
                0x0000000000000418       0xe0 ./Drivers/STM32F3xx_HAL_Driver/Src/stm32f3xx_hal.o
 .debug_aranges
                0x00000000000004f8      0x118 ./Drivers/STM32F3xx_HAL_Driver/Src/stm32f3xx_hal_cortex.o
 .debug_aranges
                0x0000000000000610       0x88 ./Drivers/STM32F3xx_HAL_Driver/Src/stm32f3xx_hal_dma.o
 .debug_aranges
                0x0000000000000698       0x58 ./Drivers/STM32F3xx_HAL_Driver/Src/stm32f3xx_hal_gpio.o
 .debug_aranges
                0x00000000000006f0       0x88 ./Drivers/STM32F3xx_HAL_Driver/Src/stm32f3xx_hal_rcc.o
 .debug_aranges
                0x0000000000000778       0x38 ./Drivers/STM32F3xx_HAL_Driver/Src/stm32f3xx_hal_rcc_ex.o
 .debug_aranges
                0x00000000000007b0      0x228 ./Drivers/STM32F3xx_HAL_Driver/Src/stm32f3xx_hal_uart.o
 .debug_aranges
                0x00000000000009d8       0x68 ./Drivers/STM32F3xx_HAL_Driver/Src/stm32f3xx_hal_uart_ex.o

.debug_ranges   0x0000000000000000      0x928
 .debug_ranges  0x0000000000000000       0x48 ./Core/Src/CButton.o
 .debug_ranges  0x0000000000000048       0x30 ./Core/Src/CCompleteParser.o
 .debug_ranges  0x0000000000000078       0x38 ./Core/Src/CControlLedByUart.o
 .debug_ranges  0x00000000000000b0       0x40 ./Core/Src/CDriver.o
 .debug_ranges  0x00000000000000f0       0x48 ./Core/Src/CHelper.o
 .debug_ranges  0x0000000000000138       0x68 ./Core/Src/CLed.o
 .debug_ranges  0x00000000000001a0       0x30 ./Core/Src/CStateMachineLed.o
 .debug_ranges  0x00000000000001d0       0x90 ./Core/Src/CUartDriver.o
 .debug_ranges  0x0000000000000260       0x28 ./Core/Src/main.o
 .debug_ranges  0x0000000000000288       0x20 ./Core/Src/stm32f3xx_hal_msp.o
 .debug_ranges  0x00000000000002a8       0x70 ./Core/Src/stm32f3xx_it.o
 .debug_ranges  0x0000000000000318       0x18 ./Core/Src/system_stm32f3xx.o
 .debug_ranges  0x0000000000000330       0x20 ./Core/Startup/startup_stm32f303retx.o
 .debug_ranges  0x0000000000000350       0xd0 ./Drivers/STM32F3xx_HAL_Driver/Src/stm32f3xx_hal.o
 .debug_ranges  0x0000000000000420      0x108 ./Drivers/STM32F3xx_HAL_Driver/Src/stm32f3xx_hal_cortex.o
 .debug_ranges  0x0000000000000528       0x78 ./Drivers/STM32F3xx_HAL_Driver/Src/stm32f3xx_hal_dma.o
 .debug_ranges  0x00000000000005a0       0x48 ./Drivers/STM32F3xx_HAL_Driver/Src/stm32f3xx_hal_gpio.o
 .debug_ranges  0x00000000000005e8       0x78 ./Drivers/STM32F3xx_HAL_Driver/Src/stm32f3xx_hal_rcc.o
 .debug_ranges  0x0000000000000660       0x28 ./Drivers/STM32F3xx_HAL_Driver/Src/stm32f3xx_hal_rcc_ex.o
 .debug_ranges  0x0000000000000688      0x248 ./Drivers/STM32F3xx_HAL_Driver/Src/stm32f3xx_hal_uart.o
 .debug_ranges  0x00000000000008d0       0x58 ./Drivers/STM32F3xx_HAL_Driver/Src/stm32f3xx_hal_uart_ex.o

.debug_macro    0x0000000000000000    0x22fc3
 .debug_macro   0x0000000000000000      0x1db ./Core/Src/CButton.o
 .debug_macro   0x00000000000001db      0xb50 ./Core/Src/CButton.o
 .debug_macro   0x0000000000000d2b      0x151 ./Core/Src/CButton.o
 .debug_macro   0x0000000000000e7c       0x2e ./Core/Src/CButton.o
 .debug_macro   0x0000000000000eaa       0x28 ./Core/Src/CButton.o
 .debug_macro   0x0000000000000ed2       0x1c ./Core/Src/CButton.o
 .debug_macro   0x0000000000000eee       0x22 ./Core/Src/CButton.o
 .debug_macro   0x0000000000000f10       0x8e ./Core/Src/CButton.o
 .debug_macro   0x0000000000000f9e       0x51 ./Core/Src/CButton.o
 .debug_macro   0x0000000000000fef      0x103 ./Core/Src/CButton.o
 .debug_macro   0x00000000000010f2       0x6a ./Core/Src/CButton.o
 .debug_macro   0x000000000000115c      0x1df ./Core/Src/CButton.o
 .debug_macro   0x000000000000133b       0x1c ./Core/Src/CButton.o
 .debug_macro   0x0000000000001357       0x22 ./Core/Src/CButton.o
 .debug_macro   0x0000000000001379       0xd9 ./Core/Src/CButton.o
 .debug_macro   0x0000000000001452     0x102d ./Core/Src/CButton.o
 .debug_macro   0x000000000000247f      0x11f ./Core/Src/CButton.o
 .debug_macro   0x000000000000259e    0x1535a ./Core/Src/CButton.o
 .debug_macro   0x00000000000178f8       0x6d ./Core/Src/CButton.o
 .debug_macro   0x0000000000017965     0x3540 ./Core/Src/CButton.o
 .debug_macro   0x000000000001aea5      0x17b ./Core/Src/CButton.o
 .debug_macro   0x000000000001b020       0x55 ./Core/Src/CButton.o
 .debug_macro   0x000000000001b075      0x954 ./Core/Src/CButton.o
 .debug_macro   0x000000000001b9c9      0x84a ./Core/Src/CButton.o
 .debug_macro   0x000000000001c213      0x1b6 ./Core/Src/CButton.o
 .debug_macro   0x000000000001c3c9      0x23a ./Core/Src/CButton.o
 .debug_macro   0x000000000001c603      0x1ea ./Core/Src/CButton.o
 .debug_macro   0x000000000001c7ed      0x1bc ./Core/Src/CButton.o
 .debug_macro   0x000000000001c9a9       0x30 ./Core/Src/CButton.o
 .debug_macro   0x000000000001c9d9       0x3c ./Core/Src/CButton.o
 .debug_macro   0x000000000001ca15      0x236 ./Core/Src/CButton.o
 .debug_macro   0x000000000001cc4b       0xc5 ./Core/Src/CButton.o
 .debug_macro   0x000000000001cd10      0x21d ./Core/Src/CButton.o
 .debug_macro   0x000000000001cf2d      0x22c ./Core/Src/CButton.o
 .debug_macro   0x000000000001d159       0x5b ./Core/Src/CButton.o
 .debug_macro   0x000000000001d1b4       0xa5 ./Core/Src/CButton.o
 .debug_macro   0x000000000001d259       0x81 ./Core/Src/CButton.o
 .debug_macro   0x000000000001d2da       0xd3 ./Core/Src/CButton.o
 .debug_macro   0x000000000001d3ad      0x5a5 ./Core/Src/CButton.o
 .debug_macro   0x000000000001d952       0x44 ./Core/Src/CButton.o
 .debug_macro   0x000000000001d996      0x347 ./Core/Src/CButton.o
 .debug_macro   0x000000000001dcdd       0x94 ./Core/Src/CButton.o
 .debug_macro   0x000000000001dd71      0x1e6 ./Core/Src/CCompleteParser.o
 .debug_macro   0x000000000001df57      0x1f0 ./Core/Src/CControlLedByUart.o
 .debug_macro   0x000000000001e147      0x3cc ./Core/Src/CDriver.o
 .debug_macro   0x000000000001e513       0x9a ./Core/Src/CDriver.o
 .debug_macro   0x000000000001e5ad       0x52 ./Core/Src/CDriver.o
 .debug_macro   0x000000000001e5ff       0x1e ./Core/Src/CDriver.o
 .debug_macro   0x000000000001e61d       0x3c ./Core/Src/CDriver.o
 .debug_macro   0x000000000001e659       0x34 ./Core/Src/CDriver.o
 .debug_macro   0x000000000001e68d       0x16 ./Core/Src/CDriver.o
 .debug_macro   0x000000000001e6a3       0x43 ./Core/Src/CDriver.o
 .debug_macro   0x000000000001e6e6       0x34 ./Core/Src/CDriver.o
 .debug_macro   0x000000000001e71a       0x10 ./Core/Src/CDriver.o
 .debug_macro   0x000000000001e72a       0x58 ./Core/Src/CDriver.o
 .debug_macro   0x000000000001e782       0x71 ./Core/Src/CDriver.o
 .debug_macro   0x000000000001e7f3       0x16 ./Core/Src/CDriver.o
 .debug_macro   0x000000000001e809      0x12a ./Core/Src/CDriver.o
 .debug_macro   0x000000000001e933      0x364 ./Core/Src/CDriver.o
 .debug_macro   0x000000000001ec97       0x10 ./Core/Src/CDriver.o
 .debug_macro   0x000000000001eca7       0x35 ./Core/Src/CDriver.o
 .debug_macro   0x000000000001ecdc       0x20 ./Core/Src/CDriver.o
 .debug_macro   0x000000000001ecfc       0x1c ./Core/Src/CDriver.o
 .debug_macro   0x000000000001ed18       0x10 ./Core/Src/CDriver.o
 .debug_macro   0x000000000001ed28       0x10 ./Core/Src/CDriver.o
 .debug_macro   0x000000000001ed38       0x1c ./Core/Src/CDriver.o
 .debug_macro   0x000000000001ed54       0x52 ./Core/Src/CDriver.o
 .debug_macro   0x000000000001eda6       0x22 ./Core/Src/CDriver.o
 .debug_macro   0x000000000001edc8       0x10 ./Core/Src/CDriver.o
 .debug_macro   0x000000000001edd8       0x52 ./Core/Src/CDriver.o
 .debug_macro   0x000000000001ee2a       0xd5 ./Core/Src/CDriver.o
 .debug_macro   0x000000000001eeff       0x1c ./Core/Src/CDriver.o
 .debug_macro   0x000000000001ef1b       0x3d ./Core/Src/CDriver.o
 .debug_macro   0x000000000001ef58       0x16 ./Core/Src/CDriver.o
 .debug_macro   0x000000000001ef6e      0x137 ./Core/Src/CDriver.o
 .debug_macro   0x000000000001f0a5      0x241 ./Core/Src/CHelper.o
 .debug_macro   0x000000000001f2e6      0x1d2 ./Core/Src/CLed.o
 .debug_macro   0x000000000001f4b8      0x388 ./Core/Src/CStateMachineLed.o
 .debug_macro   0x000000000001f840      0x2a0 ./Core/Src/CUartDriver.o
 .debug_macro   0x000000000001fae0      0x3cc ./Core/Src/main.o
 .debug_macro   0x000000000001feac      0x1d2 ./Core/Src/stm32f3xx_hal_msp.o
 .debug_macro   0x000000000002007e      0xa78 ./Core/Src/stm32f3xx_hal_msp.o
 .debug_macro   0x0000000000020af6     0x102d ./Core/Src/stm32f3xx_hal_msp.o
 .debug_macro   0x0000000000021b23      0x174 ./Core/Src/stm32f3xx_hal_msp.o
 .debug_macro   0x0000000000021c97       0x94 ./Core/Src/stm32f3xx_hal_msp.o
 .debug_macro   0x0000000000021d2b      0x251 ./Core/Src/stm32f3xx_it.o
 .debug_macro   0x0000000000021f7c      0x1c3 ./Core/Src/system_stm32f3xx.o
 .debug_macro   0x000000000002213f      0x1e7 ./Drivers/STM32F3xx_HAL_Driver/Src/stm32f3xx_hal.o
 .debug_macro   0x0000000000022326      0x1c3 ./Drivers/STM32F3xx_HAL_Driver/Src/stm32f3xx_hal_cortex.o
 .debug_macro   0x00000000000224e9      0x1c3 ./Drivers/STM32F3xx_HAL_Driver/Src/stm32f3xx_hal_dma.o
 .debug_macro   0x00000000000226ac      0x1ca ./Drivers/STM32F3xx_HAL_Driver/Src/stm32f3xx_hal_gpio.o
 .debug_macro   0x0000000000022876      0x1e7 ./Drivers/STM32F3xx_HAL_Driver/Src/stm32f3xx_hal_rcc.o
 .debug_macro   0x0000000000022a5d      0x1c3 ./Drivers/STM32F3xx_HAL_Driver/Src/stm32f3xx_hal_rcc_ex.o
 .debug_macro   0x0000000000022c20      0x1e0 ./Drivers/STM32F3xx_HAL_Driver/Src/stm32f3xx_hal_uart.o
 .debug_macro   0x0000000000022e00      0x1c3 ./Drivers/STM32F3xx_HAL_Driver/Src/stm32f3xx_hal_uart_ex.o

.debug_line     0x0000000000000000    0x113bd
 .debug_line    0x0000000000000000      0x94d ./Core/Src/CButton.o
 .debug_line    0x000000000000094d      0x8be ./Core/Src/CCompleteParser.o
 .debug_line    0x000000000000120b      0x912 ./Core/Src/CControlLedByUart.o
 .debug_line    0x0000000000001b1d      0xcf3 ./Core/Src/CDriver.o
 .debug_line    0x0000000000002810      0xa39 ./Core/Src/CHelper.o
 .debug_line    0x0000000000003249      0x97b ./Core/Src/CLed.o
 .debug_line    0x0000000000003bc4      0xc9e ./Core/Src/CStateMachineLed.o
 .debug_line    0x0000000000004862      0xc10 ./Core/Src/CUartDriver.o
 .debug_line    0x0000000000005472      0xc57 ./Core/Src/main.o
 .debug_line    0x00000000000060c9      0x88e ./Core/Src/stm32f3xx_hal_msp.o
 .debug_line    0x0000000000006957      0xa1a ./Core/Src/stm32f3xx_it.o
 .debug_line    0x0000000000007371      0x8ba ./Core/Src/system_stm32f3xx.o
 .debug_line    0x0000000000007c2b       0x88 ./Core/Startup/startup_stm32f303retx.o
 .debug_line    0x0000000000007cb3      0xaea ./Drivers/STM32F3xx_HAL_Driver/Src/stm32f3xx_hal.o
 .debug_line    0x000000000000879d      0xdaf ./Drivers/STM32F3xx_HAL_Driver/Src/stm32f3xx_hal_cortex.o
 .debug_line    0x000000000000954c      0xdfc ./Drivers/STM32F3xx_HAL_Driver/Src/stm32f3xx_hal_dma.o
 .debug_line    0x000000000000a348      0xc73 ./Drivers/STM32F3xx_HAL_Driver/Src/stm32f3xx_hal_gpio.o
 .debug_line    0x000000000000afbb     0x14df ./Drivers/STM32F3xx_HAL_Driver/Src/stm32f3xx_hal_rcc.o
 .debug_line    0x000000000000c49a     0x1006 ./Drivers/STM32F3xx_HAL_Driver/Src/stm32f3xx_hal_rcc_ex.o
 .debug_line    0x000000000000d4a0     0x327c ./Drivers/STM32F3xx_HAL_Driver/Src/stm32f3xx_hal_uart.o
 .debug_line    0x000000000001071c      0xca1 ./Drivers/STM32F3xx_HAL_Driver/Src/stm32f3xx_hal_uart_ex.o

.debug_str      0x0000000000000000    0xc1a12
 .debug_str     0x0000000000000000    0xba42d ./Core/Src/CButton.o
                                      0xbaaff (size before relaxing)
 .debug_str     0x00000000000ba42d      0x1a5 ./Core/Src/CCompleteParser.o
                                      0xba824 (size before relaxing)
 .debug_str     0x00000000000ba5d2      0x24c ./Core/Src/CControlLedByUart.o
                                      0xba8dc (size before relaxing)
 .debug_str     0x00000000000ba81e     0x42db ./Core/Src/CDriver.o
                                      0xbedca (size before relaxing)
 .debug_str     0x00000000000beaf9      0xcbe ./Core/Src/CHelper.o
                                      0xbb927 (size before relaxing)
 .debug_str     0x00000000000bf7b7      0x12f ./Core/Src/CLed.o
                                      0xba920 (size before relaxing)
 .debug_str     0x00000000000bf8e6      0x102 ./Core/Src/CStateMachineLed.o
                                      0xbe89f (size before relaxing)
 .debug_str     0x00000000000bf9e8      0x37b ./Core/Src/CUartDriver.o
                                      0xbde7e (size before relaxing)
 .debug_str     0x00000000000bfd63       0x73 ./Core/Src/main.o
                                      0xbe9f9 (size before relaxing)
 .debug_str     0x00000000000bfdd6      0x27d ./Core/Src/stm32f3xx_hal_msp.o
                                      0xbade1 (size before relaxing)
 .debug_str     0x00000000000c0053      0x130 ./Core/Src/stm32f3xx_it.o
                                      0xbaf0e (size before relaxing)
 .debug_str     0x00000000000c0183       0xe9 ./Core/Src/system_stm32f3xx.o
                                      0xba2db (size before relaxing)
 .debug_str     0x00000000000c026c       0x36 ./Core/Startup/startup_stm32f303retx.o
                                         0x6c (size before relaxing)
 .debug_str     0x00000000000c02a2      0x378 ./Drivers/STM32F3xx_HAL_Driver/Src/stm32f3xx_hal.o
                                      0xbab84 (size before relaxing)
 .debug_str     0x00000000000c061a      0x33c ./Drivers/STM32F3xx_HAL_Driver/Src/stm32f3xx_hal_cortex.o
                                      0xbabd6 (size before relaxing)
 .debug_str     0x00000000000c0956      0x24d ./Drivers/STM32F3xx_HAL_Driver/Src/stm32f3xx_hal_dma.o
                                      0xba623 (size before relaxing)
 .debug_str     0x00000000000c0ba3      0x148 ./Drivers/STM32F3xx_HAL_Driver/Src/stm32f3xx_hal_gpio.o
                                      0xba4c0 (size before relaxing)
 .debug_str     0x00000000000c0ceb      0x2dd ./Drivers/STM32F3xx_HAL_Driver/Src/stm32f3xx_hal_rcc.o
                                      0xba77f (size before relaxing)
 .debug_str     0x00000000000c0fc8       0xbe ./Drivers/STM32F3xx_HAL_Driver/Src/stm32f3xx_hal_rcc_ex.o
                                      0xba5c9 (size before relaxing)
 .debug_str     0x00000000000c1086      0x7e5 ./Drivers/STM32F3xx_HAL_Driver/Src/stm32f3xx_hal_uart.o
                                      0xbafd6 (size before relaxing)
 .debug_str     0x00000000000c186b      0x1a7 ./Drivers/STM32F3xx_HAL_Driver/Src/stm32f3xx_hal_uart_ex.o
                                      0xba8c1 (size before relaxing)

.comment        0x0000000000000000       0x50
 .comment       0x0000000000000000       0x50 ./Core/Src/CButton.o
                                         0x51 (size before relaxing)
 .comment       0x0000000000000050       0x51 ./Core/Src/CCompleteParser.o
 .comment       0x0000000000000050       0x51 ./Core/Src/CControlLedByUart.o
 .comment       0x0000000000000050       0x51 ./Core/Src/CDriver.o
 .comment       0x0000000000000050       0x51 ./Core/Src/CHelper.o
 .comment       0x0000000000000050       0x51 ./Core/Src/CLed.o
 .comment       0x0000000000000050       0x51 ./Core/Src/CStateMachineLed.o
 .comment       0x0000000000000050       0x51 ./Core/Src/CUartDriver.o
 .comment       0x0000000000000050       0x51 ./Core/Src/main.o
 .comment       0x0000000000000050       0x51 ./Core/Src/stm32f3xx_hal_msp.o
 .comment       0x0000000000000050       0x51 ./Core/Src/stm32f3xx_it.o
 .comment       0x0000000000000050       0x51 ./Core/Src/system_stm32f3xx.o
 .comment       0x0000000000000050       0x51 ./Drivers/STM32F3xx_HAL_Driver/Src/stm32f3xx_hal.o
 .comment       0x0000000000000050       0x51 ./Drivers/STM32F3xx_HAL_Driver/Src/stm32f3xx_hal_cortex.o
 .comment       0x0000000000000050       0x51 ./Drivers/STM32F3xx_HAL_Driver/Src/stm32f3xx_hal_dma.o
 .comment       0x0000000000000050       0x51 ./Drivers/STM32F3xx_HAL_Driver/Src/stm32f3xx_hal_gpio.o
 .comment       0x0000000000000050       0x51 ./Drivers/STM32F3xx_HAL_Driver/Src/stm32f3xx_hal_rcc.o
 .comment       0x0000000000000050       0x51 ./Drivers/STM32F3xx_HAL_Driver/Src/stm32f3xx_hal_rcc_ex.o
 .comment       0x0000000000000050       0x51 ./Drivers/STM32F3xx_HAL_Driver/Src/stm32f3xx_hal_uart.o
 .comment       0x0000000000000050       0x51 ./Drivers/STM32F3xx_HAL_Driver/Src/stm32f3xx_hal_uart_ex.o

.debug_frame    0x0000000000000000     0x28f4
 .debug_frame   0x0000000000000000      0x148 ./Core/Src/CButton.o
 .debug_frame   0x0000000000000148       0xd4 ./Core/Src/CCompleteParser.o
 .debug_frame   0x000000000000021c       0xf4 ./Core/Src/CControlLedByUart.o
 .debug_frame   0x0000000000000310      0x104 ./Core/Src/CDriver.o
 .debug_frame   0x0000000000000414      0x11c ./Core/Src/CHelper.o
 .debug_frame   0x0000000000000530      0x1dc ./Core/Src/CLed.o
 .debug_frame   0x000000000000070c       0xd0 ./Core/Src/CStateMachineLed.o
 .debug_frame   0x00000000000007dc      0x280 ./Core/Src/CUartDriver.o
 .debug_frame   0x0000000000000a5c       0x88 ./Core/Src/main.o
 .debug_frame   0x0000000000000ae4       0x7c ./Core/Src/stm32f3xx_hal_msp.o
 .debug_frame   0x0000000000000b60      0x180 ./Core/Src/stm32f3xx_it.o
 .debug_frame   0x0000000000000ce0       0x58 ./Core/Src/system_stm32f3xx.o
 .debug_frame   0x0000000000000d38      0x334 ./Drivers/STM32F3xx_HAL_Driver/Src/stm32f3xx_hal.o
 .debug_frame   0x000000000000106c      0x498 ./Drivers/STM32F3xx_HAL_Driver/Src/stm32f3xx_hal_cortex.o
 .debug_frame   0x0000000000001504      0x224 ./Drivers/STM32F3xx_HAL_Driver/Src/stm32f3xx_hal_dma.o
 .debug_frame   0x0000000000001728      0x14c ./Drivers/STM32F3xx_HAL_Driver/Src/stm32f3xx_hal_gpio.o
 .debug_frame   0x0000000000001874      0x214 ./Drivers/STM32F3xx_HAL_Driver/Src/stm32f3xx_hal_rcc.o
 .debug_frame   0x0000000000001a88       0xb4 ./Drivers/STM32F3xx_HAL_Driver/Src/stm32f3xx_hal_rcc_ex.o
 .debug_frame   0x0000000000001b3c      0x9e8 ./Drivers/STM32F3xx_HAL_Driver/Src/stm32f3xx_hal_uart.o
 .debug_frame   0x0000000000002524      0x190 ./Drivers/STM32F3xx_HAL_Driver/Src/stm32f3xx_hal_uart_ex.o
 .debug_frame   0x00000000000026b4       0x20 c:/program files/programy_praca/stm32cubeide_1.9.0/stm32cubeide/plugins/com.st.stm32cube.ide.mcu.externaltools.gnu-tools-for-stm32.10.3-2021.10.win32_1.0.0.202111181127/tools/bin/../lib/gcc/arm-none-eabi/10.3.1/../../../../arm-none-eabi/lib/thumb/v7e-m+fp/hard\libstdc++_nano.a(del_ops.o)
 .debug_frame   0x00000000000026d4       0x20 c:/program files/programy_praca/stm32cubeide_1.9.0/stm32cubeide/plugins/com.st.stm32cube.ide.mcu.externaltools.gnu-tools-for-stm32.10.3-2021.10.win32_1.0.0.202111181127/tools/bin/../lib/gcc/arm-none-eabi/10.3.1/../../../../arm-none-eabi/lib/thumb/v7e-m+fp/hard\libstdc++_nano.a(del_op.o)
 .debug_frame   0x00000000000026f4       0x2c c:/program files/programy_praca/stm32cubeide_1.9.0/stm32cubeide/plugins/com.st.stm32cube.ide.mcu.externaltools.gnu-tools-for-stm32.10.3-2021.10.win32_1.0.0.202111181127/tools/bin/../lib/gcc/arm-none-eabi/10.3.1/../../../../arm-none-eabi/lib/thumb/v7e-m+fp/hard\libc_nano.a(lib_a-init.o)
 .debug_frame   0x0000000000002720       0x30 c:/program files/programy_praca/stm32cubeide_1.9.0/stm32cubeide/plugins/com.st.stm32cube.ide.mcu.externaltools.gnu-tools-for-stm32.10.3-2021.10.win32_1.0.0.202111181127/tools/bin/../lib/gcc/arm-none-eabi/10.3.1/../../../../arm-none-eabi/lib/thumb/v7e-m+fp/hard\libc_nano.a(lib_a-malloc.o)
 .debug_frame   0x0000000000002750       0x20 c:/program files/programy_praca/stm32cubeide_1.9.0/stm32cubeide/plugins/com.st.stm32cube.ide.mcu.externaltools.gnu-tools-for-stm32.10.3-2021.10.win32_1.0.0.202111181127/tools/bin/../lib/gcc/arm-none-eabi/10.3.1/../../../../arm-none-eabi/lib/thumb/v7e-m+fp/hard\libc_nano.a(lib_a-memset.o)
 .debug_frame   0x0000000000002770       0x38 c:/program files/programy_praca/stm32cubeide_1.9.0/stm32cubeide/plugins/com.st.stm32cube.ide.mcu.externaltools.gnu-tools-for-stm32.10.3-2021.10.win32_1.0.0.202111181127/tools/bin/../lib/gcc/arm-none-eabi/10.3.1/../../../../arm-none-eabi/lib/thumb/v7e-m+fp/hard\libc_nano.a(lib_a-nano-freer.o)
 .debug_frame   0x00000000000027a8       0x4c c:/program files/programy_praca/stm32cubeide_1.9.0/stm32cubeide/plugins/com.st.stm32cube.ide.mcu.externaltools.gnu-tools-for-stm32.10.3-2021.10.win32_1.0.0.202111181127/tools/bin/../lib/gcc/arm-none-eabi/10.3.1/../../../../arm-none-eabi/lib/thumb/v7e-m+fp/hard\libc_nano.a(lib_a-nano-mallocr.o)
 .debug_frame   0x00000000000027f4       0x20 c:/program files/programy_praca/stm32cubeide_1.9.0/stm32cubeide/plugins/com.st.stm32cube.ide.mcu.externaltools.gnu-tools-for-stm32.10.3-2021.10.win32_1.0.0.202111181127/tools/bin/../lib/gcc/arm-none-eabi/10.3.1/../../../../arm-none-eabi/lib/thumb/v7e-m+fp/hard\libc_nano.a(lib_a-strcmp.o)
 .debug_frame   0x0000000000002814       0x30 c:/program files/programy_praca/stm32cubeide_1.9.0/stm32cubeide/plugins/com.st.stm32cube.ide.mcu.externaltools.gnu-tools-for-stm32.10.3-2021.10.win32_1.0.0.202111181127/tools/bin/../lib/gcc/arm-none-eabi/10.3.1/../../../../arm-none-eabi/lib/thumb/v7e-m+fp/hard\libc_nano.a(lib_a-mlock.o)
 .debug_frame   0x0000000000002844       0xb0 c:/program files/programy_praca/stm32cubeide_1.9.0/stm32cubeide/plugins/com.st.stm32cube.ide.mcu.externaltools.gnu-tools-for-stm32.10.3-2021.10.win32_1.0.0.202111181127/tools/bin/../lib/gcc/arm-none-eabi/10.3.1/../../../../arm-none-eabi/lib/thumb/v7e-m+fp/hard\libc_nano.a(lib_a-lock.o)
