Archive member included to satisfy reference by file (symbol)

d:/stm32cubeide_1.6.1/stm32cubeide/plugins/com.st.stm32cube.ide.mcu.externaltools.gnu-tools-for-stm32.9-2020-q2-update.win32_1.5.0.202011040924/tools/bin/../lib/gcc/arm-none-eabi/9.3.1/../../../../arm-none-eabi/lib/thumb/v7e-m+fp/hard\libstdc++_nano.a(del_ops.o)
                              Core/Src/CButton.o (operator delete(void*, unsigned int))
d:/stm32cubeide_1.6.1/stm32cubeide/plugins/com.st.stm32cube.ide.mcu.externaltools.gnu-tools-for-stm32.9-2020-q2-update.win32_1.5.0.202011040924/tools/bin/../lib/gcc/arm-none-eabi/9.3.1/../../../../arm-none-eabi/lib/thumb/v7e-m+fp/hard\libstdc++_nano.a(pure.o)
                              Core/Src/CButton.o (__cxa_pure_virtual)
d:/stm32cubeide_1.6.1/stm32cubeide/plugins/com.st.stm32cube.ide.mcu.externaltools.gnu-tools-for-stm32.9-2020-q2-update.win32_1.5.0.202011040924/tools/bin/../lib/gcc/arm-none-eabi/9.3.1/../../../../arm-none-eabi/lib/thumb/v7e-m+fp/hard\libstdc++_nano.a(del_op.o)
                              d:/stm32cubeide_1.6.1/stm32cubeide/plugins/com.st.stm32cube.ide.mcu.externaltools.gnu-tools-for-stm32.9-2020-q2-update.win32_1.5.0.202011040924/tools/bin/../lib/gcc/arm-none-eabi/9.3.1/../../../../arm-none-eabi/lib/thumb/v7e-m+fp/hard\libstdc++_nano.a(del_ops.o) (operator delete(void*))
d:/stm32cubeide_1.6.1/stm32cubeide/plugins/com.st.stm32cube.ide.mcu.externaltools.gnu-tools-for-stm32.9-2020-q2-update.win32_1.5.0.202011040924/tools/bin/../lib/gcc/arm-none-eabi/9.3.1/../../../../arm-none-eabi/lib/thumb/v7e-m+fp/hard\libstdc++_nano.a(eh_terminate.o)
                              d:/stm32cubeide_1.6.1/stm32cubeide/plugins/com.st.stm32cube.ide.mcu.externaltools.gnu-tools-for-stm32.9-2020-q2-update.win32_1.5.0.202011040924/tools/bin/../lib/gcc/arm-none-eabi/9.3.1/../../../../arm-none-eabi/lib/thumb/v7e-m+fp/hard\libstdc++_nano.a(pure.o) (std::terminate())
d:/stm32cubeide_1.6.1/stm32cubeide/plugins/com.st.stm32cube.ide.mcu.externaltools.gnu-tools-for-stm32.9-2020-q2-update.win32_1.5.0.202011040924/tools/bin/../lib/gcc/arm-none-eabi/9.3.1/../../../../arm-none-eabi/lib/thumb/v7e-m+fp/hard\libstdc++_nano.a(eh_unex_handler.o)
                              d:/stm32cubeide_1.6.1/stm32cubeide/plugins/com.st.stm32cube.ide.mcu.externaltools.gnu-tools-for-stm32.9-2020-q2-update.win32_1.5.0.202011040924/tools/bin/../lib/gcc/arm-none-eabi/9.3.1/../../../../arm-none-eabi/lib/thumb/v7e-m+fp/hard\libstdc++_nano.a(eh_terminate.o) (__cxxabiv1::__unexpected_handler)
d:/stm32cubeide_1.6.1/stm32cubeide/plugins/com.st.stm32cube.ide.mcu.externaltools.gnu-tools-for-stm32.9-2020-q2-update.win32_1.5.0.202011040924/tools/bin/../lib/gcc/arm-none-eabi/9.3.1/../../../../arm-none-eabi/lib/thumb/v7e-m+fp/hard\libstdc++_nano.a(eh_term_handler.o)
                              d:/stm32cubeide_1.6.1/stm32cubeide/plugins/com.st.stm32cube.ide.mcu.externaltools.gnu-tools-for-stm32.9-2020-q2-update.win32_1.5.0.202011040924/tools/bin/../lib/gcc/arm-none-eabi/9.3.1/../../../../arm-none-eabi/lib/thumb/v7e-m+fp/hard\libstdc++_nano.a(eh_terminate.o) (__cxxabiv1::__terminate_handler)
d:/stm32cubeide_1.6.1/stm32cubeide/plugins/com.st.stm32cube.ide.mcu.externaltools.gnu-tools-for-stm32.9-2020-q2-update.win32_1.5.0.202011040924/tools/bin/../lib/gcc/arm-none-eabi/9.3.1/../../../../arm-none-eabi/lib/thumb/v7e-m+fp/hard\libc_nano.a(lib_a-abort.o)
                              d:/stm32cubeide_1.6.1/stm32cubeide/plugins/com.st.stm32cube.ide.mcu.externaltools.gnu-tools-for-stm32.9-2020-q2-update.win32_1.5.0.202011040924/tools/bin/../lib/gcc/arm-none-eabi/9.3.1/../../../../arm-none-eabi/lib/thumb/v7e-m+fp/hard\libstdc++_nano.a(eh_terminate.o) (abort)
d:/stm32cubeide_1.6.1/stm32cubeide/plugins/com.st.stm32cube.ide.mcu.externaltools.gnu-tools-for-stm32.9-2020-q2-update.win32_1.5.0.202011040924/tools/bin/../lib/gcc/arm-none-eabi/9.3.1/../../../../arm-none-eabi/lib/thumb/v7e-m+fp/hard\libc_nano.a(lib_a-errno.o)
                              Core/Src/syscalls.o (__errno)
d:/stm32cubeide_1.6.1/stm32cubeide/plugins/com.st.stm32cube.ide.mcu.externaltools.gnu-tools-for-stm32.9-2020-q2-update.win32_1.5.0.202011040924/tools/bin/../lib/gcc/arm-none-eabi/9.3.1/../../../../arm-none-eabi/lib/thumb/v7e-m+fp/hard\libc_nano.a(lib_a-exit.o)
                              d:/stm32cubeide_1.6.1/stm32cubeide/plugins/com.st.stm32cube.ide.mcu.externaltools.gnu-tools-for-stm32.9-2020-q2-update.win32_1.5.0.202011040924/tools/bin/../lib/gcc/arm-none-eabi/9.3.1/../../../../arm-none-eabi/lib/thumb/v7e-m+fp/hard/crt0.o (exit)
d:/stm32cubeide_1.6.1/stm32cubeide/plugins/com.st.stm32cube.ide.mcu.externaltools.gnu-tools-for-stm32.9-2020-q2-update.win32_1.5.0.202011040924/tools/bin/../lib/gcc/arm-none-eabi/9.3.1/../../../../arm-none-eabi/lib/thumb/v7e-m+fp/hard\libc_nano.a(lib_a-impure.o)
[...]
Memory Configuration

Name             Origin             Length             Attributes
CCMRAM           0x0000000010000000 0x0000000000004000 xrw
RAM              0x0000000020000000 0x0000000000010000 xrw
FLASH            0x0000000008000000 0x0000000000080000 xr
*default*        0x0000000000000000 0xffffffffffffffff

Linker script and memory map

LOAD d:/stm32cubeide_1.6.1/stm32cubeide/plugins/com.st.stm32cube.ide.mcu.externaltools.gnu-tools-for-stm32.9-2020-q2-update.win32_1.5.0.202011040924/tools/bin/../lib/gcc/arm-none-eabi/9.3.1/thumb/v7e-m+fp/hard/crti.o
LOAD d:/stm32cubeide_1.6.1/stm32cubeide/plugins/com.st.stm32cube.ide.mcu.externaltools.gnu-tools-for-stm32.9-2020-q2-update.win32_1.5.0.202011040924/tools/bin/../lib/gcc/arm-none-eabi/9.3.1/thumb/v7e-m+fp/hard/crtbegin.o
LOAD d:/stm32cubeide_1.6.1/stm32cubeide/plugins/com.st.stm32cube.ide.mcu.externaltools.gnu-tools-for-stm32.9-2020-q2-update.win32_1.5.0.202011040924/tools/bin/../lib/gcc/arm-none-eabi/9.3.1/../../../../arm-none-eabi/lib/thumb/v7e-m+fp/hard/crt0.o
LOAD Core/Src/CButton.o
LOAD Core/Src/CControlLedByUart.o
LOAD Core/Src/CDriver.o
LOAD Core/Src/CHelper.o
LOAD Core/Src/CLed.o
LOAD Core/Src/CStateMachineLed.o
LOAD Core/Src/CUartDriver.o
LOAD Core/Src/main.o
LOAD Core/Src/stm32f3xx_hal_msp.o
LOAD Core/Src/stm32f3xx_it.o
LOAD Core/Src/syscalls.o
LOAD Core/Src/sysmem.o
LOAD Core/Src/system_stm32f3xx.o
LOAD Core/Startup/startup_stm32f303retx.o
LOAD Drivers/STM32F3xx_HAL_Driver/Src/stm32f3xx_hal.o
LOAD Drivers/STM32F3xx_HAL_Driver/Src/stm32f3xx_hal_cortex.o
LOAD Drivers/STM32F3xx_HAL_Driver/Src/stm32f3xx_hal_dma.o
LOAD Drivers/STM32F3xx_HAL_Driver/Src/stm32f3xx_hal_exti.o
LOAD Drivers/STM32F3xx_HAL_Driver/Src/stm32f3xx_hal_flash.o
LOAD Drivers/STM32F3xx_HAL_Driver/Src/stm32f3xx_hal_flash_ex.o
LOAD Drivers/STM32F3xx_HAL_Driver/Src/stm32f3xx_hal_gpio.o
LOAD Drivers/STM32F3xx_HAL_Driver/Src/stm32f3xx_hal_i2c.o
LOAD Drivers/STM32F3xx_HAL_Driver/Src/stm32f3xx_hal_i2c_ex.o
LOAD Drivers/STM32F3xx_HAL_Driver/Src/stm32f3xx_hal_pwr.o
LOAD Drivers/STM32F3xx_HAL_Driver/Src/stm32f3xx_hal_pwr_ex.o
LOAD Drivers/STM32F3xx_HAL_Driver/Src/stm32f3xx_hal_rcc.o
LOAD Drivers/STM32F3xx_HAL_Driver/Src/stm32f3xx_hal_rcc_ex.o
LOAD Drivers/STM32F3xx_HAL_Driver/Src/stm32f3xx_hal_tim.o
LOAD Drivers/STM32F3xx_HAL_Driver/Src/stm32f3xx_hal_tim_ex.o
LOAD Drivers/STM32F3xx_HAL_Driver/Src/stm32f3xx_hal_uart.o
LOAD Drivers/STM32F3xx_HAL_Driver/Src/stm32f3xx_hal_uart_ex.o
START GROUP
LOAD d:/stm32cubeide_1.6.1/stm32cubeide/plugins/com.st.stm32cube.ide.mcu.externaltools.gnu-tools-for-stm32.9-2020-q2-update.win32_1.5.0.202011040924/tools/bin/../lib/gcc/arm-none-eabi/9.3.1/../../../../arm-none-eabi/lib/thumb/v7e-m+fp/hard\libstdc++_nano.a
LOAD d:/stm32cubeide_1.6.1/stm32cubeide/plugins/com.st.stm32cube.ide.mcu.externaltools.gnu-tools-for-stm32.9-2020-q2-update.win32_1.5.0.202011040924/tools/bin/../lib/gcc/arm-none-eabi/9.3.1/../../../../arm-none-eabi/lib/thumb/v7e-m+fp/hard\libsupc++_nano.a
END GROUP
LOAD d:/stm32cubeide_1.6.1/stm32cubeide/plugins/com.st.stm32cube.ide.mcu.externaltools.gnu-tools-for-stm32.9-2020-q2-update.win32_1.5.0.202011040924/tools/bin/../lib/gcc/arm-none-eabi/9.3.1/../../../../arm-none-eabi/lib/thumb/v7e-m+fp/hard\libstdc++_nano.a
LOAD d:/stm32cubeide_1.6.1/stm32cubeide/plugins/com.st.stm32cube.ide.mcu.externaltools.gnu-tools-for-stm32.9-2020-q2-update.win32_1.5.0.202011040924/tools/bin/../lib/gcc/arm-none-eabi/9.3.1/../../../../arm-none-eabi/lib/thumb/v7e-m+fp/hard\libm.a
LOAD d:/stm32cubeide_1.6.1/stm32cubeide/plugins/com.st.stm32cube.ide.mcu.externaltools.gnu-tools-for-stm32.9-2020-q2-update.win32_1.5.0.202011040924/tools/bin/../lib/gcc/arm-none-eabi/9.3.1/../../../../arm-none-eabi/lib/thumb/v7e-m+fp/hard\libc_nano.a
START GROUP
LOAD d:/stm32cubeide_1.6.1/stm32cubeide/plugins/com.st.stm32cube.ide.mcu.externaltools.gnu-tools-for-stm32.9-2020-q2-update.win32_1.5.0.202011040924/tools/bin/../lib/gcc/arm-none-eabi/9.3.1/thumb/v7e-m+fp/hard\libgcc.a
LOAD d:/stm32cubeide_1.6.1/stm32cubeide/plugins/com.st.stm32cube.ide.mcu.externaltools.gnu-tools-for-stm32.9-2020-q2-update.win32_1.5.0.202011040924/tools/bin/../lib/gcc/arm-none-eabi/9.3.1/../../../../arm-none-eabi/lib/thumb/v7e-m+fp/hard\libc_nano.a
END GROUP
START GROUP
LOAD d:/stm32cubeide_1.6.1/stm32cubeide/plugins/com.st.stm32cube.ide.mcu.externaltools.gnu-tools-for-stm32.9-2020-q2-update.win32_1.5.0.202011040924/tools/bin/../lib/gcc/arm-none-eabi/9.3.1/thumb/v7e-m+fp/hard\libgcc.a
LOAD d:/stm32cubeide_1.6.1/stm32cubeide/plugins/com.st.stm32cube.ide.mcu.externaltools.gnu-tools-for-stm32.9-2020-q2-update.win32_1.5.0.202011040924/tools/bin/../lib/gcc/arm-none-eabi/9.3.1/../../../../arm-none-eabi/lib/thumb/v7e-m+fp/hard\libc_nano.a
LOAD d:/stm32cubeide_1.6.1/stm32cubeide/plugins/com.st.stm32cube.ide.mcu.externaltools.gnu-tools-for-stm32.9-2020-q2-update.win32_1.5.0.202011040924/tools/bin/../lib/gcc/arm-none-eabi/9.3.1/../../../../arm-none-eabi/lib/thumb/v7e-m+fp/hard\libnosys.a
END GROUP
START GROUP
LOAD d:/stm32cubeide_1.6.1/stm32cubeide/plugins/com.st.stm32cube.ide.mcu.externaltools.gnu-tools-for-stm32.9-2020-q2-update.win32_1.5.0.202011040924/tools/bin/../lib/gcc/arm-none-eabi/9.3.1/thumb/v7e-m+fp/hard\libgcc.a
LOAD d:/stm32cubeide_1.6.1/stm32cubeide/plugins/com.st.stm32cube.ide.mcu.externaltools.gnu-tools-for-stm32.9-2020-q2-update.win32_1.5.0.202011040924/tools/bin/../lib/gcc/arm-none-eabi/9.3.1/../../../../arm-none-eabi/lib/thumb/v7e-m+fp/hard\libc_nano.a
LOAD d:/stm32cubeide_1.6.1/stm32cubeide/plugins/com.st.stm32cube.ide.mcu.externaltools.gnu-tools-for-stm32.9-2020-q2-update.win32_1.5.0.202011040924/tools/bin/../lib/gcc/arm-none-eabi/9.3.1/../../../../arm-none-eabi/lib/thumb/v7e-m+fp/hard\libnosys.a
END GROUP
LOAD d:/stm32cubeide_1.6.1/stm32cubeide/plugins/com.st.stm32cube.ide.mcu.externaltools.gnu-tools-for-stm32.9-2020-q2-update.win32_1.5.0.202011040924/tools/bin/../lib/gcc/arm-none-eabi/9.3.1/thumb/v7e-m+fp/hard/crtend.o
LOAD d:/stm32cubeide_1.6.1/stm32cubeide/plugins/com.st.stm32cube.ide.mcu.externaltools.gnu-tools-for-stm32.9-2020-q2-update.win32_1.5.0.202011040924/tools/bin/../lib/gcc/arm-none-eabi/9.3.1/thumb/v7e-m+fp/hard/crtn.o
                0x0000000020010000                _estack = (ORIGIN (RAM) + LENGTH (RAM))
                0x0000000000000200                _Min_Heap_Size = 0x200
                0x0000000000000400                _Min_Stack_Size = 0x400

.isr_vector     0x0000000008000000      0x194
                0x0000000008000000                . = ALIGN (0x4)
 *(.isr_vector)
 .isr_vector    0x0000000008000000      0x194 Core/Startup/startup_stm32f303retx.o
                0x0000000008000000                g_pfnVectors
                0x0000000008000194                . = ALIGN (0x4)

.text           0x0000000008000194     0x4180
                0x0000000008000194                . = ALIGN (0x4)
 *(.text)
 .text          0x0000000008000194       0x40 d:/stm32cubeide_1.6.1/stm32cubeide/plugins/com.st.stm32cube.ide.mcu.externaltools.gnu-tools-for-stm32.9-2020-q2-update.win32_1.5.0.202011040924/tools/bin/../lib/gcc/arm-none-eabi/9.3.1/thumb/v7e-m+fp/hard/crtbegin.o
 *(.text*)
 .text._ZN5IGPIOC2Ev
                0x00000000080001d4       0x20 Core/Src/CButton.o
                0x00000000080001d4                IGPIO::IGPIO()
                0x00000000080001d4                IGPIO::IGPIO()
 .text._ZN7CButtonC2Ev
                0x00000000080001f4       0x24 Core/Src/CButton.o
                0x00000000080001f4                CButton::CButton()
                0x00000000080001f4                CButton::CButton()
 .text._ZN7CButtonD2Ev
                0x0000000008000218       0x20 Core/Src/CButton.o
                0x0000000008000218                CButton::~CButton()
                0x0000000008000218                CButton::~CButton()
 .text._ZN7CButtonD0Ev
                0x0000000008000238       0x20 Core/Src/CButton.o
                0x0000000008000238                CButton::~CButton()
 .text._ZN7CButton4initEP12GPIO_TypeDeftm
                0x0000000008000258       0x34 Core/Src/CButton.o
                0x0000000008000258                CButton::init(GPIO_TypeDef*, unsigned short, unsigned long)
 .text._ZN7CButton6updateEv
                0x000000000800028c       0xe2 Core/Src/CButton.o
                0x000000000800028c                CButton::update()
 .text._ZN7CDriverC2Ev
                0x000000000800036e       0x16 Core/Src/CDriver.o
                0x000000000800036e                CDriver::CDriver()
                0x000000000800036e                CDriver::CDriver()
 .text._ZN7CDriverD2Ev
                0x0000000008000384       0x16 Core/Src/CDriver.o
                0x0000000008000384                CDriver::~CDriver()
                0x0000000008000384                CDriver::~CDriver()
 *fill*         0x000000000800039a        0x2 
 .text._ZN7CDriver4initEv
                0x000000000800039c       0x54 Core/Src/CDriver.o
                0x000000000800039c                CDriver::init()
 .text._ZN7CDriver6updateEv
                0x00000000080003f0       0x1c Core/Src/CDriver.o
                0x00000000080003f0                CDriver::update()
 .text._Z41__static_initialization_and_destruction_0ii
                0x000000000800040c       0x74 Core/Src/CDriver.o
 .text._GLOBAL__sub_I__ZN7CDriver12driverBufferE
                0x0000000008000480       0x10 Core/Src/CDriver.o
 .text._GLOBAL__sub_D__ZN7CDriver12driverBufferE
                0x0000000008000490       0x10 Core/Src/CDriver.o
 .text._ZN11CUartDriver7getUartEv
                0x00000000080004a0       0x18 Core/Src/CHelper.o
                0x00000000080004a0                CUartDriver::getUart()
 .text._ZN7CHelper4initEv
                0x00000000080004b8       0x14 Core/Src/CHelper.o
                0x00000000080004b8                CHelper::init()
 .text.HAL_GPIO_EXTI_Callback
                0x00000000080004cc       0x38 Core/Src/CHelper.o
                0x00000000080004cc                HAL_GPIO_EXTI_Callback
 .text.HAL_UART_TxCpltCallback
                0x0000000008000504       0x20 Core/Src/CHelper.o
                0x0000000008000504                HAL_UART_TxCpltCallback
 .text.HAL_UART_RxCpltCallback
                0x0000000008000524       0x34 Core/Src/CHelper.o
                0x0000000008000524                HAL_UART_RxCpltCallback
 .text._ZN7CHelper12MX_GPIO_InitEv
                0x0000000008000558      0x11c Core/Src/CHelper.o
                0x0000000008000558                CHelper::MX_GPIO_Init()
 .text._ZN7CHelper12MX_NVIC_InitEv
                0x0000000008000674       0x28 Core/Src/CHelper.o
                0x0000000008000674                CHelper::MX_NVIC_Init()
 .text._ZN7CHelper18SystemClock_ConfigEv
                0x000000000800069c       0xda Core/Src/CHelper.o
                0x000000000800069c                CHelper::SystemClock_Config()
 .text._ZN7CHelper13Error_HandlerEv
                0x0000000008000776        0xa Core/Src/CHelper.o
                0x0000000008000776                CHelper::Error_Handler()
 .text._ZN4CLedC2Ev
                0x0000000008000780       0x24 Core/Src/CLed.o
                0x0000000008000780                CLed::CLed()
                0x0000000008000780                CLed::CLed()
 .text._ZN4CLedD2Ev
                0x00000000080007a4       0x20 Core/Src/CLed.o
                0x00000000080007a4                CLed::~CLed()
                0x00000000080007a4                CLed::~CLed()
 .text._ZN4CLedD0Ev
                0x00000000080007c4       0x20 Core/Src/CLed.o
                0x00000000080007c4                CLed::~CLed()
 .text._ZN4CLed4initEP12GPIO_TypeDeftNS_9LedStatesE
                0x00000000080007e4       0x42 Core/Src/CLed.o
                0x00000000080007e4                CLed::init(GPIO_TypeDef*, unsigned short, CLed::LedStates)
 .text._ZN4CLed6updateEv
                0x0000000008000826       0x7a Core/Src/CLed.o
                0x0000000008000826                CLed::update()
 .text._ZN4CLed9togglePinEv
                0x00000000080008a0       0x20 Core/Src/CLed.o
                0x00000000080008a0                CLed::togglePin()
 .text._ZN4CLed9turnOnLedEv
                0x00000000080008c0       0x20 Core/Src/CLed.o
                0x00000000080008c0                CLed::turnOnLed()
 .text._ZN4CLed10turnOffLedEv
                0x00000000080008e0       0x20 Core/Src/CLed.o
                0x00000000080008e0                CLed::turnOffLed()
 .text._ZN16CStateMachineLedC2Ev
                0x0000000008000900       0x20 Core/Src/CStateMachineLed.o
                0x0000000008000900                CStateMachineLed::CStateMachineLed()
                0x0000000008000900                CStateMachineLed::CStateMachineLed()
 .text._ZN16CStateMachineLedD2Ev
                0x0000000008000920       0x20 Core/Src/CStateMachineLed.o
                0x0000000008000920                CStateMachineLed::~CStateMachineLed()
                0x0000000008000920                CStateMachineLed::~CStateMachineLed()
 .text._ZN16CStateMachineLedD0Ev
                0x0000000008000940       0x20 Core/Src/CStateMachineLed.o
                0x0000000008000940                CStateMachineLed::~CStateMachineLed()
 .text._ZN16CStateMachineLed4initEP4CLedP7CButtonP11CUartDriver
                0x0000000008000960       0x2c Core/Src/CStateMachineLed.o
                0x0000000008000960                CStateMachineLed::init(CLed*, CButton*, CUartDriver*)
 .text._ZN11CUartDriverC2Ev
                0x000000000800098c       0x20 Core/Src/CUartDriver.o
                0x000000000800098c                CUartDriver::CUartDriver()
                0x000000000800098c                CUartDriver::CUartDriver()
 .text._ZN11CUartDriverD2Ev
                0x00000000080009ac       0x20 Core/Src/CUartDriver.o
                0x00000000080009ac                CUartDriver::~CUartDriver()
                0x00000000080009ac                CUartDriver::~CUartDriver()
 .text._ZN11CUartDriverD0Ev
                0x00000000080009cc       0x20 Core/Src/CUartDriver.o
                0x00000000080009cc                CUartDriver::~CUartDriver()
 .text._ZN11CUartDriver4initEv
                0x00000000080009ec       0x78 Core/Src/CUartDriver.o
                0x00000000080009ec                CUartDriver::init()
 .text._ZN11CUartDriver13irqRxCompleteEv
                0x0000000008000a64       0x4e Core/Src/CUartDriver.o
                0x0000000008000a64                CUartDriver::irqRxComplete()
 .text._ZN11CUartDriver20turnOnReceivingIfOffEv
                0x0000000008000ab2       0x40 Core/Src/CUartDriver.o
                0x0000000008000ab2                CUartDriver::turnOnReceivingIfOff()
 .text._ZN11CUartDriver9isEndLineEh
                0x0000000008000af2       0x30 Core/Src/CUartDriver.o
                0x0000000008000af2                CUartDriver::isEndLine(unsigned char)
 .text._ZN11CUartDriver21writeToReceivedBufferEv
                0x0000000008000b22       0x68 Core/Src/CUartDriver.o
                0x0000000008000b22                CUartDriver::writeToReceivedBuffer()
 .text._ZN11CUartDriver13writeToBufferEh
                0x0000000008000b8a       0x5c Core/Src/CUartDriver.o
                0x0000000008000b8a                CUartDriver::writeToBuffer(unsigned char)
 .text._ZN11CUartDriver14readFromBufferEPh
                0x0000000008000be6       0x5c Core/Src/CUartDriver.o
                0x0000000008000be6                CUartDriver::readFromBuffer(unsigned char*)
 .text._ZN11CUartDriver13Error_HandlerEv
                0x0000000008000c42        0xa Core/Src/CUartDriver.o
                0x0000000008000c42                CUartDriver::Error_Handler()
 .text.main     0x0000000008000c4c       0x20 Core/Src/main.o
                0x0000000008000c4c                main
 .text._Z41__static_initialization_and_destruction_0ii
                0x0000000008000c6c       0x44 Core/Src/main.o
 .text._GLOBAL__sub_I_m_driver
                0x0000000008000cb0       0x10 Core/Src/main.o
 .text._GLOBAL__sub_D_m_driver
                0x0000000008000cc0       0x10 Core/Src/main.o
 .text.HAL_MspInit
                0x0000000008000cd0       0x48 Core/Src/stm32f3xx_hal_msp.o
                0x0000000008000cd0                HAL_MspInit
 .text.HAL_UART_MspInit
                0x0000000008000d18       0x84 Core/Src/stm32f3xx_hal_msp.o
                0x0000000008000d18                HAL_UART_MspInit
 .text.NMI_Handler
                0x0000000008000d9c        0x6 Core/Src/stm32f3xx_it.o
                0x0000000008000d9c                NMI_Handler
 .text.HardFault_Handler
                0x0000000008000da2        0x6 Core/Src/stm32f3xx_it.o
                0x0000000008000da2                HardFault_Handler
 .text.MemManage_Handler
                0x0000000008000da8        0x6 Core/Src/stm32f3xx_it.o
                0x0000000008000da8                MemManage_Handler
 .text.BusFault_Handler
                0x0000000008000dae        0x6 Core/Src/stm32f3xx_it.o
                0x0000000008000dae                BusFault_Handler
 .text.UsageFault_Handler
                0x0000000008000db4        0x6 Core/Src/stm32f3xx_it.o
                0x0000000008000db4                UsageFault_Handler
 .text.SVC_Handler
                0x0000000008000dba        0xe Core/Src/stm32f3xx_it.o
                0x0000000008000dba                SVC_Handler
 .text.DebugMon_Handler
                0x0000000008000dc8        0xe Core/Src/stm32f3xx_it.o
                0x0000000008000dc8                DebugMon_Handler
 .text.PendSV_Handler
                0x0000000008000dd6        0xe Core/Src/stm32f3xx_it.o
                0x0000000008000dd6                PendSV_Handler
 .text.SysTick_Handler
                0x0000000008000de4        0xc Core/Src/stm32f3xx_it.o
                0x0000000008000de4                SysTick_Handler
 .text.EXTI0_IRQHandler
                0x0000000008000df0        0xe Core/Src/stm32f3xx_it.o
                0x0000000008000df0                EXTI0_IRQHandler
 *fill*         0x0000000008000dfe        0x2 
 .text.USART2_IRQHandler
                0x0000000008000e00       0x1c Core/Src/stm32f3xx_it.o
                0x0000000008000e00                USART2_IRQHandler
 .text.EXTI15_10_IRQHandler
                0x0000000008000e1c       0x10 Core/Src/stm32f3xx_it.o
                0x0000000008000e1c                EXTI15_10_IRQHandler
 .text._getpid  0x0000000008000e2c       0x10 Core/Src/syscalls.o
                0x0000000008000e2c                _getpid
 .text._kill    0x0000000008000e3c       0x20 Core/Src/syscalls.o
                0x0000000008000e3c                _kill
 .text._exit    0x0000000008000e5c       0x14 Core/Src/syscalls.o
                0x0000000008000e5c                _exit
 .text.SystemInit
                0x0000000008000e70       0x24 Core/Src/system_stm32f3xx.o
                0x0000000008000e70                SystemInit
 .text.Reset_Handler
                0x0000000008000e94       0x50 Core/Startup/startup_stm32f303retx.o
                0x0000000008000e94                Reset_Handler
 .text.Default_Handler
                0x0000000008000ee4        0x2 Core/Startup/startup_stm32f303retx.o
                0x0000000008000ee4                RTC_Alarm_IRQHandler
                0x0000000008000ee4                TIM8_TRG_COM_IRQHandler
                0x0000000008000ee4                TIM8_CC_IRQHandler
                0x0000000008000ee4                SPI4_IRQHandler
                0x0000000008000ee4                TIM1_CC_IRQHandler
                0x0000000008000ee4                USB_HP_IRQHandler
                0x0000000008000ee4                PVD_IRQHandler
                0x0000000008000ee4                TAMP_STAMP_IRQHandler
                0x0000000008000ee4                EXTI3_IRQHandler
                0x0000000008000ee4                I2C3_ER_IRQHandler
                0x0000000008000ee4                USB_HP_CAN_TX_IRQHandler
                0x0000000008000ee4                I2C2_EV_IRQHandler
                0x0000000008000ee4                FPU_IRQHandler
                0x0000000008000ee4                TIM1_UP_TIM16_IRQHandler
                0x0000000008000ee4                ADC1_2_IRQHandler
                0x0000000008000ee4                SPI1_IRQHandler
                0x0000000008000ee4                CAN_SCE_IRQHandler
                0x0000000008000ee4                TIM6_DAC_IRQHandler
                0x0000000008000ee4                TIM8_UP_IRQHandler
                0x0000000008000ee4                DMA2_Channel2_IRQHandler
                0x0000000008000ee4                DMA1_Channel4_IRQHandler
                0x0000000008000ee4                TIM20_TRG_COM_IRQHandler
                0x0000000008000ee4                USART3_IRQHandler
                0x0000000008000ee4                DMA1_Channel7_IRQHandler
                0x0000000008000ee4                UART5_IRQHandler
                0x0000000008000ee4                ADC3_IRQHandler
                0x0000000008000ee4                TIM4_IRQHandler
                0x0000000008000ee4                CAN_RX1_IRQHandler
                0x0000000008000ee4                DMA2_Channel1_IRQHandler
                0x0000000008000ee4                I2C1_EV_IRQHandler
                0x0000000008000ee4                DMA1_Channel6_IRQHandler
                0x0000000008000ee4                UART4_IRQHandler
                0x0000000008000ee4                DMA2_Channel4_IRQHandler
                0x0000000008000ee4                TIM3_IRQHandler
                0x0000000008000ee4                RCC_IRQHandler
                0x0000000008000ee4                TIM20_UP_IRQHandler
                0x0000000008000ee4                DMA1_Channel1_IRQHandler
                0x0000000008000ee4                Default_Handler
                0x0000000008000ee4                USBWakeUp_RMP_IRQHandler
                0x0000000008000ee4                TIM7_IRQHandler
                0x0000000008000ee4                I2C3_EV_IRQHandler
                0x0000000008000ee4                EXTI9_5_IRQHandler
                0x0000000008000ee4                RTC_WKUP_IRQHandler
                0x0000000008000ee4                SPI2_IRQHandler
                0x0000000008000ee4                USB_LP_CAN_RX0_IRQHandler
                0x0000000008000ee4                DMA2_Channel5_IRQHandler
                0x0000000008000ee4                DMA1_Channel5_IRQHandler
                0x0000000008000ee4                USB_LP_IRQHandler
                0x0000000008000ee4                EXTI4_IRQHandler
                0x0000000008000ee4                TIM1_TRG_COM_TIM17_IRQHandler
                0x0000000008000ee4                DMA1_Channel3_IRQHandler
                0x0000000008000ee4                ADC4_IRQHandler
                0x0000000008000ee4                WWDG_IRQHandler
                0x0000000008000ee4                TIM2_IRQHandler
                0x0000000008000ee4                COMP7_IRQHandler
                0x0000000008000ee4                COMP1_2_3_IRQHandler
                0x0000000008000ee4                EXTI1_IRQHandler
                0x0000000008000ee4                COMP4_5_6_IRQHandler
                0x0000000008000ee4                TIM20_BRK_IRQHandler
                0x0000000008000ee4                I2C2_ER_IRQHandler
                0x0000000008000ee4                DMA1_Channel2_IRQHandler
                0x0000000008000ee4                TIM8_BRK_IRQHandler
                0x0000000008000ee4                FLASH_IRQHandler
                0x0000000008000ee4                TIM20_CC_IRQHandler
                0x0000000008000ee4                USART1_IRQHandler
                0x0000000008000ee4                SPI3_IRQHandler
                0x0000000008000ee4                I2C1_ER_IRQHandler
                0x0000000008000ee4                FMC_IRQHandler
                0x0000000008000ee4                USBWakeUp_IRQHandler
                0x0000000008000ee4                DMA2_Channel3_IRQHandler
                0x0000000008000ee4                EXTI2_TSC_IRQHandler
                0x0000000008000ee4                TIM1_BRK_TIM15_IRQHandler
 *fill*         0x0000000008000ee6        0x2 
 .text.HAL_Init
                0x0000000008000ee8       0x2c Drivers/STM32F3xx_HAL_Driver/Src/stm32f3xx_hal.o
                0x0000000008000ee8                HAL_Init
 .text.HAL_InitTick
                0x0000000008000f14       0x60 Drivers/STM32F3xx_HAL_Driver/Src/stm32f3xx_hal.o
                0x0000000008000f14                HAL_InitTick
 .text.HAL_IncTick
                0x0000000008000f74       0x28 Drivers/STM32F3xx_HAL_Driver/Src/stm32f3xx_hal.o
                0x0000000008000f74                HAL_IncTick
 .text.HAL_GetTick
                0x0000000008000f9c       0x18 Drivers/STM32F3xx_HAL_Driver/Src/stm32f3xx_hal.o
                0x0000000008000f9c                HAL_GetTick
 .text.__NVIC_SetPriorityGrouping
                0x0000000008000fb4       0x48 Drivers/STM32F3xx_HAL_Driver/Src/stm32f3xx_hal_cortex.o
 .text.__NVIC_GetPriorityGrouping
                0x0000000008000ffc       0x1c Drivers/STM32F3xx_HAL_Driver/Src/stm32f3xx_hal_cortex.o
 .text.__NVIC_EnableIRQ
                0x0000000008001018       0x3c Drivers/STM32F3xx_HAL_Driver/Src/stm32f3xx_hal_cortex.o
 .text.__NVIC_SetPriority
                0x0000000008001054       0x54 Drivers/STM32F3xx_HAL_Driver/Src/stm32f3xx_hal_cortex.o
 .text.NVIC_EncodePriority
                0x00000000080010a8       0x66 Drivers/STM32F3xx_HAL_Driver/Src/stm32f3xx_hal_cortex.o
 *fill*         0x000000000800110e        0x2 
 .text.SysTick_Config
                0x0000000008001110       0x44 Drivers/STM32F3xx_HAL_Driver/Src/stm32f3xx_hal_cortex.o
 .text.HAL_NVIC_SetPriorityGrouping
                0x0000000008001154       0x16 Drivers/STM32F3xx_HAL_Driver/Src/stm32f3xx_hal_cortex.o
                0x0000000008001154                HAL_NVIC_SetPriorityGrouping
 .text.HAL_NVIC_SetPriority
                0x000000000800116a       0x38 Drivers/STM32F3xx_HAL_Driver/Src/stm32f3xx_hal_cortex.o
                0x000000000800116a                HAL_NVIC_SetPriority
 .text.HAL_NVIC_EnableIRQ
                0x00000000080011a2       0x1c Drivers/STM32F3xx_HAL_Driver/Src/stm32f3xx_hal_cortex.o
                0x00000000080011a2                HAL_NVIC_EnableIRQ
 .text.HAL_SYSTICK_Config
                0x00000000080011be       0x18 Drivers/STM32F3xx_HAL_Driver/Src/stm32f3xx_hal_cortex.o
                0x00000000080011be                HAL_SYSTICK_Config
 .text.HAL_DMA_Abort
                0x00000000080011d6       0x72 Drivers/STM32F3xx_HAL_Driver/Src/stm32f3xx_hal_dma.o
                0x00000000080011d6                HAL_DMA_Abort
 .text.HAL_DMA_Abort_IT
                0x0000000008001248       0x7c Drivers/STM32F3xx_HAL_Driver/Src/stm32f3xx_hal_dma.o
                0x0000000008001248                HAL_DMA_Abort_IT
 .text.HAL_GPIO_Init
                0x00000000080012c4      0x314 Drivers/STM32F3xx_HAL_Driver/Src/stm32f3xx_hal_gpio.o
                0x00000000080012c4                HAL_GPIO_Init
 .text.HAL_GPIO_ReadPin
                0x00000000080015d8       0x30 Drivers/STM32F3xx_HAL_Driver/Src/stm32f3xx_hal_gpio.o
                0x00000000080015d8                HAL_GPIO_ReadPin
 .text.HAL_GPIO_WritePin
                0x0000000008001608       0x30 Drivers/STM32F3xx_HAL_Driver/Src/stm32f3xx_hal_gpio.o
                0x0000000008001608                HAL_GPIO_WritePin
 .text.HAL_GPIO_TogglePin
                0x0000000008001638       0x34 Drivers/STM32F3xx_HAL_Driver/Src/stm32f3xx_hal_gpio.o
                0x0000000008001638                HAL_GPIO_TogglePin
 .text.HAL_GPIO_EXTI_IRQHandler
                0x000000000800166c       0x30 Drivers/STM32F3xx_HAL_Driver/Src/stm32f3xx_hal_gpio.o
                0x000000000800166c                HAL_GPIO_EXTI_IRQHandler
 .text.HAL_RCC_OscConfig
                0x000000000800169c      0xe2c Drivers/STM32F3xx_HAL_Driver/Src/stm32f3xx_hal_rcc.o
                0x000000000800169c                HAL_RCC_OscConfig
 .text.HAL_RCC_ClockConfig
                0x00000000080024c8      0x2f8 Drivers/STM32F3xx_HAL_Driver/Src/stm32f3xx_hal_rcc.o
                0x00000000080024c8                HAL_RCC_ClockConfig
 .text.HAL_RCC_GetSysClockFreq
                0x00000000080027c0       0xd4 Drivers/STM32F3xx_HAL_Driver/Src/stm32f3xx_hal_rcc.o
                0x00000000080027c0                HAL_RCC_GetSysClockFreq
 .text.HAL_RCC_GetHCLKFreq
                0x0000000008002894       0x18 Drivers/STM32F3xx_HAL_Driver/Src/stm32f3xx_hal_rcc.o
                0x0000000008002894                HAL_RCC_GetHCLKFreq
 .text.HAL_RCC_GetPCLK1Freq
                0x00000000080028ac       0x44 Drivers/STM32F3xx_HAL_Driver/Src/stm32f3xx_hal_rcc.o
                0x00000000080028ac                HAL_RCC_GetPCLK1Freq
 .text.HAL_RCC_GetPCLK2Freq
                0x00000000080028f0       0x44 Drivers/STM32F3xx_HAL_Driver/Src/stm32f3xx_hal_rcc.o
                0x00000000080028f0                HAL_RCC_GetPCLK2Freq
 .text.HAL_RCCEx_PeriphCLKConfig
                0x0000000008002934      0x43c Drivers/STM32F3xx_HAL_Driver/Src/stm32f3xx_hal_rcc_ex.o
                0x0000000008002934                HAL_RCCEx_PeriphCLKConfig
 .text.HAL_UART_Init
                0x0000000008002d70       0x9c Drivers/STM32F3xx_HAL_Driver/Src/stm32f3xx_hal_uart.o
                0x0000000008002d70                HAL_UART_Init
 .text.HAL_UART_Receive_IT
                0x0000000008002e0c       0x9c Drivers/STM32F3xx_HAL_Driver/Src/stm32f3xx_hal_uart.o
                0x0000000008002e0c                HAL_UART_Receive_IT
 .text.HAL_UART_IRQHandler
                0x0000000008002ea8      0x5bc Drivers/STM32F3xx_HAL_Driver/Src/stm32f3xx_hal_uart.o
                0x0000000008002ea8                HAL_UART_IRQHandler
 .text.HAL_UART_ErrorCallback
                0x0000000008003464       0x14 Drivers/STM32F3xx_HAL_Driver/Src/stm32f3xx_hal_uart.o
                0x0000000008003464                HAL_UART_ErrorCallback
 .text.HAL_UARTEx_RxEventCallback
                0x0000000008003478       0x18 Drivers/STM32F3xx_HAL_Driver/Src/stm32f3xx_hal_uart.o
                0x0000000008003478                HAL_UARTEx_RxEventCallback
 .text.UART_SetConfig
                0x0000000008003490      0x3ac Drivers/STM32F3xx_HAL_Driver/Src/stm32f3xx_hal_uart.o
                0x0000000008003490                UART_SetConfig
 .text.UART_AdvFeatureConfig
                0x000000000800383c      0x144 Drivers/STM32F3xx_HAL_Driver/Src/stm32f3xx_hal_uart.o
                0x000000000800383c                UART_AdvFeatureConfig
 .text.UART_CheckIdleState
                0x0000000008003980       0x92 Drivers/STM32F3xx_HAL_Driver/Src/stm32f3xx_hal_uart.o
                0x0000000008003980                UART_CheckIdleState
 .text.UART_WaitOnFlagUntilTimeout
                0x0000000008003a12      0x188 Drivers/STM32F3xx_HAL_Driver/Src/stm32f3xx_hal_uart.o
                0x0000000008003a12                UART_WaitOnFlagUntilTimeout
 *fill*         0x0000000008003b9a        0x2 
 .text.UART_Start_Receive_IT
                0x0000000008003b9c      0x158 Drivers/STM32F3xx_HAL_Driver/Src/stm32f3xx_hal_uart.o
                0x0000000008003b9c                UART_Start_Receive_IT
 .text.UART_EndRxTransfer
                0x0000000008003cf4       0xc6 Drivers/STM32F3xx_HAL_Driver/Src/stm32f3xx_hal_uart.o
 .text.UART_DMAAbortOnError
                0x0000000008003dba       0x2c Drivers/STM32F3xx_HAL_Driver/Src/stm32f3xx_hal_uart.o
 .text.UART_EndTransmit_IT
                0x0000000008003de6       0x54 Drivers/STM32F3xx_HAL_Driver/Src/stm32f3xx_hal_uart.o
 .text.UART_RxISR_8BIT
                0x0000000008003e3a      0x15c Drivers/STM32F3xx_HAL_Driver/Src/stm32f3xx_hal_uart.o
 .text.UART_RxISR_16BIT
                0x0000000008003f96      0x15c Drivers/STM32F3xx_HAL_Driver/Src/stm32f3xx_hal_uart.o
 .text.HAL_UARTEx_WakeupCallback
                0x00000000080040f2       0x14 Drivers/STM32F3xx_HAL_Driver/Src/stm32f3xx_hal_uart_ex.o
                0x00000000080040f2                HAL_UARTEx_WakeupCallback
 .text._ZdlPvj  0x0000000008004106        0x4 d:/stm32cubeide_1.6.1/stm32cubeide/plugins/com.st.stm32cube.ide.mcu.externaltools.gnu-tools-for-stm32.9-2020-q2-update.win32_1.5.0.202011040924/tools/bin/../lib/gcc/arm-none-eabi/9.3.1/../../../../arm-none-eabi/lib/thumb/v7e-m+fp/hard\libstdc++_nano.a(del_ops.o)
                0x0000000008004106                operator delete(void*, unsigned int)
 .text.__cxa_pure_virtual
                0x000000000800410a        0x6 d:/stm32cubeide_1.6.1/stm32cubeide/plugins/com.st.stm32cube.ide.mcu.externaltools.gnu-tools-for-stm32.9-2020-q2-update.win32_1.5.0.202011040924/tools/bin/../lib/gcc/arm-none-eabi/9.3.1/../../../../arm-none-eabi/lib/thumb/v7e-m+fp/hard\libstdc++_nano.a(pure.o)
                0x000000000800410a                __cxa_pure_virtual
 .text._ZdlPv   0x0000000008004110        0x4 d:/stm32cubeide_1.6.1/stm32cubeide/plugins/com.st.stm32cube.ide.mcu.externaltools.gnu-tools-for-stm32.9-2020-q2-update.win32_1.5.0.202011040924/tools/bin/../lib/gcc/arm-none-eabi/9.3.1/../../../../arm-none-eabi/lib/thumb/v7e-m+fp/hard\libstdc++_nano.a(del_op.o)
                0x0000000008004110                operator delete(void*)
 .text._ZN10__cxxabiv111__terminateEPFvvE
                0x0000000008004114        0x8 d:/stm32cubeide_1.6.1/stm32cubeide/plugins/com.st.stm32cube.ide.mcu.externaltools.gnu-tools-for-stm32.9-2020-q2-update.win32_1.5.0.202011040924/tools/bin/../lib/gcc/arm-none-eabi/9.3.1/../../../../arm-none-eabi/lib/thumb/v7e-m+fp/hard\libstdc++_nano.a(eh_terminate.o)
                0x0000000008004114                __cxxabiv1::__terminate(void (*)())
 .text._ZSt13get_terminatev
                0x000000000800411c       0x10 d:/stm32cubeide_1.6.1/stm32cubeide/plugins/com.st.stm32cube.ide.mcu.externaltools.gnu-tools-for-stm32.9-2020-q2-update.win32_1.5.0.202011040924/tools/bin/../lib/gcc/arm-none-eabi/9.3.1/../../../../arm-none-eabi/lib/thumb/v7e-m+fp/hard\libstdc++_nano.a(eh_terminate.o)
                0x000000000800411c                std::get_terminate()
 .text._ZSt9terminatev
                0x000000000800412c        0xa d:/stm32cubeide_1.6.1/stm32cubeide/plugins/com.st.stm32cube.ide.mcu.externaltools.gnu-tools-for-stm32.9-2020-q2-update.win32_1.5.0.202011040924/tools/bin/../lib/gcc/arm-none-eabi/9.3.1/../../../../arm-none-eabi/lib/thumb/v7e-m+fp/hard\libstdc++_nano.a(eh_terminate.o)
                0x000000000800412c                std::terminate()
 .text.abort    0x0000000008004136        0xe d:/stm32cubeide_1.6.1/stm32cubeide/plugins/com.st.stm32cube.ide.mcu.externaltools.gnu-tools-for-stm32.9-2020-q2-update.win32_1.5.0.202011040924/tools/bin/../lib/gcc/arm-none-eabi/9.3.1/../../../../arm-none-eabi/lib/thumb/v7e-m+fp/hard\libc_nano.a(lib_a-abort.o)
                0x0000000008004136                abort
 .text.__errno  0x0000000008004144        0xc d:/stm32cubeide_1.6.1/stm32cubeide/plugins/com.st.stm32cube.ide.mcu.externaltools.gnu-tools-for-stm32.9-2020-q2-update.win32_1.5.0.202011040924/tools/bin/../lib/gcc/arm-none-eabi/9.3.1/../../../../arm-none-eabi/lib/thumb/v7e-m+fp/hard\libc_nano.a(lib_a-errno.o)
                0x0000000008004144                __errno
 .text.__libc_init_array
                0x0000000008004150       0x48 d:/stm32cubeide_1.6.1/stm32cubeide/plugins/com.st.stm32cube.ide.mcu.externaltools.gnu-tools-for-stm32.9-2020-q2-update.win32_1.5.0.202011040924/tools/bin/../lib/gcc/arm-none-eabi/9.3.1/../../../../arm-none-eabi/lib/thumb/v7e-m+fp/hard\libc_nano.a(lib_a-init.o)
                0x0000000008004150                __libc_init_array
 .text.free     0x0000000008004198       0x10 d:/stm32cubeide_1.6.1/stm32cubeide/plugins/com.st.stm32cube.ide.mcu.externaltools.gnu-tools-for-stm32.9-2020-q2-update.win32_1.5.0.202011040924/tools/bin/../lib/gcc/arm-none-eabi/9.3.1/../../../../arm-none-eabi/lib/thumb/v7e-m+fp/hard\libc_nano.a(lib_a-malloc.o)
                0x0000000008004198                free
 .text.memset   0x00000000080041a8       0x10 d:/stm32cubeide_1.6.1/stm32cubeide/plugins/com.st.stm32cube.ide.mcu.externaltools.gnu-tools-for-stm32.9-2020-q2-update.win32_1.5.0.202011040924/tools/bin/../lib/gcc/arm-none-eabi/9.3.1/../../../../arm-none-eabi/lib/thumb/v7e-m+fp/hard\libc_nano.a(lib_a-memset.o)
                0x00000000080041a8                memset
 .text._free_r  0x00000000080041b8       0xa0 d:/stm32cubeide_1.6.1/stm32cubeide/plugins/com.st.stm32cube.ide.mcu.externaltools.gnu-tools-for-stm32.9-2020-q2-update.win32_1.5.0.202011040924/tools/bin/../lib/gcc/arm-none-eabi/9.3.1/../../../../arm-none-eabi/lib/thumb/v7e-m+fp/hard\libc_nano.a(lib_a-nano-freer.o)
                0x00000000080041b8                _free_r
 .text._raise_r
                0x0000000008004258       0x50 d:/stm32cubeide_1.6.1/stm32cubeide/plugins/com.st.stm32cube.ide.mcu.externaltools.gnu-tools-for-stm32.9-2020-q2-update.win32_1.5.0.202011040924/tools/bin/../lib/gcc/arm-none-eabi/9.3.1/../../../../arm-none-eabi/lib/thumb/v7e-m+fp/hard\libc_nano.a(lib_a-signal.o)
                0x0000000008004258                _raise_r
 .text.raise    0x00000000080042a8       0x10 d:/stm32cubeide_1.6.1/stm32cubeide/plugins/com.st.stm32cube.ide.mcu.externaltools.gnu-tools-for-stm32.9-2020-q2-update.win32_1.5.0.202011040924/tools/bin/../lib/gcc/arm-none-eabi/9.3.1/../../../../arm-none-eabi/lib/thumb/v7e-m+fp/hard\libc_nano.a(lib_a-signal.o)
                0x00000000080042a8                raise
 .text._kill_r  0x00000000080042b8       0x24 d:/stm32cubeide_1.6.1/stm32cubeide/plugins/com.st.stm32cube.ide.mcu.externaltools.gnu-tools-for-stm32.9-2020-q2-update.win32_1.5.0.202011040924/tools/bin/../lib/gcc/arm-none-eabi/9.3.1/../../../../arm-none-eabi/lib/thumb/v7e-m+fp/hard\libc_nano.a(lib_a-signalr.o)
                0x00000000080042b8                _kill_r
 .text._getpid_r
                0x00000000080042dc        0x4 d:/stm32cubeide_1.6.1/stm32cubeide/plugins/com.st.stm32cube.ide.mcu.externaltools.gnu-tools-for-stm32.9-2020-q2-update.win32_1.5.0.202011040924/tools/bin/../lib/gcc/arm-none-eabi/9.3.1/../../../../arm-none-eabi/lib/thumb/v7e-m+fp/hard\libc_nano.a(lib_a-signalr.o)
                0x00000000080042dc                _getpid_r
 .text.__malloc_lock
                0x00000000080042e0        0xc d:/stm32cubeide_1.6.1/stm32cubeide/plugins/com.st.stm32cube.ide.mcu.externaltools.gnu-tools-for-stm32.9-2020-q2-update.win32_1.5.0.202011040924/tools/bin/../lib/gcc/arm-none-eabi/9.3.1/../../../../arm-none-eabi/lib/thumb/v7e-m+fp/hard\libc_nano.a(lib_a-mlock.o)
                0x00000000080042e0                __malloc_lock
 .text.__malloc_unlock
                0x00000000080042ec        0xc d:/stm32cubeide_1.6.1/stm32cubeide/plugins/com.st.stm32cube.ide.mcu.externaltools.gnu-tools-for-stm32.9-2020-q2-update.win32_1.5.0.202011040924/tools/bin/../lib/gcc/arm-none-eabi/9.3.1/../../../../arm-none-eabi/lib/thumb/v7e-m+fp/hard\libc_nano.a(lib_a-mlock.o)
                0x00000000080042ec                __malloc_unlock
 .text.__retarget_lock_acquire_recursive
                0x00000000080042f8        0x2 d:/stm32cubeide_1.6.1/stm32cubeide/plugins/com.st.stm32cube.ide.mcu.externaltools.gnu-tools-for-stm32.9-2020-q2-update.win32_1.5.0.202011040924/tools/bin/../lib/gcc/arm-none-eabi/9.3.1/../../../../arm-none-eabi/lib/thumb/v7e-m+fp/hard\libc_nano.a(lib_a-lock.o)
                0x00000000080042f8                __retarget_lock_acquire_recursive
 .text.__retarget_lock_release_recursive
                0x00000000080042fa        0x2 d:/stm32cubeide_1.6.1/stm32cubeide/plugins/com.st.stm32cube.ide.mcu.externaltools.gnu-tools-for-stm32.9-2020-q2-update.win32_1.5.0.202011040924/tools/bin/../lib/gcc/arm-none-eabi/9.3.1/../../../../arm-none-eabi/lib/thumb/v7e-m+fp/hard\libc_nano.a(lib_a-lock.o)
                0x00000000080042fa                __retarget_lock_release_recursive
 *(.glue_7)
 .glue_7        0x00000000080042fc        0x0 linker stubs
 *(.glue_7t)
 .glue_7t       0x00000000080042fc        0x0 linker stubs
 *(.eh_frame)
 .eh_frame      0x00000000080042fc        0x0 d:/stm32cubeide_1.6.1/stm32cubeide/plugins/com.st.stm32cube.ide.mcu.externaltools.gnu-tools-for-stm32.9-2020-q2-update.win32_1.5.0.202011040924/tools/bin/../lib/gcc/arm-none-eabi/9.3.1/thumb/v7e-m+fp/hard/crtbegin.o
 *(.init)
 .init          0x00000000080042fc        0x4 d:/stm32cubeide_1.6.1/stm32cubeide/plugins/com.st.stm32cube.ide.mcu.externaltools.gnu-tools-for-stm32.9-2020-q2-update.win32_1.5.0.202011040924/tools/bin/../lib/gcc/arm-none-eabi/9.3.1/thumb/v7e-m+fp/hard/crti.o
                0x00000000080042fc                _init
 .init          0x0000000008004300        0x8 d:/stm32cubeide_1.6.1/stm32cubeide/plugins/com.st.stm32cube.ide.mcu.externaltools.gnu-tools-for-stm32.9-2020-q2-update.win32_1.5.0.202011040924/tools/bin/../lib/gcc/arm-none-eabi/9.3.1/thumb/v7e-m+fp/hard/crtn.o
 *(.fini)
 .fini          0x0000000008004308        0x4 d:/stm32cubeide_1.6.1/stm32cubeide/plugins/com.st.stm32cube.ide.mcu.externaltools.gnu-tools-for-stm32.9-2020-q2-update.win32_1.5.0.202011040924/tools/bin/../lib/gcc/arm-none-eabi/9.3.1/thumb/v7e-m+fp/hard/crti.o
                0x0000000008004308                _fini
 .fini          0x000000000800430c        0x8 d:/stm32cubeide_1.6.1/stm32cubeide/plugins/com.st.stm32cube.ide.mcu.externaltools.gnu-tools-for-stm32.9-2020-q2-update.win32_1.5.0.202011040924/tools/bin/../lib/gcc/arm-none-eabi/9.3.1/thumb/v7e-m+fp/hard/crtn.o
                0x0000000008004314                . = ALIGN (0x4)
                0x0000000008004314                _etext = .

.vfp11_veneer   0x0000000008004314        0x0
 .vfp11_veneer  0x0000000008004314        0x0 linker stubs

.v4_bx          0x0000000008004314        0x0
 .v4_bx         0x0000000008004314        0x0 linker stubs

.iplt           0x0000000008004314        0x0
 .iplt          0x0000000008004314        0x0 d:/stm32cubeide_1.6.1/stm32cubeide/plugins/com.st.stm32cube.ide.mcu.externaltools.gnu-tools-for-stm32.9-2020-q2-update.win32_1.5.0.202011040924/tools/bin/../lib/gcc/arm-none-eabi/9.3.1/thumb/v7e-m+fp/hard/crtbegin.o

.rodata         0x0000000008004314       0x8c
                0x0000000008004314                . = ALIGN (0x4)
 *(.rodata)
 *(.rodata*)
 .rodata._ZTV7CButton
                0x0000000008004314       0x14 Core/Src/CButton.o
                0x0000000008004314                vtable for CButton
 .rodata._ZTV5IGPIO
                0x0000000008004328        0xc Core/Src/CButton.o
                0x0000000008004328                vtable for IGPIO
 .rodata._ZTV4CLed
                0x0000000008004334       0x14 Core/Src/CLed.o
                0x0000000008004334                vtable for CLed
 .rodata._ZTV16CStateMachineLed
                0x0000000008004348       0x10 Core/Src/CStateMachineLed.o
                0x0000000008004348                vtable for CStateMachineLed
 .rodata._ZTV11CUartDriver
                0x0000000008004358       0x10 Core/Src/CUartDriver.o
                0x0000000008004358                vtable for CUartDriver
 .rodata.AHBPrescTable
                0x0000000008004368       0x10 Core/Src/system_stm32f3xx.o
                0x0000000008004368                AHBPrescTable
 .rodata.APBPrescTable
                0x0000000008004378        0x8 Core/Src/system_stm32f3xx.o
                0x0000000008004378                APBPrescTable
 .rodata.aPLLMULFactorTable
                0x0000000008004380       0x10 Drivers/STM32F3xx_HAL_Driver/Src/stm32f3xx_hal_rcc.o
                0x0000000008004380                aPLLMULFactorTable
 .rodata.aPredivFactorTable
                0x0000000008004390       0x10 Drivers/STM32F3xx_HAL_Driver/Src/stm32f3xx_hal_rcc.o
                0x0000000008004390                aPredivFactorTable
                0x00000000080043a0                . = ALIGN (0x4)

.rel.dyn        0x00000000080043a0        0x0
 .rel.iplt      0x00000000080043a0        0x0 d:/stm32cubeide_1.6.1/stm32cubeide/plugins/com.st.stm32cube.ide.mcu.externaltools.gnu-tools-for-stm32.9-2020-q2-update.win32_1.5.0.202011040924/tools/bin/../lib/gcc/arm-none-eabi/9.3.1/thumb/v7e-m+fp/hard/crtbegin.o

.ARM.extab      0x00000000080043a0        0x0
                0x00000000080043a0                . = ALIGN (0x4)
 *(.ARM.extab* .gnu.linkonce.armextab.*)
                0x00000000080043a0                . = ALIGN (0x4)

.ARM            0x00000000080043a0        0x0
                0x00000000080043a0                . = ALIGN (0x4)
                0x00000000080043a0                __exidx_start = .
 *(.ARM.exidx*)
                0x00000000080043a0                __exidx_end = .
                0x00000000080043a0                . = ALIGN (0x4)

.preinit_array  0x00000000080043a0        0x0
                0x00000000080043a0                . = ALIGN (0x4)
                0x00000000080043a0                PROVIDE (__preinit_array_start = .)
 *(.preinit_array*)
                0x00000000080043a0                PROVIDE (__preinit_array_end = .)
                0x00000000080043a0                . = ALIGN (0x4)

.init_array     0x00000000080043a0        0xc
                0x00000000080043a0                . = ALIGN (0x4)
                0x00000000080043a0                PROVIDE (__init_array_start = .)
 *(SORT_BY_NAME(.init_array.*))
 *(.init_array*)
 .init_array    0x00000000080043a0        0x4 d:/stm32cubeide_1.6.1/stm32cubeide/plugins/com.st.stm32cube.ide.mcu.externaltools.gnu-tools-for-stm32.9-2020-q2-update.win32_1.5.0.202011040924/tools/bin/../lib/gcc/arm-none-eabi/9.3.1/thumb/v7e-m+fp/hard/crtbegin.o
 .init_array    0x00000000080043a4        0x4 Core/Src/CDriver.o
 .init_array    0x00000000080043a8        0x4 Core/Src/main.o
                0x00000000080043ac                PROVIDE (__init_array_end = .)
                0x00000000080043ac                . = ALIGN (0x4)

.fini_array     0x00000000080043ac        0xc
                0x00000000080043ac                . = ALIGN (0x4)
                [!provide]                        PROVIDE (__fini_array_start = .)
 *(SORT_BY_NAME(.fini_array.*))
 *(.fini_array*)
 .fini_array    0x00000000080043ac        0x4 d:/stm32cubeide_1.6.1/stm32cubeide/plugins/com.st.stm32cube.ide.mcu.externaltools.gnu-tools-for-stm32.9-2020-q2-update.win32_1.5.0.202011040924/tools/bin/../lib/gcc/arm-none-eabi/9.3.1/thumb/v7e-m+fp/hard/crtbegin.o
 .fini_array    0x00000000080043b0        0x4 Core/Src/CDriver.o
 .fini_array    0x00000000080043b4        0x4 Core/Src/main.o
                [!provide]                        PROVIDE (__fini_array_end = .)
                0x00000000080043b8                . = ALIGN (0x4)
                0x00000000080043b8                _sidata = LOADADDR (.data)

.data           0x0000000020000000       0x74 load address 0x00000000080043b8
                0x0000000020000000                . = ALIGN (0x4)
                0x0000000020000000                _sdata = .
 *(.data)
 *(.data*)
 .data.SystemCoreClock
                0x0000000020000000        0x4 Core/Src/system_stm32f3xx.o
                0x0000000020000000                SystemCoreClock
 .data.uwTickPrio
                0x0000000020000004        0x4 Drivers/STM32F3xx_HAL_Driver/Src/stm32f3xx_hal.o
                0x0000000020000004                uwTickPrio
 .data.uwTickFreq
                0x0000000020000008        0x1 Drivers/STM32F3xx_HAL_Driver/Src/stm32f3xx_hal.o
                0x0000000020000008                uwTickFreq
 *fill*         0x0000000020000009        0x3 
 .data._ZN10__cxxabiv119__terminate_handlerE
                0x000000002000000c        0x4 d:/stm32cubeide_1.6.1/stm32cubeide/plugins/com.st.stm32cube.ide.mcu.externaltools.gnu-tools-for-stm32.9-2020-q2-update.win32_1.5.0.202011040924/tools/bin/../lib/gcc/arm-none-eabi/9.3.1/../../../../arm-none-eabi/lib/thumb/v7e-m+fp/hard\libstdc++_nano.a(eh_term_handler.o)
                0x000000002000000c                __cxxabiv1::__terminate_handler
 .data._impure_ptr
                0x0000000020000010        0x4 d:/stm32cubeide_1.6.1/stm32cubeide/plugins/com.st.stm32cube.ide.mcu.externaltools.gnu-tools-for-stm32.9-2020-q2-update.win32_1.5.0.202011040924/tools/bin/../lib/gcc/arm-none-eabi/9.3.1/../../../../arm-none-eabi/lib/thumb/v7e-m+fp/hard\libc_nano.a(lib_a-impure.o)
                0x0000000020000010                _impure_ptr
 .data.impure_data
                0x0000000020000014       0x60 d:/stm32cubeide_1.6.1/stm32cubeide/plugins/com.st.stm32cube.ide.mcu.externaltools.gnu-tools-for-stm32.9-2020-q2-update.win32_1.5.0.202011040924/tools/bin/../lib/gcc/arm-none-eabi/9.3.1/../../../../arm-none-eabi/lib/thumb/v7e-m+fp/hard\libc_nano.a(lib_a-impure.o)
 *(.RamFunc)
 *(.RamFunc*)
                0x0000000020000074                . = ALIGN (0x4)
                0x0000000020000074                _edata = .

.igot.plt       0x0000000020000074        0x0 load address 0x000000000800442c
 .igot.plt      0x0000000020000074        0x0 d:/stm32cubeide_1.6.1/stm32cubeide/plugins/com.st.stm32cube.ide.mcu.externaltools.gnu-tools-for-stm32.9-2020-q2-update.win32_1.5.0.202011040924/tools/bin/../lib/gcc/arm-none-eabi/9.3.1/thumb/v7e-m+fp/hard/crtbegin.o
                0x0000000020000074                . = ALIGN (0x4)

.bss            0x0000000020000074      0x13c load address 0x000000000800442c
                0x0000000020000074                _sbss = .
                0x0000000020000074                __bss_start__ = _sbss
 *(.bss)
 .bss           0x0000000020000074       0x1c d:/stm32cubeide_1.6.1/stm32cubeide/plugins/com.st.stm32cube.ide.mcu.externaltools.gnu-tools-for-stm32.9-2020-q2-update.win32_1.5.0.202011040924/tools/bin/../lib/gcc/arm-none-eabi/9.3.1/thumb/v7e-m+fp/hard/crtbegin.o
 *(.bss*)
 .bss._ZN7CDriver12m_uartDriverE
                0x0000000020000090       0xc0 Core/Src/CDriver.o
                0x0000000020000090                CDriver::m_uartDriver
 .bss._ZN7CDriver10m_greenLedE
                0x0000000020000150       0x18 Core/Src/CDriver.o
                0x0000000020000150                CDriver::m_greenLed
 .bss._ZN7CDriver12m_blueButtonE
                0x0000000020000168       0x1c Core/Src/CDriver.o
                0x0000000020000168                CDriver::m_blueButton
 .bss._ZN7CDriver17m_stateMachineLedE
                0x0000000020000184       0x10 Core/Src/CDriver.o
                0x0000000020000184                CDriver::m_stateMachineLed
 .bss.m_driver  0x0000000020000194        0x1 Core/Src/main.o
                0x0000000020000194                m_driver
 *fill*         0x0000000020000195        0x3 
 .bss.__malloc_free_list
                0x0000000020000198        0x4 d:/stm32cubeide_1.6.1/stm32cubeide/plugins/com.st.stm32cube.ide.mcu.externaltools.gnu-tools-for-stm32.9-2020-q2-update.win32_1.5.0.202011040924/tools/bin/../lib/gcc/arm-none-eabi/9.3.1/../../../../arm-none-eabi/lib/thumb/v7e-m+fp/hard\libc_nano.a(lib_a-nano-mallocr.o)
                0x0000000020000198                __malloc_free_list
 *(COMMON)
 COMMON         0x000000002000019c        0x4 Drivers/STM32F3xx_HAL_Driver/Src/stm32f3xx_hal.o
                0x000000002000019c                uwTick
 COMMON         0x00000000200001a0        0x4 d:/stm32cubeide_1.6.1/stm32cubeide/plugins/com.st.stm32cube.ide.mcu.externaltools.gnu-tools-for-stm32.9-2020-q2-update.win32_1.5.0.202011040924/tools/bin/../lib/gcc/arm-none-eabi/9.3.1/../../../../arm-none-eabi/lib/thumb/v7e-m+fp/hard\libc_nano.a(lib_a-reent.o)
                0x00000000200001a0                errno
 COMMON         0x00000000200001a4        0x9 d:/stm32cubeide_1.6.1/stm32cubeide/plugins/com.st.stm32cube.ide.mcu.externaltools.gnu-tools-for-stm32.9-2020-q2-update.win32_1.5.0.202011040924/tools/bin/../lib/gcc/arm-none-eabi/9.3.1/../../../../arm-none-eabi/lib/thumb/v7e-m+fp/hard\libc_nano.a(lib_a-lock.o)
                0x00000000200001a4                __lock___atexit_recursive_mutex
                0x00000000200001a5                __lock___arc4random_mutex
                0x00000000200001a6                __lock___env_recursive_mutex
                0x00000000200001a7                __lock___sinit_recursive_mutex
                0x00000000200001a8                __lock___malloc_recursive_mutex
                0x00000000200001a9                __lock___at_quick_exit_mutex
                0x00000000200001aa                __lock___dd_hash_mutex
                0x00000000200001ab                __lock___tz_mutex
                0x00000000200001ac                __lock___sfp_recursive_mutex
                0x00000000200001b0                . = ALIGN (0x4)
 *fill*         0x00000000200001ad        0x3 
                0x00000000200001b0                _ebss = .
                0x00000000200001b0                __bss_end__ = _ebss

._user_heap_stack
                0x00000000200001b0      0x600 load address 0x000000000800442c
                0x00000000200001b0                . = ALIGN (0x8)
                [!provide]                        PROVIDE (end = .)
                0x00000000200001b0                PROVIDE (_end = .)
                0x00000000200003b0                . = (. + _Min_Heap_Size)
 *fill*         0x00000000200001b0      0x200 
                0x00000000200007b0                . = (. + _Min_Stack_Size)
 *fill*         0x00000000200003b0      0x400 
                0x00000000200007b0                . = ALIGN (0x8)

/DISCARD/
 libc.a(*)
 libm.a(*)
 libgcc.a(*)

.ARM.attributes
                0x0000000000000000       0x30
 *(.ARM.attributes)
 .ARM.attributes
                0x0000000000000000       0x1e d:/stm32cubeide_1.6.1/stm32cubeide/plugins/com.st.stm32cube.ide.mcu.externaltools.gnu-tools-for-stm32.9-2020-q2-update.win32_1.5.0.202011040924/tools/bin/../lib/gcc/arm-none-eabi/9.3.1/thumb/v7e-m+fp/hard/crti.o
 .ARM.attributes
                0x000000000000001e       0x34 d:/stm32cubeide_1.6.1/stm32cubeide/plugins/com.st.stm32cube.ide.mcu.externaltools.gnu-tools-for-stm32.9-2020-q2-update.win32_1.5.0.202011040924/tools/bin/../lib/gcc/arm-none-eabi/9.3.1/thumb/v7e-m+fp/hard/crtbegin.o
 .ARM.attributes
                0x0000000000000052       0x34 Core/Src/CButton.o
 .ARM.attributes
                0x0000000000000086       0x34 Core/Src/CDriver.o
 .ARM.attributes
                0x00000000000000ba       0x34 Core/Src/CHelper.o
 .ARM.attributes
                0x00000000000000ee       0x34 Core/Src/CLed.o
 .ARM.attributes
                0x0000000000000122       0x34 Core/Src/CStateMachineLed.o
 .ARM.attributes
                0x0000000000000156       0x34 Core/Src/CUartDriver.o
 .ARM.attributes
                0x000000000000018a       0x34 Core/Src/main.o
 .ARM.attributes
                0x00000000000001be       0x34 Core/Src/stm32f3xx_hal_msp.o
 .ARM.attributes
                0x00000000000001f2       0x34 Core/Src/stm32f3xx_it.o
 .ARM.attributes
                0x0000000000000226       0x34 Core/Src/syscalls.o
 .ARM.attributes
                0x000000000000025a       0x34 Core/Src/system_stm32f3xx.o
 .ARM.attributes
                0x000000000000028e       0x21 Core/Startup/startup_stm32f303retx.o
 .ARM.attributes
                0x00000000000002af       0x34 Drivers/STM32F3xx_HAL_Driver/Src/stm32f3xx_hal.o
 .ARM.attributes
                0x00000000000002e3       0x34 Drivers/STM32F3xx_HAL_Driver/Src/stm32f3xx_hal_cortex.o
 .ARM.attributes
                0x0000000000000317       0x34 Drivers/STM32F3xx_HAL_Driver/Src/stm32f3xx_hal_dma.o
 .ARM.attributes
                0x000000000000034b       0x34 Drivers/STM32F3xx_HAL_Driver/Src/stm32f3xx_hal_gpio.o
 .ARM.attributes
                0x000000000000037f       0x34 Drivers/STM32F3xx_HAL_Driver/Src/stm32f3xx_hal_rcc.o
 .ARM.attributes
                0x00000000000003b3       0x34 Drivers/STM32F3xx_HAL_Driver/Src/stm32f3xx_hal_rcc_ex.o
 .ARM.attributes
                0x00000000000003e7       0x34 Drivers/STM32F3xx_HAL_Driver/Src/stm32f3xx_hal_uart.o
 .ARM.attributes
                0x000000000000041b       0x34 Drivers/STM32F3xx_HAL_Driver/Src/stm32f3xx_hal_uart_ex.o
 .ARM.attributes
                0x000000000000044f       0x34 d:/stm32cubeide_1.6.1/stm32cubeide/plugins/com.st.stm32cube.ide.mcu.externaltools.gnu-tools-for-stm32.9-2020-q2-update.win32_1.5.0.202011040924/tools/bin/../lib/gcc/arm-none-eabi/9.3.1/../../../../arm-none-eabi/lib/thumb/v7e-m+fp/hard\libstdc++_nano.a(del_ops.o)
 .ARM.attributes
                0x0000000000000483       0x34 d:/stm32cubeide_1.6.1/stm32cubeide/plugins/com.st.stm32cube.ide.mcu.externaltools.gnu-tools-for-stm32.9-2020-q2-update.win32_1.5.0.202011040924/tools/bin/../lib/gcc/arm-none-eabi/9.3.1/../../../../arm-none-eabi/lib/thumb/v7e-m+fp/hard\libstdc++_nano.a(pure.o)
 .ARM.attributes
                0x00000000000004b7       0x34 d:/stm32cubeide_1.6.1/stm32cubeide/plugins/com.st.stm32cube.ide.mcu.externaltools.gnu-tools-for-stm32.9-2020-q2-update.win32_1.5.0.202011040924/tools/bin/../lib/gcc/arm-none-eabi/9.3.1/../../../../arm-none-eabi/lib/thumb/v7e-m+fp/hard\libstdc++_nano.a(del_op.o)
 .ARM.attributes
                0x00000000000004eb       0x34 d:/stm32cubeide_1.6.1/stm32cubeide/plugins/com.st.stm32cube.ide.mcu.externaltools.gnu-tools-for-stm32.9-2020-q2-update.win32_1.5.0.202011040924/tools/bin/../lib/gcc/arm-none-eabi/9.3.1/../../../../arm-none-eabi/lib/thumb/v7e-m+fp/hard\libstdc++_nano.a(eh_terminate.o)
 .ARM.attributes
                0x000000000000051f       0x32 d:/stm32cubeide_1.6.1/stm32cubeide/plugins/com.st.stm32cube.ide.mcu.externaltools.gnu-tools-for-stm32.9-2020-q2-update.win32_1.5.0.202011040924/tools/bin/../lib/gcc/arm-none-eabi/9.3.1/../../../../arm-none-eabi/lib/thumb/v7e-m+fp/hard\libstdc++_nano.a(eh_term_handler.o)
 .ARM.attributes
                0x0000000000000551       0x34 d:/stm32cubeide_1.6.1/stm32cubeide/plugins/com.st.stm32cube.ide.mcu.externaltools.gnu-tools-for-stm32.9-2020-q2-update.win32_1.5.0.202011040924/tools/bin/../lib/gcc/arm-none-eabi/9.3.1/../../../../arm-none-eabi/lib/thumb/v7e-m+fp/hard\libc_nano.a(lib_a-abort.o)
 .ARM.attributes
                0x0000000000000585       0x34 d:/stm32cubeide_1.6.1/stm32cubeide/plugins/com.st.stm32cube.ide.mcu.externaltools.gnu-tools-for-stm32.9-2020-q2-update.win32_1.5.0.202011040924/tools/bin/../lib/gcc/arm-none-eabi/9.3.1/../../../../arm-none-eabi/lib/thumb/v7e-m+fp/hard\libc_nano.a(lib_a-errno.o)
 .ARM.attributes
                0x00000000000005b9       0x32 d:/stm32cubeide_1.6.1/stm32cubeide/plugins/com.st.stm32cube.ide.mcu.externaltools.gnu-tools-for-stm32.9-2020-q2-update.win32_1.5.0.202011040924/tools/bin/../lib/gcc/arm-none-eabi/9.3.1/../../../../arm-none-eabi/lib/thumb/v7e-m+fp/hard\libc_nano.a(lib_a-impure.o)
 .ARM.attributes
                0x00000000000005eb       0x34 d:/stm32cubeide_1.6.1/stm32cubeide/plugins/com.st.stm32cube.ide.mcu.externaltools.gnu-tools-for-stm32.9-2020-q2-update.win32_1.5.0.202011040924/tools/bin/../lib/gcc/arm-none-eabi/9.3.1/../../../../arm-none-eabi/lib/thumb/v7e-m+fp/hard\libc_nano.a(lib_a-init.o)
 .ARM.attributes
                0x000000000000061f       0x34 d:/stm32cubeide_1.6.1/stm32cubeide/plugins/com.st.stm32cube.ide.mcu.externaltools.gnu-tools-for-stm32.9-2020-q2-update.win32_1.5.0.202011040924/tools/bin/../lib/gcc/arm-none-eabi/9.3.1/../../../../arm-none-eabi/lib/thumb/v7e-m+fp/hard\libc_nano.a(lib_a-malloc.o)
 .ARM.attributes
                0x0000000000000653       0x34 d:/stm32cubeide_1.6.1/stm32cubeide/plugins/com.st.stm32cube.ide.mcu.externaltools.gnu-tools-for-stm32.9-2020-q2-update.win32_1.5.0.202011040924/tools/bin/../lib/gcc/arm-none-eabi/9.3.1/../../../../arm-none-eabi/lib/thumb/v7e-m+fp/hard\libc_nano.a(lib_a-memset.o)
 .ARM.attributes
                0x0000000000000687       0x34 d:/stm32cubeide_1.6.1/stm32cubeide/plugins/com.st.stm32cube.ide.mcu.externaltools.gnu-tools-for-stm32.9-2020-q2-update.win32_1.5.0.202011040924/tools/bin/../lib/gcc/arm-none-eabi/9.3.1/../../../../arm-none-eabi/lib/thumb/v7e-m+fp/hard\libc_nano.a(lib_a-nano-freer.o)
 .ARM.attributes
                0x00000000000006bb       0x34 d:/stm32cubeide_1.6.1/stm32cubeide/plugins/com.st.stm32cube.ide.mcu.externaltools.gnu-tools-for-stm32.9-2020-q2-update.win32_1.5.0.202011040924/tools/bin/../lib/gcc/arm-none-eabi/9.3.1/../../../../arm-none-eabi/lib/thumb/v7e-m+fp/hard\libc_nano.a(lib_a-nano-mallocr.o)
 .ARM.attributes
                0x00000000000006ef       0x34 d:/stm32cubeide_1.6.1/stm32cubeide/plugins/com.st.stm32cube.ide.mcu.externaltools.gnu-tools-for-stm32.9-2020-q2-update.win32_1.5.0.202011040924/tools/bin/../lib/gcc/arm-none-eabi/9.3.1/../../../../arm-none-eabi/lib/thumb/v7e-m+fp/hard\libc_nano.a(lib_a-signal.o)
 .ARM.attributes
                0x0000000000000723       0x34 d:/stm32cubeide_1.6.1/stm32cubeide/plugins/com.st.stm32cube.ide.mcu.externaltools.gnu-tools-for-stm32.9-2020-q2-update.win32_1.5.0.202011040924/tools/bin/../lib/gcc/arm-none-eabi/9.3.1/../../../../arm-none-eabi/lib/thumb/v7e-m+fp/hard\libc_nano.a(lib_a-signalr.o)
 .ARM.attributes
                0x0000000000000757       0x34 d:/stm32cubeide_1.6.1/stm32cubeide/plugins/com.st.stm32cube.ide.mcu.externaltools.gnu-tools-for-stm32.9-2020-q2-update.win32_1.5.0.202011040924/tools/bin/../lib/gcc/arm-none-eabi/9.3.1/../../../../arm-none-eabi/lib/thumb/v7e-m+fp/hard\libc_nano.a(lib_a-mlock.o)
 .ARM.attributes
                0x000000000000078b       0x34 d:/stm32cubeide_1.6.1/stm32cubeide/plugins/com.st.stm32cube.ide.mcu.externaltools.gnu-tools-for-stm32.9-2020-q2-update.win32_1.5.0.202011040924/tools/bin/../lib/gcc/arm-none-eabi/9.3.1/../../../../arm-none-eabi/lib/thumb/v7e-m+fp/hard\libc_nano.a(lib_a-reent.o)
 .ARM.attributes
                0x00000000000007bf       0x34 d:/stm32cubeide_1.6.1/stm32cubeide/plugins/com.st.stm32cube.ide.mcu.externaltools.gnu-tools-for-stm32.9-2020-q2-update.win32_1.5.0.202011040924/tools/bin/../lib/gcc/arm-none-eabi/9.3.1/../../../../arm-none-eabi/lib/thumb/v7e-m+fp/hard\libc_nano.a(lib_a-lock.o)
 .ARM.attributes
                0x00000000000007f3       0x1e d:/stm32cubeide_1.6.1/stm32cubeide/plugins/com.st.stm32cube.ide.mcu.externaltools.gnu-tools-for-stm32.9-2020-q2-update.win32_1.5.0.202011040924/tools/bin/../lib/gcc/arm-none-eabi/9.3.1/thumb/v7e-m+fp/hard/crtn.o
OUTPUT(Uart_Oraz_Przerwania.elf elf32-littlearm)
LOAD linker stubs
LOAD d:/stm32cubeide_1.6.1/stm32cubeide/plugins/com.st.stm32cube.ide.mcu.externaltools.gnu-tools-for-stm32.9-2020-q2-update.win32_1.5.0.202011040924/tools/bin/../lib/gcc/arm-none-eabi/9.3.1/../../../../arm-none-eabi/lib/thumb/v7e-m+fp/hard\libc.a
LOAD d:/stm32cubeide_1.6.1/stm32cubeide/plugins/com.st.stm32cube.ide.mcu.externaltools.gnu-tools-for-stm32.9-2020-q2-update.win32_1.5.0.202011040924/tools/bin/../lib/gcc/arm-none-eabi/9.3.1/../../../../arm-none-eabi/lib/thumb/v7e-m+fp/hard\libm.a
LOAD d:/stm32cubeide_1.6.1/stm32cubeide/plugins/com.st.stm32cube.ide.mcu.externaltools.gnu-tools-for-stm32.9-2020-q2-update.win32_1.5.0.202011040924/tools/bin/../lib/gcc/arm-none-eabi/9.3.1/thumb/v7e-m+fp/hard\libgcc.a

.debug_info     0x0000000000000000    0x10a33
 .debug_info    0x0000000000000000      0x758 Core/Src/CButton.o
 .debug_info    0x0000000000000758      0xdee Core/Src/CDriver.o
 .debug_info    0x0000000000001546     0x105d Core/Src/CHelper.o
 .debug_info    0x00000000000025a3      0x82c Core/Src/CLed.o
 .debug_info    0x0000000000002dcf      0xdc5 Core/Src/CStateMachineLed.o
 .debug_info    0x0000000000003b94      0xe21 Core/Src/CUartDriver.o
 .debug_info    0x00000000000049b5      0xbf8 Core/Src/main.o
 .debug_info    0x00000000000055ad      0xbc9 Core/Src/stm32f3xx_hal_msp.o
 .debug_info    0x0000000000006176      0x862 Core/Src/stm32f3xx_it.o
 .debug_info    0x00000000000069d8      0xfa8 Core/Src/syscalls.o
 .debug_info    0x0000000000007980      0x49a Core/Src/system_stm32f3xx.o
 .debug_info    0x0000000000007e1a       0x22 Core/Startup/startup_stm32f303retx.o
 .debug_info    0x0000000000007e3c      0x86d Drivers/STM32F3xx_HAL_Driver/Src/stm32f3xx_hal.o
 .debug_info    0x00000000000086a9      0xe74 Drivers/STM32F3xx_HAL_Driver/Src/stm32f3xx_hal_cortex.o
 .debug_info    0x000000000000951d      0x839 Drivers/STM32F3xx_HAL_Driver/Src/stm32f3xx_hal_dma.o
 .debug_info    0x0000000000009d56      0x83d Drivers/STM32F3xx_HAL_Driver/Src/stm32f3xx_hal_gpio.o
 .debug_info    0x000000000000a593     0x15c6 Drivers/STM32F3xx_HAL_Driver/Src/stm32f3xx_hal_rcc.o
 .debug_info    0x000000000000bb59      0x716 Drivers/STM32F3xx_HAL_Driver/Src/stm32f3xx_hal_rcc_ex.o
 .debug_info    0x000000000000c26f     0x3af9 Drivers/STM32F3xx_HAL_Driver/Src/stm32f3xx_hal_uart.o
 .debug_info    0x000000000000fd68      0xccb Drivers/STM32F3xx_HAL_Driver/Src/stm32f3xx_hal_uart_ex.o

.debug_abbrev   0x0000000000000000     0x2f8c
 .debug_abbrev  0x0000000000000000      0x304 Core/Src/CButton.o
 .debug_abbrev  0x0000000000000304      0x32e Core/Src/CDriver.o
 .debug_abbrev  0x0000000000000632      0x27e Core/Src/CHelper.o
 .debug_abbrev  0x00000000000008b0      0x301 Core/Src/CLed.o
 .debug_abbrev  0x0000000000000bb1      0x383 Core/Src/CStateMachineLed.o
 .debug_abbrev  0x0000000000000f34      0x2f9 Core/Src/CUartDriver.o
 .debug_abbrev  0x000000000000122d      0x287 Core/Src/main.o
 .debug_abbrev  0x00000000000014b4      0x1b5 Core/Src/stm32f3xx_hal_msp.o
 .debug_abbrev  0x0000000000001669      0x1b6 Core/Src/stm32f3xx_it.o
 .debug_abbrev  0x000000000000181f      0x286 Core/Src/syscalls.o
 .debug_abbrev  0x0000000000001aa5      0x145 Core/Src/system_stm32f3xx.o
 .debug_abbrev  0x0000000000001bea       0x12 Core/Startup/startup_stm32f303retx.o
 .debug_abbrev  0x0000000000001bfc      0x1ed Drivers/STM32F3xx_HAL_Driver/Src/stm32f3xx_hal.o
 .debug_abbrev  0x0000000000001de9      0x33c Drivers/STM32F3xx_HAL_Driver/Src/stm32f3xx_hal_cortex.o
 .debug_abbrev  0x0000000000002125      0x228 Drivers/STM32F3xx_HAL_Driver/Src/stm32f3xx_hal_dma.o
 .debug_abbrev  0x000000000000234d      0x1e8 Drivers/STM32F3xx_HAL_Driver/Src/stm32f3xx_hal_gpio.o
 .debug_abbrev  0x0000000000002535      0x2c4 Drivers/STM32F3xx_HAL_Driver/Src/stm32f3xx_hal_rcc.o
 .debug_abbrev  0x00000000000027f9      0x23e Drivers/STM32F3xx_HAL_Driver/Src/stm32f3xx_hal_rcc_ex.o
 .debug_abbrev  0x0000000000002a37      0x2b3 Drivers/STM32F3xx_HAL_Driver/Src/stm32f3xx_hal_uart.o
 .debug_abbrev  0x0000000000002cea      0x2a2 Drivers/STM32F3xx_HAL_Driver/Src/stm32f3xx_hal_uart_ex.o

.debug_aranges  0x0000000000000000      0xa80
 .debug_aranges
                0x0000000000000000       0x60 Core/Src/CButton.o
 .debug_aranges
                0x0000000000000060       0x50 Core/Src/CDriver.o
 .debug_aranges
                0x00000000000000b0       0x60 Core/Src/CHelper.o
 .debug_aranges
                0x0000000000000110       0x80 Core/Src/CLed.o
 .debug_aranges
                0x0000000000000190       0x50 Core/Src/CStateMachineLed.o
 .debug_aranges
                0x00000000000001e0       0x98 Core/Src/CUartDriver.o
 .debug_aranges
                0x0000000000000278       0x38 Core/Src/main.o
 .debug_aranges
                0x00000000000002b0       0x30 Core/Src/stm32f3xx_hal_msp.o
 .debug_aranges
                0x00000000000002e0       0x80 Core/Src/stm32f3xx_it.o
 .debug_aranges
                0x0000000000000360       0xa8 Core/Src/syscalls.o
 .debug_aranges
                0x0000000000000408       0x28 Core/Src/system_stm32f3xx.o
 .debug_aranges
                0x0000000000000430       0x28 Core/Startup/startup_stm32f303retx.o
 .debug_aranges
                0x0000000000000458       0xe0 Drivers/STM32F3xx_HAL_Driver/Src/stm32f3xx_hal.o
 .debug_aranges
                0x0000000000000538      0x118 Drivers/STM32F3xx_HAL_Driver/Src/stm32f3xx_hal_cortex.o
 .debug_aranges
                0x0000000000000650       0x88 Drivers/STM32F3xx_HAL_Driver/Src/stm32f3xx_hal_dma.o
 .debug_aranges
                0x00000000000006d8       0x58 Drivers/STM32F3xx_HAL_Driver/Src/stm32f3xx_hal_gpio.o
 .debug_aranges
                0x0000000000000730       0x88 Drivers/STM32F3xx_HAL_Driver/Src/stm32f3xx_hal_rcc.o
 .debug_aranges
                0x00000000000007b8       0x38 Drivers/STM32F3xx_HAL_Driver/Src/stm32f3xx_hal_rcc_ex.o
 .debug_aranges
                0x00000000000007f0      0x228 Drivers/STM32F3xx_HAL_Driver/Src/stm32f3xx_hal_uart.o
 .debug_aranges
                0x0000000000000a18       0x68 Drivers/STM32F3xx_HAL_Driver/Src/stm32f3xx_hal_uart_ex.o

.debug_ranges   0x0000000000000000      0x978
 .debug_ranges  0x0000000000000000       0x50 Core/Src/CButton.o
 .debug_ranges  0x0000000000000050       0x40 Core/Src/CDriver.o
 .debug_ranges  0x0000000000000090       0x50 Core/Src/CHelper.o
 .debug_ranges  0x00000000000000e0       0x70 Core/Src/CLed.o
 .debug_ranges  0x0000000000000150       0x40 Core/Src/CStateMachineLed.o
 .debug_ranges  0x0000000000000190       0x88 Core/Src/CUartDriver.o
 .debug_ranges  0x0000000000000218       0x28 Core/Src/main.o
 .debug_ranges  0x0000000000000240       0x20 Core/Src/stm32f3xx_hal_msp.o
 .debug_ranges  0x0000000000000260       0x70 Core/Src/stm32f3xx_it.o
 .debug_ranges  0x00000000000002d0       0x98 Core/Src/syscalls.o
 .debug_ranges  0x0000000000000368       0x18 Core/Src/system_stm32f3xx.o
 .debug_ranges  0x0000000000000380       0x20 Core/Startup/startup_stm32f303retx.o
 .debug_ranges  0x00000000000003a0       0xd0 Drivers/STM32F3xx_HAL_Driver/Src/stm32f3xx_hal.o
 .debug_ranges  0x0000000000000470      0x108 Drivers/STM32F3xx_HAL_Driver/Src/stm32f3xx_hal_cortex.o
 .debug_ranges  0x0000000000000578       0x78 Drivers/STM32F3xx_HAL_Driver/Src/stm32f3xx_hal_dma.o
 .debug_ranges  0x00000000000005f0       0x48 Drivers/STM32F3xx_HAL_Driver/Src/stm32f3xx_hal_gpio.o
 .debug_ranges  0x0000000000000638       0x78 Drivers/STM32F3xx_HAL_Driver/Src/stm32f3xx_hal_rcc.o
 .debug_ranges  0x00000000000006b0       0x28 Drivers/STM32F3xx_HAL_Driver/Src/stm32f3xx_hal_rcc_ex.o
 .debug_ranges  0x00000000000006d8      0x248 Drivers/STM32F3xx_HAL_Driver/Src/stm32f3xx_hal_uart.o
 .debug_ranges  0x0000000000000920       0x58 Drivers/STM32F3xx_HAL_Driver/Src/stm32f3xx_hal_uart_ex.o

.debug_macro    0x0000000000000000    0x23a62
 .debug_macro   0x0000000000000000      0x1e5 Core/Src/CButton.o
 .debug_macro   0x00000000000001e5      0xb80 Core/Src/CButton.o
 .debug_macro   0x0000000000000d65      0x151 Core/Src/CButton.o
 .debug_macro   0x0000000000000eb6       0x2e Core/Src/CButton.o
 .debug_macro   0x0000000000000ee4       0x28 Core/Src/CButton.o
 .debug_macro   0x0000000000000f0c       0x1c Core/Src/CButton.o
 .debug_macro   0x0000000000000f28       0x22 Core/Src/CButton.o
 .debug_macro   0x0000000000000f4a       0x8e Core/Src/CButton.o
 .debug_macro   0x0000000000000fd8       0x51 Core/Src/CButton.o
 .debug_macro   0x0000000000001029      0x103 Core/Src/CButton.o
 .debug_macro   0x000000000000112c       0x6a Core/Src/CButton.o
 .debug_macro   0x0000000000001196      0x1df Core/Src/CButton.o
 .debug_macro   0x0000000000001375       0x1c Core/Src/CButton.o
 .debug_macro   0x0000000000001391       0x22 Core/Src/CButton.o
 .debug_macro   0x00000000000013b3       0xdf Core/Src/CButton.o
 .debug_macro   0x0000000000001492     0x102d Core/Src/CButton.o
 .debug_macro   0x00000000000024bf      0x11f Core/Src/CButton.o
 .debug_macro   0x00000000000025de    0x1535a Core/Src/CButton.o
 .debug_macro   0x0000000000017938       0x6d Core/Src/CButton.o
 .debug_macro   0x00000000000179a5     0x3540 Core/Src/CButton.o
 .debug_macro   0x000000000001aee5      0x17b Core/Src/CButton.o
 .debug_macro   0x000000000001b060       0x55 Core/Src/CButton.o
 .debug_macro   0x000000000001b0b5      0x954 Core/Src/CButton.o
 .debug_macro   0x000000000001ba09      0x84a Core/Src/CButton.o
 .debug_macro   0x000000000001c253      0x1b6 Core/Src/CButton.o
 .debug_macro   0x000000000001c409      0x23a Core/Src/CButton.o
 .debug_macro   0x000000000001c643      0x1ea Core/Src/CButton.o
 .debug_macro   0x000000000001c82d      0x1bc Core/Src/CButton.o
 .debug_macro   0x000000000001c9e9       0x30 Core/Src/CButton.o
 .debug_macro   0x000000000001ca19       0x3c Core/Src/CButton.o
 .debug_macro   0x000000000001ca55      0x236 Core/Src/CButton.o
 .debug_macro   0x000000000001cc8b       0xc5 Core/Src/CButton.o
 .debug_macro   0x000000000001cd50      0x21d Core/Src/CButton.o
 .debug_macro   0x000000000001cf6d      0x22c Core/Src/CButton.o
 .debug_macro   0x000000000001d199       0x5b Core/Src/CButton.o
 .debug_macro   0x000000000001d1f4       0xa5 Core/Src/CButton.o
 .debug_macro   0x000000000001d299       0x81 Core/Src/CButton.o
 .debug_macro   0x000000000001d31a       0xd3 Core/Src/CButton.o
 .debug_macro   0x000000000001d3ed      0x5a5 Core/Src/CButton.o
 .debug_macro   0x000000000001d992       0x44 Core/Src/CButton.o
 .debug_macro   0x000000000001d9d6      0x347 Core/Src/CButton.o
 .debug_macro   0x000000000001dd1d       0x7c Core/Src/CButton.o
 .debug_macro   0x000000000001dd99      0x3b8 Core/Src/CDriver.o
 .debug_macro   0x000000000001e151       0x82 Core/Src/CDriver.o
 .debug_macro   0x000000000001e1d3       0x52 Core/Src/CDriver.o
 .debug_macro   0x000000000001e225       0x18 Core/Src/CDriver.o
 .debug_macro   0x000000000001e23d       0x3c Core/Src/CDriver.o
 .debug_macro   0x000000000001e279       0x34 Core/Src/CDriver.o
 .debug_macro   0x000000000001e2ad       0x16 Core/Src/CDriver.o
 .debug_macro   0x000000000001e2c3       0x43 Core/Src/CDriver.o
 .debug_macro   0x000000000001e306       0x34 Core/Src/CDriver.o
 .debug_macro   0x000000000001e33a       0x10 Core/Src/CDriver.o
 .debug_macro   0x000000000001e34a       0x58 Core/Src/CDriver.o
 .debug_macro   0x000000000001e3a2       0x71 Core/Src/CDriver.o
 .debug_macro   0x000000000001e413       0x16 Core/Src/CDriver.o
 .debug_macro   0x000000000001e429      0x12a Core/Src/CDriver.o
 .debug_macro   0x000000000001e553      0x356 Core/Src/CDriver.o
 .debug_macro   0x000000000001e8a9       0x10 Core/Src/CDriver.o
 .debug_macro   0x000000000001e8b9       0x35 Core/Src/CDriver.o
 .debug_macro   0x000000000001e8ee       0x20 Core/Src/CDriver.o
 .debug_macro   0x000000000001e90e       0x1c Core/Src/CDriver.o
 .debug_macro   0x000000000001e92a       0x10 Core/Src/CDriver.o
 .debug_macro   0x000000000001e93a       0x10 Core/Src/CDriver.o
 .debug_macro   0x000000000001e94a       0x1c Core/Src/CDriver.o
 .debug_macro   0x000000000001e966       0x52 Core/Src/CDriver.o
 .debug_macro   0x000000000001e9b8       0x22 Core/Src/CDriver.o
 .debug_macro   0x000000000001e9da       0x10 Core/Src/CDriver.o
 .debug_macro   0x000000000001e9ea       0x40 Core/Src/CDriver.o
 .debug_macro   0x000000000001ea2a       0xd5 Core/Src/CDriver.o
 .debug_macro   0x000000000001eaff       0x1c Core/Src/CDriver.o
 .debug_macro   0x000000000001eb1b       0x3d Core/Src/CDriver.o
 .debug_macro   0x000000000001eb58       0x16 Core/Src/CDriver.o
 .debug_macro   0x000000000001eb6e      0x137 Core/Src/CDriver.o
 .debug_macro   0x000000000001eca5      0x22d Core/Src/CHelper.o
 .debug_macro   0x000000000001eed2      0x1dc Core/Src/CLed.o
 .debug_macro   0x000000000001f0ae      0x392 Core/Src/CStateMachineLed.o
 .debug_macro   0x000000000001f440      0x1d2 Core/Src/CUartDriver.o
 .debug_macro   0x000000000001f612      0x3b8 Core/Src/main.o
 .debug_macro   0x000000000001f9ca      0x1d2 Core/Src/stm32f3xx_hal_msp.o
 .debug_macro   0x000000000001fb9c      0xaa8 Core/Src/stm32f3xx_hal_msp.o
 .debug_macro   0x0000000000020644     0x102d Core/Src/stm32f3xx_hal_msp.o
 .debug_macro   0x0000000000021671      0x174 Core/Src/stm32f3xx_hal_msp.o
 .debug_macro   0x00000000000217e5       0x7c Core/Src/stm32f3xx_hal_msp.o
 .debug_macro   0x0000000000021861      0x23d Core/Src/stm32f3xx_it.o
 .debug_macro   0x0000000000021a9e      0x24c Core/Src/syscalls.o
 .debug_macro   0x0000000000021cea       0x4c Core/Src/syscalls.o
 .debug_macro   0x0000000000021d36       0x94 Core/Src/syscalls.o
 .debug_macro   0x0000000000021dca       0x34 Core/Src/syscalls.o
 .debug_macro   0x0000000000021dfe       0x57 Core/Src/syscalls.o
 .debug_macro   0x0000000000021e55      0x339 Core/Src/syscalls.o
 .debug_macro   0x000000000002218e       0x43 Core/Src/syscalls.o
 .debug_macro   0x00000000000221d1       0x1c Core/Src/syscalls.o
 .debug_macro   0x00000000000221ed       0x10 Core/Src/syscalls.o
 .debug_macro   0x00000000000221fd       0x35 Core/Src/syscalls.o
 .debug_macro   0x0000000000022232       0x10 Core/Src/syscalls.o
 .debug_macro   0x0000000000022242       0x10 Core/Src/syscalls.o
 .debug_macro   0x0000000000022252       0x35 Core/Src/syscalls.o
 .debug_macro   0x0000000000022287      0x12c Core/Src/syscalls.o
 .debug_macro   0x00000000000223b3       0x16 Core/Src/syscalls.o
 .debug_macro   0x00000000000223c9       0x16 Core/Src/syscalls.o
 .debug_macro   0x00000000000223df       0x29 Core/Src/syscalls.o
 .debug_macro   0x0000000000022408       0x10 Core/Src/syscalls.o
 .debug_macro   0x0000000000022418      0x241 Core/Src/syscalls.o
 .debug_macro   0x0000000000022659       0x10 Core/Src/syscalls.o
 .debug_macro   0x0000000000022669      0x145 Core/Src/syscalls.o
 .debug_macro   0x00000000000227ae      0x189 Core/Src/syscalls.o
 .debug_macro   0x0000000000022937       0x16 Core/Src/syscalls.o
 .debug_macro   0x000000000002294d       0xce Core/Src/syscalls.o
 .debug_macro   0x0000000000022a1b      0x1c3 Core/Src/system_stm32f3xx.o
 .debug_macro   0x0000000000022bde      0x1e7 Drivers/STM32F3xx_HAL_Driver/Src/stm32f3xx_hal.o
 .debug_macro   0x0000000000022dc5      0x1c3 Drivers/STM32F3xx_HAL_Driver/Src/stm32f3xx_hal_cortex.o
 .debug_macro   0x0000000000022f88      0x1c3 Drivers/STM32F3xx_HAL_Driver/Src/stm32f3xx_hal_dma.o
 .debug_macro   0x000000000002314b      0x1ca Drivers/STM32F3xx_HAL_Driver/Src/stm32f3xx_hal_gpio.o
 .debug_macro   0x0000000000023315      0x1e7 Drivers/STM32F3xx_HAL_Driver/Src/stm32f3xx_hal_rcc.o
 .debug_macro   0x00000000000234fc      0x1c3 Drivers/STM32F3xx_HAL_Driver/Src/stm32f3xx_hal_rcc_ex.o
 .debug_macro   0x00000000000236bf      0x1e0 Drivers/STM32F3xx_HAL_Driver/Src/stm32f3xx_hal_uart.o
 .debug_macro   0x000000000002389f      0x1c3 Drivers/STM32F3xx_HAL_Driver/Src/stm32f3xx_hal_uart_ex.o

.debug_line     0x0000000000000000     0xe923
 .debug_line    0x0000000000000000      0x7f0 Core/Src/CButton.o
 .debug_line    0x00000000000007f0      0x9e3 Core/Src/CDriver.o
 .debug_line    0x00000000000011d3      0x89f Core/Src/CHelper.o
 .debug_line    0x0000000000001a72      0x826 Core/Src/CLed.o
 .debug_line    0x0000000000002298      0xa53 Core/Src/CStateMachineLed.o
 .debug_line    0x0000000000002ceb      0x8ec Core/Src/CUartDriver.o
 .debug_line    0x00000000000035d7      0x989 Core/Src/main.o
 .debug_line    0x0000000000003f60      0x704 Core/Src/stm32f3xx_hal_msp.o
 .debug_line    0x0000000000004664      0x85e Core/Src/stm32f3xx_it.o
 .debug_line    0x0000000000004ec2      0x7f3 Core/Src/syscalls.o
 .debug_line    0x00000000000056b5      0x730 Core/Src/system_stm32f3xx.o
 .debug_line    0x0000000000005de5       0x88 Core/Startup/startup_stm32f303retx.o
 .debug_line    0x0000000000005e6d      0x960 Drivers/STM32F3xx_HAL_Driver/Src/stm32f3xx_hal.o
 .debug_line    0x00000000000067cd      0xc25 Drivers/STM32F3xx_HAL_Driver/Src/stm32f3xx_hal_cortex.o
 .debug_line    0x00000000000073f2      0xc72 Drivers/STM32F3xx_HAL_Driver/Src/stm32f3xx_hal_dma.o
 .debug_line    0x0000000000008064      0xae9 Drivers/STM32F3xx_HAL_Driver/Src/stm32f3xx_hal_gpio.o
 .debug_line    0x0000000000008b4d     0x1351 Drivers/STM32F3xx_HAL_Driver/Src/stm32f3xx_hal_rcc.o
 .debug_line    0x0000000000009e9e      0xe7c Drivers/STM32F3xx_HAL_Driver/Src/stm32f3xx_hal_rcc_ex.o
 .debug_line    0x000000000000ad1a     0x30f2 Drivers/STM32F3xx_HAL_Driver/Src/stm32f3xx_hal_uart.o
 .debug_line    0x000000000000de0c      0xb17 Drivers/STM32F3xx_HAL_Driver/Src/stm32f3xx_hal_uart_ex.o

.debug_str      0x0000000000000000    0xc3159
 .debug_str     0x0000000000000000    0xba5d0 Core/Src/CButton.o
                                      0xbacd1 (size before relaxing)
 .debug_str     0x00000000000ba5d0     0x432e Core/Src/CDriver.o
                                      0xbee4b (size before relaxing)
 .debug_str     0x00000000000be8fe      0xc26 Core/Src/CHelper.o
                                      0xbb9a0 (size before relaxing)
 .debug_str     0x00000000000bf524      0x1b6 Core/Src/CLed.o
                                      0xbab24 (size before relaxing)
 .debug_str     0x00000000000bf6da      0x1ca Core/Src/CStateMachineLed.o
                                      0xbedc2 (size before relaxing)
 .debug_str     0x00000000000bf8a4      0x3a2 Core/Src/CUartDriver.o
                                      0xbb0f9 (size before relaxing)
 .debug_str     0x00000000000bfc46       0x4a Core/Src/main.o
                                      0xbedc1 (size before relaxing)
 .debug_str     0x00000000000bfc90      0x207 Core/Src/stm32f3xx_hal_msp.o
                                      0xbaed1 (size before relaxing)
 .debug_str     0x00000000000bfe97       0xf7 Core/Src/stm32f3xx_it.o
                                      0xbafe6 (size before relaxing)
 .debug_str     0x00000000000bff8e     0x188a Core/Src/syscalls.o
                                       0x8eba (size before relaxing)
 .debug_str     0x00000000000c1818       0xbd Core/Src/system_stm32f3xx.o
                                      0xba460 (size before relaxing)
 .debug_str     0x00000000000c18d5       0x36 Core/Startup/startup_stm32f303retx.o
                                         0x5e (size before relaxing)
 .debug_str     0x00000000000c190b      0x300 Drivers/STM32F3xx_HAL_Driver/Src/stm32f3xx_hal.o
                                      0xbac67 (size before relaxing)
 .debug_str     0x00000000000c1c0b      0x39e Drivers/STM32F3xx_HAL_Driver/Src/stm32f3xx_hal_cortex.o
                                      0xbad75 (size before relaxing)
 .debug_str     0x00000000000c1fa9      0x24d Drivers/STM32F3xx_HAL_Driver/Src/stm32f3xx_hal_dma.o
                                      0xba7da (size before relaxing)
 .debug_str     0x00000000000c21f6      0x195 Drivers/STM32F3xx_HAL_Driver/Src/stm32f3xx_hal_gpio.o
                                      0xba683 (size before relaxing)
 .debug_str     0x00000000000c238b      0x2fc Drivers/STM32F3xx_HAL_Driver/Src/stm32f3xx_hal_rcc.o
                                      0xba8d2 (size before relaxing)
 .debug_str     0x00000000000c2687       0xd8 Drivers/STM32F3xx_HAL_Driver/Src/stm32f3xx_hal_rcc_ex.o
                                      0xba71c (size before relaxing)
 .debug_str     0x00000000000c275f      0x853 Drivers/STM32F3xx_HAL_Driver/Src/stm32f3xx_hal_uart.o
                                      0xbb0de (size before relaxing)
 .debug_str     0x00000000000c2fb2      0x1a7 Drivers/STM32F3xx_HAL_Driver/Src/stm32f3xx_hal_uart_ex.o
                                      0xba9c8 (size before relaxing)

.comment        0x0000000000000000       0x53
 .comment       0x0000000000000000       0x53 Core/Src/CButton.o
                                         0x54 (size before relaxing)
 .comment       0x0000000000000053       0x54 Core/Src/CDriver.o
 .comment       0x0000000000000053       0x54 Core/Src/CHelper.o
 .comment       0x0000000000000053       0x54 Core/Src/CLed.o
 .comment       0x0000000000000053       0x54 Core/Src/CStateMachineLed.o
 .comment       0x0000000000000053       0x54 Core/Src/CUartDriver.o
 .comment       0x0000000000000053       0x54 Core/Src/main.o
 .comment       0x0000000000000053       0x54 Core/Src/stm32f3xx_hal_msp.o
 .comment       0x0000000000000053       0x54 Core/Src/stm32f3xx_it.o
 .comment       0x0000000000000053       0x54 Core/Src/syscalls.o
 .comment       0x0000000000000053       0x54 Core/Src/system_stm32f3xx.o
 .comment       0x0000000000000053       0x54 Drivers/STM32F3xx_HAL_Driver/Src/stm32f3xx_hal.o
 .comment       0x0000000000000053       0x54 Drivers/STM32F3xx_HAL_Driver/Src/stm32f3xx_hal_cortex.o
 .comment       0x0000000000000053       0x54 Drivers/STM32F3xx_HAL_Driver/Src/stm32f3xx_hal_dma.o
 .comment       0x0000000000000053       0x54 Drivers/STM32F3xx_HAL_Driver/Src/stm32f3xx_hal_gpio.o
 .comment       0x0000000000000053       0x54 Drivers/STM32F3xx_HAL_Driver/Src/stm32f3xx_hal_rcc.o
 .comment       0x0000000000000053       0x54 Drivers/STM32F3xx_HAL_Driver/Src/stm32f3xx_hal_rcc_ex.o
 .comment       0x0000000000000053       0x54 Drivers/STM32F3xx_HAL_Driver/Src/stm32f3xx_hal_uart.o
 .comment       0x0000000000000053       0x54 Drivers/STM32F3xx_HAL_Driver/Src/stm32f3xx_hal_uart_ex.o

.debug_frame    0x0000000000000000     0x2cd0
 .debug_frame   0x0000000000000000      0x16c Core/Src/CButton.o
 .debug_frame   0x000000000000016c      0x104 Core/Src/CDriver.o
 .debug_frame   0x0000000000000270      0x140 Core/Src/CHelper.o
 .debug_frame   0x00000000000003b0      0x200 Core/Src/CLed.o
 .debug_frame   0x00000000000005b0      0x120 Core/Src/CStateMachineLed.o
 .debug_frame   0x00000000000006d0      0x25c Core/Src/CUartDriver.o
 .debug_frame   0x000000000000092c       0x88 Core/Src/main.o
 .debug_frame   0x00000000000009b4       0x7c Core/Src/stm32f3xx_hal_msp.o
 .debug_frame   0x0000000000000a30      0x180 Core/Src/stm32f3xx_it.o
 .debug_frame   0x0000000000000bb0      0x2ac Core/Src/syscalls.o
 .debug_frame   0x0000000000000e5c       0x58 Core/Src/system_stm32f3xx.o
 .debug_frame   0x0000000000000eb4      0x334 Drivers/STM32F3xx_HAL_Driver/Src/stm32f3xx_hal.o
 .debug_frame   0x00000000000011e8      0x498 Drivers/STM32F3xx_HAL_Driver/Src/stm32f3xx_hal_cortex.o
 .debug_frame   0x0000000000001680      0x224 Drivers/STM32F3xx_HAL_Driver/Src/stm32f3xx_hal_dma.o
 .debug_frame   0x00000000000018a4      0x14c Drivers/STM32F3xx_HAL_Driver/Src/stm32f3xx_hal_gpio.o
 .debug_frame   0x00000000000019f0      0x214 Drivers/STM32F3xx_HAL_Driver/Src/stm32f3xx_hal_rcc.o
 .debug_frame   0x0000000000001c04       0xb4 Drivers/STM32F3xx_HAL_Driver/Src/stm32f3xx_hal_rcc_ex.o
 .debug_frame   0x0000000000001cb8      0x9e8 Drivers/STM32F3xx_HAL_Driver/Src/stm32f3xx_hal_uart.o
 .debug_frame   0x00000000000026a0      0x190 Drivers/STM32F3xx_HAL_Driver/Src/stm32f3xx_hal_uart_ex.o
 .debug_frame   0x0000000000002830       0x20 d:/stm32cubeide_1.6.1/stm32cubeide/plugins/com.st.stm32cube.ide.mcu.externaltools.gnu-tools-for-stm32.9-2020-q2-update.win32_1.5.0.202011040924/tools/bin/../lib/gcc/arm-none-eabi/9.3.1/../../../../arm-none-eabi/lib/thumb/v7e-m+fp/hard\libstdc++_nano.a(del_ops.o)
 .debug_frame   0x0000000000002850       0x40 d:/stm32cubeide_1.6.1/stm32cubeide/plugins/com.st.stm32cube.ide.mcu.externaltools.gnu-tools-for-stm32.9-2020-q2-update.win32_1.5.0.202011040924/tools/bin/../lib/gcc/arm-none-eabi/9.3.1/../../../../arm-none-eabi/lib/thumb/v7e-m+fp/hard\libstdc++_nano.a(pure.o)
 .debug_frame   0x0000000000002890       0x20 d:/stm32cubeide_1.6.1/stm32cubeide/plugins/com.st.stm32cube.ide.mcu.externaltools.gnu-tools-for-stm32.9-2020-q2-update.win32_1.5.0.202011040924/tools/bin/../lib/gcc/arm-none-eabi/9.3.1/../../../../arm-none-eabi/lib/thumb/v7e-m+fp/hard\libstdc++_nano.a(del_op.o)
 .debug_frame   0x00000000000028b0       0xb0 d:/stm32cubeide_1.6.1/stm32cubeide/plugins/com.st.stm32cube.ide.mcu.externaltools.gnu-tools-for-stm32.9-2020-q2-update.win32_1.5.0.202011040924/tools/bin/../lib/gcc/arm-none-eabi/9.3.1/../../../../arm-none-eabi/lib/thumb/v7e-m+fp/hard\libstdc++_nano.a(eh_terminate.o)
 .debug_frame   0x0000000000002960       0x28 d:/stm32cubeide_1.6.1/stm32cubeide/plugins/com.st.stm32cube.ide.mcu.externaltools.gnu-tools-for-stm32.9-2020-q2-update.win32_1.5.0.202011040924/tools/bin/../lib/gcc/arm-none-eabi/9.3.1/../../../../arm-none-eabi/lib/thumb/v7e-m+fp/hard\libc_nano.a(lib_a-abort.o)
 .debug_frame   0x0000000000002988       0x20 d:/stm32cubeide_1.6.1/stm32cubeide/plugins/com.st.stm32cube.ide.mcu.externaltools.gnu-tools-for-stm32.9-2020-q2-update.win32_1.5.0.202011040924/tools/bin/../lib/gcc/arm-none-eabi/9.3.1/../../../../arm-none-eabi/lib/thumb/v7e-m+fp/hard\libc_nano.a(lib_a-errno.o)
 .debug_frame   0x00000000000029a8       0x2c d:/stm32cubeide_1.6.1/stm32cubeide/plugins/com.st.stm32cube.ide.mcu.externaltools.gnu-tools-for-stm32.9-2020-q2-update.win32_1.5.0.202011040924/tools/bin/../lib/gcc/arm-none-eabi/9.3.1/../../../../arm-none-eabi/lib/thumb/v7e-m+fp/hard\libc_nano.a(lib_a-init.o)
 .debug_frame   0x00000000000029d4       0x30 d:/stm32cubeide_1.6.1/stm32cubeide/plugins/com.st.stm32cube.ide.mcu.externaltools.gnu-tools-for-stm32.9-2020-q2-update.win32_1.5.0.202011040924/tools/bin/../lib/gcc/arm-none-eabi/9.3.1/../../../../arm-none-eabi/lib/thumb/v7e-m+fp/hard\libc_nano.a(lib_a-malloc.o)
 .debug_frame   0x0000000000002a04       0x20 d:/stm32cubeide_1.6.1/stm32cubeide/plugins/com.st.stm32cube.ide.mcu.externaltools.gnu-tools-for-stm32.9-2020-q2-update.win32_1.5.0.202011040924/tools/bin/../lib/gcc/arm-none-eabi/9.3.1/../../../../arm-none-eabi/lib/thumb/v7e-m+fp/hard\libc_nano.a(lib_a-memset.o)
 .debug_frame   0x0000000000002a24       0x38 d:/stm32cubeide_1.6.1/stm32cubeide/plugins/com.st.stm32cube.ide.mcu.externaltools.gnu-tools-for-stm32.9-2020-q2-update.win32_1.5.0.202011040924/tools/bin/../lib/gcc/arm-none-eabi/9.3.1/../../../../arm-none-eabi/lib/thumb/v7e-m+fp/hard\libc_nano.a(lib_a-nano-freer.o)
 .debug_frame   0x0000000000002a5c       0x30 d:/stm32cubeide_1.6.1/stm32cubeide/plugins/com.st.stm32cube.ide.mcu.externaltools.gnu-tools-for-stm32.9-2020-q2-update.win32_1.5.0.202011040924/tools/bin/../lib/gcc/arm-none-eabi/9.3.1/../../../../arm-none-eabi/lib/thumb/v7e-m+fp/hard\libc_nano.a(lib_a-nano-mallocr.o)
 .debug_frame   0x0000000000002a8c       0xcc d:/stm32cubeide_1.6.1/stm32cubeide/plugins/com.st.stm32cube.ide.mcu.externaltools.gnu-tools-for-stm32.9-2020-q2-update.win32_1.5.0.202011040924/tools/bin/../lib/gcc/arm-none-eabi/9.3.1/../../../../arm-none-eabi/lib/thumb/v7e-m+fp/hard\libc_nano.a(lib_a-signal.o)
 .debug_frame   0x0000000000002b58       0x3c d:/stm32cubeide_1.6.1/stm32cubeide/plugins/com.st.stm32cube.ide.mcu.externaltools.gnu-tools-for-stm32.9-2020-q2-update.win32_1.5.0.202011040924/tools/bin/../lib/gcc/arm-none-eabi/9.3.1/../../../../arm-none-eabi/lib/thumb/v7e-m+fp/hard\libc_nano.a(lib_a-signalr.o)
 .debug_frame   0x0000000000002b94       0x30 d:/stm32cubeide_1.6.1/stm32cubeide/plugins/com.st.stm32cube.ide.mcu.externaltools.gnu-tools-for-stm32.9-2020-q2-update.win32_1.5.0.202011040924/tools/bin/../lib/gcc/arm-none-eabi/9.3.1/../../../../arm-none-eabi/lib/thumb/v7e-m+fp/hard\libc_nano.a(lib_a-mlock.o)
 .debug_frame   0x0000000000002bc4       0x5c d:/stm32cubeide_1.6.1/stm32cubeide/plugins/com.st.stm32cube.ide.mcu.externaltools.gnu-tools-for-stm32.9-2020-q2-update.win32_1.5.0.202011040924/tools/bin/../lib/gcc/arm-none-eabi/9.3.1/../../../../arm-none-eabi/lib/thumb/v7e-m+fp/hard\libc_nano.a(lib_a-reent.o)
 .debug_frame   0x0000000000002c20       0xb0 d:/stm32cubeide_1.6.1/stm32cubeide/plugins/com.st.stm32cube.ide.mcu.externaltools.gnu-tools-for-stm32.9-2020-q2-update.win32_1.5.0.202011040924/tools/bin/../lib/gcc/arm-none-eabi/9.3.1/../../../../arm-none-eabi/lib/thumb/v7e-m+fp/hard\libc_nano.a(lib_a-lock.o)
