CHelper.h:29:36:static UART_HandleTypeDef* CHelper::getUart()	4	static
CHelper.cpp:16:6:static void CHelper::init()	8	static
CHelper.cpp:24:17:void HAL_GPIO_EXTI_Callback(uint16_t)	16	static
CHelper.cpp:37:17:void HAL_UART_TxCpltCallback(UART_HandleTypeDef*)	16	static
CHelper.cpp:45:17:void HAL_UART_RxCpltCallback(UART_HandleTypeDef*)	16	static
CHelper.cpp:53:6:static void CHelper::MX_GPIO_Init()	48	static
CHelper.cpp:100:6:static void CHelper::MX_NVIC_Init()	8	static
CHelper.cpp:111:6:static void CHelper::MX_USART2_UART_Init()	8	static
CHelper.cpp:129:6:static void CHelper::SystemClock_Config()	160	static
CHelper.cpp:170:6:static void CHelper::Error_Handler()	4	static,ignoring_inline_asm
