CHelper.cpp:16:6:static void CHelper::init()	8	static
CHelper.cpp:24:17:void HAL_GPIO_EXTI_Callback(uint16_t)	16	static
CHelper.cpp:37:17:void HAL_UART_TxCpltCallback(UART_HandleTypeDef*)	16	static
CHelper.cpp:45:6:static void CHelper::MX_GPIO_Init()	48	static
CHelper.cpp:92:6:static void CHelper::MX_NVIC_Init()	8	static
CHelper.cpp:103:6:static void CHelper::MX_USART2_UART_Init()	8	static
CHelper.cpp:121:6:static void CHelper::SystemClock_Config()	160	static
CHelper.cpp:162:6:static void CHelper::Error_Handler()	4	static,ignoring_inline_asm
