../Core/Src/CUartDriver.cpp:12:1:CUartDriver::CUartDriver()	16	static
../Core/Src/CUartDriver.cpp:17:1:CUartDriver::~CUartDriver()	16	static
../Core/Src/CUartDriver.cpp:17:1:virtual CUartDriver::~CUartDriver()	16	static
../Core/Src/CUartDriver.cpp:21:6:void CUartDriver::init()	16	static
../Core/Src/CUartDriver.cpp:41:6:void CUartDriver::irqRxComplete()	16	static
../Core/Src/CUartDriver.cpp:50:6:void CUartDriver::turnOnReceivingIfOff()	16	static
../Core/Src/CUartDriver.cpp:58:6:void CUartDriver::isEndLine(uint8_t)	16	static
../Core/Src/CUartDriver.cpp:67:6:void CUartDriver::writeToReceivedBuffer()	24	static
../Core/Src/CUartDriver.cpp:88:6:bool CUartDriver::parsing(const char*)	16	static
../Core/Src/CUartDriver.cpp:98:6:void CUartDriver::transmit(uint8_t*, uint16_t, uint32_t)	24	static
../Core/Src/CUartDriver.cpp:103:6:void CUartDriver::receive(uint8_t*, uint16_t, uint32_t)	24	static
../Core/Src/CUartDriver.cpp:108:6:void CUartDriver::transmitIT(uint8_t*, uint16_t)	24	static
../Core/Src/CUartDriver.cpp:113:6:void CUartDriver::receiveIT(uint8_t*, uint16_t)	24	static
../Core/Src/CUartDriver.cpp:118:26:CUartDriver::BufferState CUartDriver::writeToBuffer(uint8_t)	24	static
../Core/Src/CUartDriver.cpp:134:26:CUartDriver::BufferState CUartDriver::readFromBuffer(uint8_t*)	16	static
../Core/Src/CUartDriver.cpp:146:6:void CUartDriver::Flush()	16	static
../Core/Src/CUartDriver.cpp:152:6:void CUartDriver::Error_Handler()	16	static
